Archive member included to satisfy reference by file (symbol)

C:/ST/STM32CubeIDE_1.18.1/STM32CubeIDE/plugins/com.st.stm32cube.ide.mcu.externaltools.gnu-tools-for-stm32.13.3.rel1.win32_1.0.0.202411081344/tools/bin/../lib/gcc/arm-none-eabi/13.3.1/../../../../arm-none-eabi/lib/thumb/v7e-m/nofp\libc_nano.a(libc_a-exit.o)
                              C:/ST/STM32CubeIDE_1.18.1/STM32CubeIDE/plugins/com.st.stm32cube.ide.mcu.externaltools.gnu-tools-for-stm32.13.3.rel1.win32_1.0.0.202411081344/tools/bin/../lib/gcc/arm-none-eabi/13.3.1/../../../../arm-none-eabi/lib/thumb/v7e-m/nofp/crt0.o (exit)
C:/ST/STM32CubeIDE_1.18.1/STM32CubeIDE/plugins/com.st.stm32cube.ide.mcu.externaltools.gnu-tools-for-stm32.13.3.rel1.win32_1.0.0.202411081344/tools/bin/../lib/gcc/arm-none-eabi/13.3.1/../../../../arm-none-eabi/lib/thumb/v7e-m/nofp\libc_nano.a(libc_a-findfp.o)
                              C:/ST/STM32CubeIDE_1.18.1/STM32CubeIDE/plugins/com.st.stm32cube.ide.mcu.externaltools.gnu-tools-for-stm32.13.3.rel1.win32_1.0.0.202411081344/tools/bin/../lib/gcc/arm-none-eabi/13.3.1/../../../../arm-none-eabi/lib/thumb/v7e-m/nofp\libc_nano.a(libc_a-exit.o) (__stdio_exit_handler)
C:/ST/STM32CubeIDE_1.18.1/STM32CubeIDE/plugins/com.st.stm32cube.ide.mcu.externaltools.gnu-tools-for-stm32.13.3.rel1.win32_1.0.0.202411081344/tools/bin/../lib/gcc/arm-none-eabi/13.3.1/../../../../arm-none-eabi/lib/thumb/v7e-m/nofp\libc_nano.a(libc_a-fwalk.o)
                              C:/ST/STM32CubeIDE_1.18.1/STM32CubeIDE/plugins/com.st.stm32cube.ide.mcu.externaltools.gnu-tools-for-stm32.13.3.rel1.win32_1.0.0.202411081344/tools/bin/../lib/gcc/arm-none-eabi/13.3.1/../../../../arm-none-eabi/lib/thumb/v7e-m/nofp\libc_nano.a(libc_a-findfp.o) (_fwalk_sglue)
C:/ST/STM32CubeIDE_1.18.1/STM32CubeIDE/plugins/com.st.stm32cube.ide.mcu.externaltools.gnu-tools-for-stm32.13.3.rel1.win32_1.0.0.202411081344/tools/bin/../lib/gcc/arm-none-eabi/13.3.1/../../../../arm-none-eabi/lib/thumb/v7e-m/nofp\libc_nano.a(libc_a-stdio.o)
                              C:/ST/STM32CubeIDE_1.18.1/STM32CubeIDE/plugins/com.st.stm32cube.ide.mcu.externaltools.gnu-tools-for-stm32.13.3.rel1.win32_1.0.0.202411081344/tools/bin/../lib/gcc/arm-none-eabi/13.3.1/../../../../arm-none-eabi/lib/thumb/v7e-m/nofp\libc_nano.a(libc_a-findfp.o) (__sread)
C:/ST/STM32CubeIDE_1.18.1/STM32CubeIDE/plugins/com.st.stm32cube.ide.mcu.externaltools.gnu-tools-for-stm32.13.3.rel1.win32_1.0.0.202411081344/tools/bin/../lib/gcc/arm-none-eabi/13.3.1/../../../../arm-none-eabi/lib/thumb/v7e-m/nofp\libc_nano.a(libc_a-memset.o)
                              C:/ST/STM32CubeIDE_1.18.1/STM32CubeIDE/plugins/com.st.stm32cube.ide.mcu.externaltools.gnu-tools-for-stm32.13.3.rel1.win32_1.0.0.202411081344/tools/bin/../lib/gcc/arm-none-eabi/13.3.1/../../../../arm-none-eabi/lib/thumb/v7e-m/nofp/crt0.o (memset)
C:/ST/STM32CubeIDE_1.18.1/STM32CubeIDE/plugins/com.st.stm32cube.ide.mcu.externaltools.gnu-tools-for-stm32.13.3.rel1.win32_1.0.0.202411081344/tools/bin/../lib/gcc/arm-none-eabi/13.3.1/../../../../arm-none-eabi/lib/thumb/v7e-m/nofp\libc_nano.a(libc_a-strncmp.o)
                              ./SubGHz_Phy/App/subghz_phy_app.o (strncmp)
C:/ST/STM32CubeIDE_1.18.1/STM32CubeIDE/plugins/com.st.stm32cube.ide.mcu.externaltools.gnu-tools-for-stm32.13.3.rel1.win32_1.0.0.202411081344/tools/bin/../lib/gcc/arm-none-eabi/13.3.1/../../../../arm-none-eabi/lib/thumb/v7e-m/nofp\libc_nano.a(libc_a-closer.o)
                              C:/ST/STM32CubeIDE_1.18.1/STM32CubeIDE/plugins/com.st.stm32cube.ide.mcu.externaltools.gnu-tools-for-stm32.13.3.rel1.win32_1.0.0.202411081344/tools/bin/../lib/gcc/arm-none-eabi/13.3.1/../../../../arm-none-eabi/lib/thumb/v7e-m/nofp\libc_nano.a(libc_a-stdio.o) (_close_r)
C:/ST/STM32CubeIDE_1.18.1/STM32CubeIDE/plugins/com.st.stm32cube.ide.mcu.externaltools.gnu-tools-for-stm32.13.3.rel1.win32_1.0.0.202411081344/tools/bin/../lib/gcc/arm-none-eabi/13.3.1/../../../../arm-none-eabi/lib/thumb/v7e-m/nofp\libc_nano.a(libc_a-reent.o)
                              C:/ST/STM32CubeIDE_1.18.1/STM32CubeIDE/plugins/com.st.stm32cube.ide.mcu.externaltools.gnu-tools-for-stm32.13.3.rel1.win32_1.0.0.202411081344/tools/bin/../lib/gcc/arm-none-eabi/13.3.1/../../../../arm-none-eabi/lib/thumb/v7e-m/nofp\libc_nano.a(libc_a-closer.o) (errno)
C:/ST/STM32CubeIDE_1.18.1/STM32CubeIDE/plugins/com.st.stm32cube.ide.mcu.externaltools.gnu-tools-for-stm32.13.3.rel1.win32_1.0.0.202411081344/tools/bin/../lib/gcc/arm-none-eabi/13.3.1/../../../../arm-none-eabi/lib/thumb/v7e-m/nofp\libc_nano.a(libc_a-impure.o)
                              C:/ST/STM32CubeIDE_1.18.1/STM32CubeIDE/plugins/com.st.stm32cube.ide.mcu.externaltools.gnu-tools-for-stm32.13.3.rel1.win32_1.0.0.202411081344/tools/bin/../lib/gcc/arm-none-eabi/13.3.1/../../../../arm-none-eabi/lib/thumb/v7e-m/nofp\libc_nano.a(libc_a-reent.o) (_impure_ptr)
[...]
Memory Configuration

Name             Origin             Length             Attributes
RAM              0x20000000         0x00010000         xrw
RAM2             0x10000000         0x00008000         xrw
FLASH            0x08000000         0x00040000         xr
*default*        0x00000000         0xffffffff

Linker script and memory map

LOAD C:/ST/STM32CubeIDE_1.18.1/STM32CubeIDE/plugins/com.st.stm32cube.ide.mcu.externaltools.gnu-tools-for-stm32.13.3.rel1.win32_1.0.0.202411081344/tools/bin/../lib/gcc/arm-none-eabi/13.3.1/thumb/v7e-m/nofp/crti.o
LOAD C:/ST/STM32CubeIDE_1.18.1/STM32CubeIDE/plugins/com.st.stm32cube.ide.mcu.externaltools.gnu-tools-for-stm32.13.3.rel1.win32_1.0.0.202411081344/tools/bin/../lib/gcc/arm-none-eabi/13.3.1/thumb/v7e-m/nofp/crtbegin.o
LOAD C:/ST/STM32CubeIDE_1.18.1/STM32CubeIDE/plugins/com.st.stm32cube.ide.mcu.externaltools.gnu-tools-for-stm32.13.3.rel1.win32_1.0.0.202411081344/tools/bin/../lib/gcc/arm-none-eabi/13.3.1/../../../../arm-none-eabi/lib/thumb/v7e-m/nofp/crt0.o
LOAD ./Core/Src/dma.o
LOAD ./Core/Src/gpio.o
LOAD ./Core/Src/main.o
LOAD ./Core/Src/rtc.o
LOAD ./Core/Src/stm32_lpm_if.o
LOAD ./Core/Src/stm32wlxx_hal_msp.o
LOAD ./Core/Src/stm32wlxx_it.o
LOAD ./Core/Src/subghz.o
LOAD ./Core/Src/sys_app.o
LOAD ./Core/Src/sys_debug.o
LOAD ./Core/Src/syscalls.o
LOAD ./Core/Src/sysmem.o
LOAD ./Core/Src/system_stm32wlxx.o
LOAD ./Core/Src/timer_if.o
LOAD ./Core/Src/usart.o
LOAD ./Core/Src/usart_if.o
LOAD ./Core/Startup/startup_stm32wl55jcix.o
LOAD ./Drivers/BSP/STM32WLxx_Nucleo/stm32wlxx_nucleo.o
LOAD ./Drivers/BSP/STM32WLxx_Nucleo/stm32wlxx_nucleo_radio.o
LOAD ./Drivers/STM32WLxx_HAL_Driver/Src/stm32wlxx_hal.o
LOAD ./Drivers/STM32WLxx_HAL_Driver/Src/stm32wlxx_hal_cortex.o
LOAD ./Drivers/STM32WLxx_HAL_Driver/Src/stm32wlxx_hal_dma.o
LOAD ./Drivers/STM32WLxx_HAL_Driver/Src/stm32wlxx_hal_dma_ex.o
LOAD ./Drivers/STM32WLxx_HAL_Driver/Src/stm32wlxx_hal_exti.o
LOAD ./Drivers/STM32WLxx_HAL_Driver/Src/stm32wlxx_hal_flash.o
LOAD ./Drivers/STM32WLxx_HAL_Driver/Src/stm32wlxx_hal_flash_ex.o
LOAD ./Drivers/STM32WLxx_HAL_Driver/Src/stm32wlxx_hal_gpio.o
LOAD ./Drivers/STM32WLxx_HAL_Driver/Src/stm32wlxx_hal_pwr.o
LOAD ./Drivers/STM32WLxx_HAL_Driver/Src/stm32wlxx_hal_pwr_ex.o
LOAD ./Drivers/STM32WLxx_HAL_Driver/Src/stm32wlxx_hal_rcc.o
LOAD ./Drivers/STM32WLxx_HAL_Driver/Src/stm32wlxx_hal_rcc_ex.o
LOAD ./Drivers/STM32WLxx_HAL_Driver/Src/stm32wlxx_hal_rtc.o
LOAD ./Drivers/STM32WLxx_HAL_Driver/Src/stm32wlxx_hal_rtc_ex.o
LOAD ./Drivers/STM32WLxx_HAL_Driver/Src/stm32wlxx_hal_subghz.o
LOAD ./Drivers/STM32WLxx_HAL_Driver/Src/stm32wlxx_hal_uart.o
LOAD ./Drivers/STM32WLxx_HAL_Driver/Src/stm32wlxx_hal_uart_ex.o
LOAD ./Middlewares/Third_Party/SubGHz_Phy/stm32_radio_driver/lr_fhss_mac.o
LOAD ./Middlewares/Third_Party/SubGHz_Phy/stm32_radio_driver/radio.o
LOAD ./Middlewares/Third_Party/SubGHz_Phy/stm32_radio_driver/radio_driver.o
LOAD ./Middlewares/Third_Party/SubGHz_Phy/stm32_radio_driver/radio_fw.o
LOAD ./Middlewares/Third_Party/SubGHz_Phy/stm32_radio_driver/wl_lr_fhss.o
LOAD ./SubGHz_Phy/App/app_subghz_phy.o
LOAD ./SubGHz_Phy/App/subghz_phy_app.o
LOAD ./SubGHz_Phy/Target/radio_board_if.o
LOAD ./Utilities/lpm/tiny_lpm/stm32_lpm.o
LOAD ./Utilities/misc/stm32_mem.o
LOAD ./Utilities/misc/stm32_systime.o
LOAD ./Utilities/misc/stm32_tiny_sscanf.o
LOAD ./Utilities/misc/stm32_tiny_vsnprintf.o
LOAD ./Utilities/sequencer/stm32_seq.o
LOAD ./Utilities/timer/stm32_timer.o
LOAD ./Utilities/trace/adv_trace/stm32_adv_trace.o
START GROUP
LOAD C:/ST/STM32CubeIDE_1.18.1/STM32CubeIDE/plugins/com.st.stm32cube.ide.mcu.externaltools.gnu-tools-for-stm32.13.3.rel1.win32_1.0.0.202411081344/tools/bin/../lib/gcc/arm-none-eabi/13.3.1/../../../../arm-none-eabi/lib/thumb/v7e-m/nofp\libc_nano.a
LOAD C:/ST/STM32CubeIDE_1.18.1/STM32CubeIDE/plugins/com.st.stm32cube.ide.mcu.externaltools.gnu-tools-for-stm32.13.3.rel1.win32_1.0.0.202411081344/tools/bin/../lib/gcc/arm-none-eabi/13.3.1/../../../../arm-none-eabi/lib/thumb/v7e-m/nofp\libm.a
END GROUP
START GROUP
LOAD C:/ST/STM32CubeIDE_1.18.1/STM32CubeIDE/plugins/com.st.stm32cube.ide.mcu.externaltools.gnu-tools-for-stm32.13.3.rel1.win32_1.0.0.202411081344/tools/bin/../lib/gcc/arm-none-eabi/13.3.1/thumb/v7e-m/nofp\libgcc.a
LOAD C:/ST/STM32CubeIDE_1.18.1/STM32CubeIDE/plugins/com.st.stm32cube.ide.mcu.externaltools.gnu-tools-for-stm32.13.3.rel1.win32_1.0.0.202411081344/tools/bin/../lib/gcc/arm-none-eabi/13.3.1/../../../../arm-none-eabi/lib/thumb/v7e-m/nofp\libc_nano.a
END GROUP
START GROUP
LOAD C:/ST/STM32CubeIDE_1.18.1/STM32CubeIDE/plugins/com.st.stm32cube.ide.mcu.externaltools.gnu-tools-for-stm32.13.3.rel1.win32_1.0.0.202411081344/tools/bin/../lib/gcc/arm-none-eabi/13.3.1/thumb/v7e-m/nofp\libgcc.a
LOAD C:/ST/STM32CubeIDE_1.18.1/STM32CubeIDE/plugins/com.st.stm32cube.ide.mcu.externaltools.gnu-tools-for-stm32.13.3.rel1.win32_1.0.0.202411081344/tools/bin/../lib/gcc/arm-none-eabi/13.3.1/../../../../arm-none-eabi/lib/thumb/v7e-m/nofp\libc_nano.a
LOAD C:/ST/STM32CubeIDE_1.18.1/STM32CubeIDE/plugins/com.st.stm32cube.ide.mcu.externaltools.gnu-tools-for-stm32.13.3.rel1.win32_1.0.0.202411081344/tools/bin/../lib/gcc/arm-none-eabi/13.3.1/../../../../arm-none-eabi/lib/thumb/v7e-m/nofp\libnosys.a
END GROUP
START GROUP
LOAD C:/ST/STM32CubeIDE_1.18.1/STM32CubeIDE/plugins/com.st.stm32cube.ide.mcu.externaltools.gnu-tools-for-stm32.13.3.rel1.win32_1.0.0.202411081344/tools/bin/../lib/gcc/arm-none-eabi/13.3.1/thumb/v7e-m/nofp\libgcc.a
LOAD C:/ST/STM32CubeIDE_1.18.1/STM32CubeIDE/plugins/com.st.stm32cube.ide.mcu.externaltools.gnu-tools-for-stm32.13.3.rel1.win32_1.0.0.202411081344/tools/bin/../lib/gcc/arm-none-eabi/13.3.1/../../../../arm-none-eabi/lib/thumb/v7e-m/nofp\libc_nano.a
LOAD C:/ST/STM32CubeIDE_1.18.1/STM32CubeIDE/plugins/com.st.stm32cube.ide.mcu.externaltools.gnu-tools-for-stm32.13.3.rel1.win32_1.0.0.202411081344/tools/bin/../lib/gcc/arm-none-eabi/13.3.1/../../../../arm-none-eabi/lib/thumb/v7e-m/nofp\libnosys.a
END GROUP
LOAD C:/ST/STM32CubeIDE_1.18.1/STM32CubeIDE/plugins/com.st.stm32cube.ide.mcu.externaltools.gnu-tools-for-stm32.13.3.rel1.win32_1.0.0.202411081344/tools/bin/../lib/gcc/arm-none-eabi/13.3.1/thumb/v7e-m/nofp/crtend.o
LOAD C:/ST/STM32CubeIDE_1.18.1/STM32CubeIDE/plugins/com.st.stm32cube.ide.mcu.externaltools.gnu-tools-for-stm32.13.3.rel1.win32_1.0.0.202411081344/tools/bin/../lib/gcc/arm-none-eabi/13.3.1/thumb/v7e-m/nofp/crtn.o
                0x20010000                        _estack = (ORIGIN (RAM) + LENGTH (RAM))
                0x00000200                        _Min_Heap_Size = 0x200
                0x00000800                        _Min_Stack_Size = 0x800

.isr_vector     0x08000000      0x138
                0x08000000                        . = ALIGN (0x4)
 *(.isr_vector)
 .isr_vector    0x08000000      0x138 ./Core/Startup/startup_stm32wl55jcix.o
                0x08000000                g_pfnVectors
                0x08000138                        . = ALIGN (0x4)

.text           0x08000138     0xc1f8
                0x08000138                        . = ALIGN (0x4)
 *(.text)
 .text          0x08000138       0x40 C:/ST/STM32CubeIDE_1.18.1/STM32CubeIDE/plugins/com.st.stm32cube.ide.mcu.externaltools.gnu-tools-for-stm32.13.3.rel1.win32_1.0.0.202411081344/tools/bin/../lib/gcc/arm-none-eabi/13.3.1/thumb/v7e-m/nofp/crtbegin.o
 .text          0x08000178       0x10 C:/ST/STM32CubeIDE_1.18.1/STM32CubeIDE/plugins/com.st.stm32cube.ide.mcu.externaltools.gnu-tools-for-stm32.13.3.rel1.win32_1.0.0.202411081344/tools/bin/../lib/gcc/arm-none-eabi/13.3.1/../../../../arm-none-eabi/lib/thumb/v7e-m/nofp\libc_nano.a(libc_a-strlen.o)
                0x08000178                strlen
 .text          0x08000188       0x30 C:/ST/STM32CubeIDE_1.18.1/STM32CubeIDE/plugins/com.st.stm32cube.ide.mcu.externaltools.gnu-tools-for-stm32.13.3.rel1.win32_1.0.0.202411081344/tools/bin/../lib/gcc/arm-none-eabi/13.3.1/thumb/v7e-m/nofp\libgcc.a(_aeabi_uldivmod.o)
                0x08000188                __aeabi_uldivmod
 .text          0x080001b8      0x2f8 C:/ST/STM32CubeIDE_1.18.1/STM32CubeIDE/plugins/com.st.stm32cube.ide.mcu.externaltools.gnu-tools-for-stm32.13.3.rel1.win32_1.0.0.202411081344/tools/bin/../lib/gcc/arm-none-eabi/13.3.1/thumb/v7e-m/nofp\libgcc.a(_udivmoddi4.o)
                0x080001b8                __udivmoddi4
 .text          0x080004b0        0x4 C:/ST/STM32CubeIDE_1.18.1/STM32CubeIDE/plugins/com.st.stm32cube.ide.mcu.externaltools.gnu-tools-for-stm32.13.3.rel1.win32_1.0.0.202411081344/tools/bin/../lib/gcc/arm-none-eabi/13.3.1/thumb/v7e-m/nofp\libgcc.a(_dvmd_tls.o)
                0x080004b0                __aeabi_idiv0
                0x080004b0                __aeabi_ldiv0
 *(.text*)
 .text.LL_AHB1_GRP1_EnableClock
                0x080004b4       0x30 ./Core/Src/dma.o
 .text.MX_DMA_Init
                0x080004e4       0x24 ./Core/Src/dma.o
                0x080004e4                MX_DMA_Init
 .text.LL_AHB2_GRP1_EnableClock
                0x08000508       0x30 ./Core/Src/gpio.o
 .text.MX_GPIO_Init
                0x08000538       0xac ./Core/Src/gpio.o
                0x08000538                MX_GPIO_Init
 .text.LL_RCC_LSE_SetDriveCapability
                0x080005e4       0x2a ./Core/Src/main.o
 .text.main     0x0800060e       0x1a ./Core/Src/main.o
                0x0800060e                main
 .text.SystemClock_Config
                0x08000628       0xb0 ./Core/Src/main.o
                0x08000628                SystemClock_Config
 .text.Error_Handler
                0x080006d8        0xc ./Core/Src/main.o
                0x080006d8                Error_Handler
 .text.LL_RCC_EnableRTC
                0x080006e4       0x20 ./Core/Src/rtc.o
 .text.LL_APB1_GRP1_EnableClock
                0x08000704       0x30 ./Core/Src/rtc.o
 .text.MX_RTC_Init
                0x08000734       0xa4 ./Core/Src/rtc.o
                0x08000734                MX_RTC_Init
 .text.HAL_RTC_MspInit
                0x080007d8       0x78 ./Core/Src/rtc.o
                0x080007d8                HAL_RTC_MspInit
 .text.LL_PWR_ClearFlag_C1STOP_C1STB
                0x08000850       0x18 ./Core/Src/stm32_lpm_if.o
 .text.PWR_EnterOffMode
                0x08000868        0xc ./Core/Src/stm32_lpm_if.o
                0x08000868                PWR_EnterOffMode
 .text.PWR_ExitOffMode
                0x08000874        0xc ./Core/Src/stm32_lpm_if.o
                0x08000874                PWR_ExitOffMode
 .text.PWR_EnterStopMode
                0x08000880       0x16 ./Core/Src/stm32_lpm_if.o
                0x08000880                PWR_EnterStopMode
 .text.PWR_ExitStopMode
                0x08000896       0x10 ./Core/Src/stm32_lpm_if.o
                0x08000896                PWR_ExitStopMode
 .text.PWR_EnterSleepMode
                0x080008a6       0x14 ./Core/Src/stm32_lpm_if.o
                0x080008a6                PWR_EnterSleepMode
 .text.PWR_ExitSleepMode
                0x080008ba        0xc ./Core/Src/stm32_lpm_if.o
                0x080008ba                PWR_ExitSleepMode
 .text.HAL_MspInit
                0x080008c6       0x18 ./Core/Src/stm32wlxx_hal_msp.o
                0x080008c6                HAL_MspInit
 .text.NMI_Handler
                0x080008de        0x8 ./Core/Src/stm32wlxx_it.o
                0x080008de                NMI_Handler
 .text.HardFault_Handler
                0x080008e6        0x8 ./Core/Src/stm32wlxx_it.o
                0x080008e6                HardFault_Handler
 .text.MemManage_Handler
                0x080008ee        0x8 ./Core/Src/stm32wlxx_it.o
                0x080008ee                MemManage_Handler
 .text.BusFault_Handler
                0x080008f6        0x8 ./Core/Src/stm32wlxx_it.o
                0x080008f6                BusFault_Handler
 .text.UsageFault_Handler
                0x080008fe        0x8 ./Core/Src/stm32wlxx_it.o
                0x080008fe                UsageFault_Handler
 .text.SVC_Handler
                0x08000906        0xc ./Core/Src/stm32wlxx_it.o
                0x08000906                SVC_Handler
 .text.DebugMon_Handler
                0x08000912        0xc ./Core/Src/stm32wlxx_it.o
                0x08000912                DebugMon_Handler
 .text.PendSV_Handler
                0x0800091e        0xc ./Core/Src/stm32wlxx_it.o
                0x0800091e                PendSV_Handler
 .text.SysTick_Handler
                0x0800092a        0xc ./Core/Src/stm32wlxx_it.o
                0x0800092a                SysTick_Handler
 *fill*         0x08000936        0x2 
 .text.TAMP_STAMP_LSECSS_SSRU_IRQHandler
                0x08000938       0x14 ./Core/Src/stm32wlxx_it.o
                0x08000938                TAMP_STAMP_LSECSS_SSRU_IRQHandler
 .text.RCC_IRQHandler
                0x0800094c        0xc ./Core/Src/stm32wlxx_it.o
                0x0800094c                RCC_IRQHandler
 .text.DMA1_Channel5_IRQHandler
                0x08000958       0x14 ./Core/Src/stm32wlxx_it.o
                0x08000958                DMA1_Channel5_IRQHandler
 .text.USART2_IRQHandler
                0x0800096c       0x14 ./Core/Src/stm32wlxx_it.o
                0x0800096c                USART2_IRQHandler
 .text.RTC_Alarm_IRQHandler
                0x08000980       0x14 ./Core/Src/stm32wlxx_it.o
                0x08000980                RTC_Alarm_IRQHandler
 .text.SUBGHZ_Radio_IRQHandler
                0x08000994       0x14 ./Core/Src/stm32wlxx_it.o
                0x08000994                SUBGHZ_Radio_IRQHandler
 .text.LL_APB3_GRP1_EnableClock
                0x080009a8       0x30 ./Core/Src/subghz.o
 .text.MX_SUBGHZ_Init
                0x080009d8       0x24 ./Core/Src/subghz.o
                0x080009d8                MX_SUBGHZ_Init
 .text.HAL_SUBGHZ_MspInit
                0x080009fc       0x26 ./Core/Src/subghz.o
                0x080009fc                HAL_SUBGHZ_MspInit
 .text.LL_RCC_SetClkAfterWakeFromStop
                0x08000a22       0x26 ./Core/Src/sys_app.o
 .text.SystemApp_Init
                0x08000a48       0x40 ./Core/Src/sys_app.o
                0x08000a48                SystemApp_Init
 .text.UTIL_SEQ_Idle
                0x08000a88        0xc ./Core/Src/sys_app.o
                0x08000a88                UTIL_SEQ_Idle
 .text.TimestampNow
                0x08000a94       0x40 ./Core/Src/sys_app.o
 .text.UTIL_ADV_TRACE_PreSendHook
                0x08000ad4       0x10 ./Core/Src/sys_app.o
                0x08000ad4                UTIL_ADV_TRACE_PreSendHook
 .text.UTIL_ADV_TRACE_PostSendHook
                0x08000ae4       0x10 ./Core/Src/sys_app.o
                0x08000ae4                UTIL_ADV_TRACE_PostSendHook
 .text.tiny_snprintf_like
                0x08000af4       0x2c ./Core/Src/sys_app.o
 .text.HAL_InitTick
                0x08000b20       0x14 ./Core/Src/sys_app.o
                0x08000b20                HAL_InitTick
 .text.HAL_GetTick
                0x08000b34       0x28 ./Core/Src/sys_app.o
                0x08000b34                HAL_GetTick
 .text.HAL_Delay
                0x08000b5c       0x18 ./Core/Src/sys_app.o
                0x08000b5c                HAL_Delay
 .text.LL_AHB2_GRP1_EnableClock
                0x08000b74       0x30 ./Core/Src/sys_debug.o
 .text.DBG_Init
                0x08000ba4       0x7c ./Core/Src/sys_debug.o
                0x08000ba4                DBG_Init
 .text.SystemInit
                0x08000c20        0xc ./Core/Src/system_stm32wlxx.o
                0x08000c20                SystemInit
 .text.LL_RTC_TIME_GetSubSecond
                0x08000c2c       0x16 ./Core/Src/timer_if.o
 *fill*         0x08000c42        0x2 
 .text.TIMER_IF_Init
                0x08000c44       0x64 ./Core/Src/timer_if.o
                0x08000c44                TIMER_IF_Init
 .text.TIMER_IF_StartTimer
                0x08000ca8       0x70 ./Core/Src/timer_if.o
                0x08000ca8                TIMER_IF_StartTimer
 .text.TIMER_IF_StopTimer
                0x08000d18       0x34 ./Core/Src/timer_if.o
                0x08000d18                TIMER_IF_StopTimer
 .text.TIMER_IF_SetTimerContext
                0x08000d4c       0x1c ./Core/Src/timer_if.o
                0x08000d4c                TIMER_IF_SetTimerContext
 .text.TIMER_IF_GetTimerContext
                0x08000d68       0x14 ./Core/Src/timer_if.o
                0x08000d68                TIMER_IF_GetTimerContext
 .text.TIMER_IF_GetTimerElapsedTime
                0x08000d7c       0x28 ./Core/Src/timer_if.o
                0x08000d7c                TIMER_IF_GetTimerElapsedTime
 .text.TIMER_IF_GetTimerValue
                0x08000da4       0x28 ./Core/Src/timer_if.o
                0x08000da4                TIMER_IF_GetTimerValue
 .text.TIMER_IF_GetMinimumTimeout
                0x08000dcc       0x1a ./Core/Src/timer_if.o
                0x08000dcc                TIMER_IF_GetMinimumTimeout
 .text.TIMER_IF_Convert_ms2Tick
                0x08000de6       0x3a ./Core/Src/timer_if.o
                0x08000de6                TIMER_IF_Convert_ms2Tick
 .text.TIMER_IF_Convert_Tick2ms
                0x08000e20       0x92 ./Core/Src/timer_if.o
                0x08000e20                TIMER_IF_Convert_Tick2ms
 .text.TIMER_IF_DelayMs
                0x08000eb2       0x34 ./Core/Src/timer_if.o
                0x08000eb2                TIMER_IF_DelayMs
 .text.HAL_RTC_AlarmAEventCallback
                0x08000ee6       0x14 ./Core/Src/timer_if.o
                0x08000ee6                HAL_RTC_AlarmAEventCallback
 .text.HAL_RTCEx_SSRUEventCallback
                0x08000efa       0x20 ./Core/Src/timer_if.o
                0x08000efa                HAL_RTCEx_SSRUEventCallback
 .text.TIMER_IF_GetTime
                0x08000f1a       0x8e ./Core/Src/timer_if.o
                0x08000f1a                TIMER_IF_GetTime
 .text.TIMER_IF_BkUp_Write_Seconds
                0x08000fa8       0x20 ./Core/Src/timer_if.o
                0x08000fa8                TIMER_IF_BkUp_Write_Seconds
 .text.TIMER_IF_BkUp_Write_SubSeconds
                0x08000fc8       0x20 ./Core/Src/timer_if.o
                0x08000fc8                TIMER_IF_BkUp_Write_SubSeconds
 .text.TIMER_IF_BkUp_Read_Seconds
                0x08000fe8       0x24 ./Core/Src/timer_if.o
                0x08000fe8                TIMER_IF_BkUp_Read_Seconds
 .text.TIMER_IF_BkUp_Read_SubSeconds
                0x0800100c       0x24 ./Core/Src/timer_if.o
                0x0800100c                TIMER_IF_BkUp_Read_SubSeconds
 .text.TIMER_IF_BkUp_Write_MSBticks
                0x08001030       0x20 ./Core/Src/timer_if.o
 .text.TIMER_IF_BkUp_Read_MSBticks
                0x08001050       0x20 ./Core/Src/timer_if.o
 .text.GetTimerTicks
                0x08001070       0x38 ./Core/Src/timer_if.o
 .text.LL_AHB2_GRP1_EnableClock
                0x080010a8       0x30 ./Core/Src/usart.o
 .text.LL_APB1_GRP1_EnableClock
                0x080010d8       0x30 ./Core/Src/usart.o
 .text.LL_APB1_GRP1_DisableClock
                0x08001108       0x24 ./Core/Src/usart.o
 .text.MX_USART2_UART_Init
                0x0800112c       0x98 ./Core/Src/usart.o
                0x0800112c                MX_USART2_UART_Init
 .text.HAL_UART_MspInit
                0x080011c4      0x108 ./Core/Src/usart.o
                0x080011c4                HAL_UART_MspInit
 .text.HAL_UART_MspDeInit
                0x080012cc       0x40 ./Core/Src/usart.o
                0x080012cc                HAL_UART_MspDeInit
 .text.LL_APB1_GRP1_ForceReset
                0x0800130c       0x22 ./Core/Src/usart_if.o
 .text.LL_APB1_GRP1_ReleaseReset
                0x0800132e       0x24 ./Core/Src/usart_if.o
 *fill*         0x08001352        0x2 
 .text.LL_EXTI_EnableIT_0_31
                0x08001354       0x28 ./Core/Src/usart_if.o
 .text.vcom_Init
                0x0800137c       0x2c ./Core/Src/usart_if.o
                0x0800137c                vcom_Init
 .text.vcom_DeInit
                0x080013a8       0x2c ./Core/Src/usart_if.o
                0x080013a8                vcom_DeInit
 .text.vcom_Trace_DMA
                0x080013d4       0x28 ./Core/Src/usart_if.o
                0x080013d4                vcom_Trace_DMA
 .text.vcom_ReceiveInit
                0x080013fc       0x7c ./Core/Src/usart_if.o
                0x080013fc                vcom_ReceiveInit
 .text.vcom_Resume
                0x08001478       0x30 ./Core/Src/usart_if.o
                0x08001478                vcom_Resume
 .text.HAL_UART_TxCpltCallback
                0x080014a8       0x2c ./Core/Src/usart_if.o
                0x080014a8                HAL_UART_TxCpltCallback
 .text.HAL_UART_RxCpltCallback
                0x080014d4       0x50 ./Core/Src/usart_if.o
                0x080014d4                HAL_UART_RxCpltCallback
 .text.Reset_Handler
                0x08001524       0x50 ./Core/Startup/startup_stm32wl55jcix.o
                0x08001524                Reset_Handler
 .text.Default_Handler
                0x08001574        0x2 ./Core/Startup/startup_stm32wl55jcix.o
                0x08001574                EXTI2_IRQHandler
                0x08001574                TIM1_CC_IRQHandler
                0x08001574                EXTI3_IRQHandler
                0x08001574                LPTIM2_IRQHandler
                0x08001574                I2C3_ER_IRQHandler
                0x08001574                LPTIM3_IRQHandler
                0x08001574                EXTI0_IRQHandler
                0x08001574                I2C2_EV_IRQHandler
                0x08001574                SPI1_IRQHandler
                0x08001574                DMA2_Channel2_IRQHandler
                0x08001574                DMA1_Channel4_IRQHandler
                0x08001574                PKA_IRQHandler
                0x08001574                TIM17_IRQHandler
                0x08001574                DMA1_Channel7_IRQHandler
                0x08001574                SUBGHZSPI_IRQHandler
                0x08001574                IPCC_C1_TX_IRQHandler
                0x08001574                DMA2_Channel1_IRQHandler
                0x08001574                I2C1_EV_IRQHandler
                0x08001574                DMAMUX1_OVR_IRQHandler
                0x08001574                DMA1_Channel6_IRQHandler
                0x08001574                TIM16_IRQHandler
                0x08001574                DMA2_Channel4_IRQHandler
                0x08001574                TIM1_TRG_COM_IRQHandler
                0x08001574                DMA1_Channel1_IRQHandler
                0x08001574                Default_Handler
                0x08001574                DMA2_Channel7_IRQHandler
                0x08001574                EXTI15_10_IRQHandler
                0x08001574                IPCC_C1_RX_IRQHandler
                0x08001574                ADC_IRQHandler
                0x08001574                C2SEV_PWR_C2H_IRQHandler
                0x08001574                I2C3_EV_IRQHandler
                0x08001574                EXTI9_5_IRQHandler
                0x08001574                RTC_WKUP_IRQHandler
                0x08001574                PVD_PVM_IRQHandler
                0x08001574                SPI2_IRQHandler
                0x08001574                DMA2_Channel5_IRQHandler
                0x08001574                EXTI4_IRQHandler
                0x08001574                RNG_IRQHandler
                0x08001574                DMA1_Channel3_IRQHandler
                0x08001574                COMP_IRQHandler
                0x08001574                HSEM_IRQHandler
                0x08001574                TIM1_UP_IRQHandler
                0x08001574                WWDG_IRQHandler
                0x08001574                LPUART1_IRQHandler
                0x08001574                DMA2_Channel6_IRQHandler
                0x08001574                TIM2_IRQHandler
                0x08001574                TIM1_BRK_IRQHandler
                0x08001574                DAC_IRQHandler
                0x08001574                EXTI1_IRQHandler
                0x08001574                AES_IRQHandler
                0x08001574                I2C2_ER_IRQHandler
                0x08001574                DMA1_Channel2_IRQHandler
                0x08001574                FLASH_IRQHandler
                0x08001574                USART1_IRQHandler
                0x08001574                I2C1_ER_IRQHandler
                0x08001574                LPTIM1_IRQHandler
                0x08001574                DMA2_Channel3_IRQHandler
 *fill*         0x08001576        0x2 
 .text.LL_DBGMCU_DisableDBGSleepMode
                0x08001578       0x1c ./Drivers/STM32WLxx_HAL_Driver/Src/stm32wlxx_hal.o
 .text.LL_DBGMCU_DisableDBGStopMode
                0x08001594       0x1c ./Drivers/STM32WLxx_HAL_Driver/Src/stm32wlxx_hal.o
 .text.LL_DBGMCU_DisableDBGStandbyMode
                0x080015b0       0x1c ./Drivers/STM32WLxx_HAL_Driver/Src/stm32wlxx_hal.o
 .text.HAL_Init
                0x080015cc       0x40 ./Drivers/STM32WLxx_HAL_Driver/Src/stm32wlxx_hal.o
                0x080015cc                HAL_Init
 .text.HAL_SuspendTick
                0x0800160c       0x1c ./Drivers/STM32WLxx_HAL_Driver/Src/stm32wlxx_hal.o
                0x0800160c                HAL_SuspendTick
 .text.HAL_ResumeTick
                0x08001628       0x1c ./Drivers/STM32WLxx_HAL_Driver/Src/stm32wlxx_hal.o
                0x08001628                HAL_ResumeTick
 .text.HAL_DBGMCU_DisableDBGSleepMode
                0x08001644        0xc ./Drivers/STM32WLxx_HAL_Driver/Src/stm32wlxx_hal.o
                0x08001644                HAL_DBGMCU_DisableDBGSleepMode
 .text.HAL_DBGMCU_DisableDBGStopMode
                0x08001650        0xc ./Drivers/STM32WLxx_HAL_Driver/Src/stm32wlxx_hal.o
                0x08001650                HAL_DBGMCU_DisableDBGStopMode
 .text.HAL_DBGMCU_DisableDBGStandbyMode
                0x0800165c        0xc ./Drivers/STM32WLxx_HAL_Driver/Src/stm32wlxx_hal.o
                0x0800165c                HAL_DBGMCU_DisableDBGStandbyMode
 .text.__NVIC_SetPriorityGrouping
                0x08001668       0x48 ./Drivers/STM32WLxx_HAL_Driver/Src/stm32wlxx_hal_cortex.o
 .text.__NVIC_GetPriorityGrouping
                0x080016b0       0x1c ./Drivers/STM32WLxx_HAL_Driver/Src/stm32wlxx_hal_cortex.o
 .text.__NVIC_EnableIRQ
                0x080016cc       0x38 ./Drivers/STM32WLxx_HAL_Driver/Src/stm32wlxx_hal_cortex.o
 .text.__NVIC_DisableIRQ
                0x08001704       0x48 ./Drivers/STM32WLxx_HAL_Driver/Src/stm32wlxx_hal_cortex.o
 .text.__NVIC_SetPriority
                0x0800174c       0x54 ./Drivers/STM32WLxx_HAL_Driver/Src/stm32wlxx_hal_cortex.o
 .text.NVIC_EncodePriority
                0x080017a0       0x64 ./Drivers/STM32WLxx_HAL_Driver/Src/stm32wlxx_hal_cortex.o
 .text.HAL_NVIC_SetPriorityGrouping
                0x08001804       0x16 ./Drivers/STM32WLxx_HAL_Driver/Src/stm32wlxx_hal_cortex.o
                0x08001804                HAL_NVIC_SetPriorityGrouping
 .text.HAL_NVIC_SetPriority
                0x0800181a       0x34 ./Drivers/STM32WLxx_HAL_Driver/Src/stm32wlxx_hal_cortex.o
                0x0800181a                HAL_NVIC_SetPriority
 .text.HAL_NVIC_EnableIRQ
                0x0800184e       0x1c ./Drivers/STM32WLxx_HAL_Driver/Src/stm32wlxx_hal_cortex.o
                0x0800184e                HAL_NVIC_EnableIRQ
 .text.HAL_NVIC_DisableIRQ
                0x0800186a       0x1c ./Drivers/STM32WLxx_HAL_Driver/Src/stm32wlxx_hal_cortex.o
                0x0800186a                HAL_NVIC_DisableIRQ
 *fill*         0x08001886        0x2 
 .text.HAL_DMA_Init
                0x08001888      0x150 ./Drivers/STM32WLxx_HAL_Driver/Src/stm32wlxx_hal_dma.o
                0x08001888                HAL_DMA_Init
 .text.HAL_DMA_DeInit
                0x080019d8      0x12c ./Drivers/STM32WLxx_HAL_Driver/Src/stm32wlxx_hal_dma.o
                0x080019d8                HAL_DMA_DeInit
 .text.HAL_DMA_Start_IT
                0x08001b04       0xfc ./Drivers/STM32WLxx_HAL_Driver/Src/stm32wlxx_hal_dma.o
                0x08001b04                HAL_DMA_Start_IT
 .text.HAL_DMA_Abort
                0x08001c00       0xbc ./Drivers/STM32WLxx_HAL_Driver/Src/stm32wlxx_hal_dma.o
                0x08001c00                HAL_DMA_Abort
 .text.HAL_DMA_Abort_IT
                0x08001cbc       0xbe ./Drivers/STM32WLxx_HAL_Driver/Src/stm32wlxx_hal_dma.o
                0x08001cbc                HAL_DMA_Abort_IT
 *fill*         0x08001d7a        0x2 
 .text.HAL_DMA_IRQHandler
                0x08001d7c      0x18c ./Drivers/STM32WLxx_HAL_Driver/Src/stm32wlxx_hal_dma.o
                0x08001d7c                HAL_DMA_IRQHandler
 .text.HAL_DMA_ConfigChannelAttributes
                0x08001f08       0x5e ./Drivers/STM32WLxx_HAL_Driver/Src/stm32wlxx_hal_dma.o
                0x08001f08                HAL_DMA_ConfigChannelAttributes
 .text.DMA_SetConfig
                0x08001f66       0x7a ./Drivers/STM32WLxx_HAL_Driver/Src/stm32wlxx_hal_dma.o
 .text.DMA_CalcDMAMUXChannelBaseAndMask
                0x08001fe0       0x90 ./Drivers/STM32WLxx_HAL_Driver/Src/stm32wlxx_hal_dma.o
 .text.DMA_CalcDMAMUXRequestGenBaseAndMask
                0x08002070       0x48 ./Drivers/STM32WLxx_HAL_Driver/Src/stm32wlxx_hal_dma.o
 .text.HAL_GPIO_Init
                0x080020b8      0x2c0 ./Drivers/STM32WLxx_HAL_Driver/Src/stm32wlxx_hal_gpio.o
                0x080020b8                HAL_GPIO_Init
 .text.HAL_GPIO_DeInit
                0x08002378      0x19c ./Drivers/STM32WLxx_HAL_Driver/Src/stm32wlxx_hal_gpio.o
                0x08002378                HAL_GPIO_DeInit
 .text.HAL_GPIO_WritePin
                0x08002514       0x2e ./Drivers/STM32WLxx_HAL_Driver/Src/stm32wlxx_hal_gpio.o
                0x08002514                HAL_GPIO_WritePin
 .text.HAL_GPIO_TogglePin
                0x08002542       0x32 ./Drivers/STM32WLxx_HAL_Driver/Src/stm32wlxx_hal_gpio.o
                0x08002542                HAL_GPIO_TogglePin
 .text.HAL_PWR_EnableBkUpAccess
                0x08002574       0x1c ./Drivers/STM32WLxx_HAL_Driver/Src/stm32wlxx_hal_pwr.o
                0x08002574                HAL_PWR_EnableBkUpAccess
 .text.HAL_PWR_EnterSLEEPMode
                0x08002590       0x68 ./Drivers/STM32WLxx_HAL_Driver/Src/stm32wlxx_hal_pwr.o
                0x08002590                HAL_PWR_EnterSLEEPMode
 .text.HAL_PWREx_GetVoltageRange
                0x080025f8       0x18 ./Drivers/STM32WLxx_HAL_Driver/Src/stm32wlxx_hal_pwr_ex.o
                0x080025f8                HAL_PWREx_GetVoltageRange
 .text.HAL_PWREx_EnableLowPowerRunMode
                0x08002610       0x1c ./Drivers/STM32WLxx_HAL_Driver/Src/stm32wlxx_hal_pwr_ex.o
                0x08002610                HAL_PWREx_EnableLowPowerRunMode
 .text.HAL_PWREx_DisableLowPowerRunMode
                0x0800262c       0x6c ./Drivers/STM32WLxx_HAL_Driver/Src/stm32wlxx_hal_pwr_ex.o
                0x0800262c                HAL_PWREx_DisableLowPowerRunMode
 .text.HAL_PWREx_EnterSTOP2Mode
                0x08002698       0x54 ./Drivers/STM32WLxx_HAL_Driver/Src/stm32wlxx_hal_pwr_ex.o
                0x08002698                HAL_PWREx_EnterSTOP2Mode
 .text.LL_PWR_IsEnabledBkUpAccess
                0x080026ec       0x24 ./Drivers/STM32WLxx_HAL_Driver/Src/stm32wlxx_hal_rcc.o
 .text.LL_RCC_HSE_EnableTcxo
                0x08002710       0x1c ./Drivers/STM32WLxx_HAL_Driver/Src/stm32wlxx_hal_rcc.o
 .text.LL_RCC_HSE_DisableTcxo
                0x0800272c       0x1c ./Drivers/STM32WLxx_HAL_Driver/Src/stm32wlxx_hal_rcc.o
 .text.LL_RCC_HSE_IsEnabledDiv2
                0x08002748       0x22 ./Drivers/STM32WLxx_HAL_Driver/Src/stm32wlxx_hal_rcc.o
 .text.LL_RCC_HSE_Enable
                0x0800276a       0x1c ./Drivers/STM32WLxx_HAL_Driver/Src/stm32wlxx_hal_rcc.o
 .text.LL_RCC_HSE_Disable
                0x08002786       0x1c ./Drivers/STM32WLxx_HAL_Driver/Src/stm32wlxx_hal_rcc.o
 .text.LL_RCC_HSE_IsReady
                0x080027a2       0x22 ./Drivers/STM32WLxx_HAL_Driver/Src/stm32wlxx_hal_rcc.o
 .text.LL_RCC_HSI_Enable
                0x080027c4       0x1c ./Drivers/STM32WLxx_HAL_Driver/Src/stm32wlxx_hal_rcc.o
 .text.LL_RCC_HSI_Disable
                0x080027e0       0x1c ./Drivers/STM32WLxx_HAL_Driver/Src/stm32wlxx_hal_rcc.o
 .text.LL_RCC_HSI_IsReady
                0x080027fc       0x22 ./Drivers/STM32WLxx_HAL_Driver/Src/stm32wlxx_hal_rcc.o
 .text.LL_RCC_HSI_SetCalibTrimming
                0x0800281e       0x28 ./Drivers/STM32WLxx_HAL_Driver/Src/stm32wlxx_hal_rcc.o
 .text.LL_RCC_LSE_IsReady
                0x08002846       0x22 ./Drivers/STM32WLxx_HAL_Driver/Src/stm32wlxx_hal_rcc.o
 .text.LL_RCC_LSI_Enable
                0x08002868       0x20 ./Drivers/STM32WLxx_HAL_Driver/Src/stm32wlxx_hal_rcc.o
 .text.LL_RCC_LSI_Disable
                0x08002888       0x20 ./Drivers/STM32WLxx_HAL_Driver/Src/stm32wlxx_hal_rcc.o
 .text.LL_RCC_LSI_IsReady
                0x080028a8       0x22 ./Drivers/STM32WLxx_HAL_Driver/Src/stm32wlxx_hal_rcc.o
 .text.LL_RCC_MSI_Enable
                0x080028ca       0x1c ./Drivers/STM32WLxx_HAL_Driver/Src/stm32wlxx_hal_rcc.o
 .text.LL_RCC_MSI_Disable
                0x080028e6       0x1c ./Drivers/STM32WLxx_HAL_Driver/Src/stm32wlxx_hal_rcc.o
 .text.LL_RCC_MSI_IsReady
                0x08002902       0x20 ./Drivers/STM32WLxx_HAL_Driver/Src/stm32wlxx_hal_rcc.o
 .text.LL_RCC_MSI_IsEnabledRangeSelect
                0x08002922       0x20 ./Drivers/STM32WLxx_HAL_Driver/Src/stm32wlxx_hal_rcc.o
 .text.LL_RCC_MSI_GetRange
                0x08002942       0x16 ./Drivers/STM32WLxx_HAL_Driver/Src/stm32wlxx_hal_rcc.o
 .text.LL_RCC_MSI_GetRangeAfterStandby
                0x08002958       0x18 ./Drivers/STM32WLxx_HAL_Driver/Src/stm32wlxx_hal_rcc.o
 .text.LL_RCC_MSI_SetCalibTrimming
                0x08002970       0x28 ./Drivers/STM32WLxx_HAL_Driver/Src/stm32wlxx_hal_rcc.o
 .text.LL_RCC_SetSysClkSource
                0x08002998       0x26 ./Drivers/STM32WLxx_HAL_Driver/Src/stm32wlxx_hal_rcc.o
 .text.LL_RCC_GetSysClkSource
                0x080029be       0x16 ./Drivers/STM32WLxx_HAL_Driver/Src/stm32wlxx_hal_rcc.o
 .text.LL_RCC_SetAHBPrescaler
                0x080029d4       0x26 ./Drivers/STM32WLxx_HAL_Driver/Src/stm32wlxx_hal_rcc.o
 .text.LL_C2_RCC_SetAHBPrescaler
                0x080029fa       0x2a ./Drivers/STM32WLxx_HAL_Driver/Src/stm32wlxx_hal_rcc.o
 .text.LL_RCC_SetAHB3Prescaler
                0x08002a24       0x2c ./Drivers/STM32WLxx_HAL_Driver/Src/stm32wlxx_hal_rcc.o
 .text.LL_RCC_SetAPB1Prescaler
                0x08002a50       0x26 ./Drivers/STM32WLxx_HAL_Driver/Src/stm32wlxx_hal_rcc.o
 .text.LL_RCC_SetAPB2Prescaler
                0x08002a76       0x26 ./Drivers/STM32WLxx_HAL_Driver/Src/stm32wlxx_hal_rcc.o
 .text.LL_RCC_GetAHBPrescaler
                0x08002a9c       0x16 ./Drivers/STM32WLxx_HAL_Driver/Src/stm32wlxx_hal_rcc.o
 .text.LL_RCC_GetAHB3Prescaler
                0x08002ab2       0x1a ./Drivers/STM32WLxx_HAL_Driver/Src/stm32wlxx_hal_rcc.o
 .text.LL_RCC_GetAPB1Prescaler
                0x08002acc       0x16 ./Drivers/STM32WLxx_HAL_Driver/Src/stm32wlxx_hal_rcc.o
 .text.LL_RCC_GetAPB2Prescaler
                0x08002ae2       0x16 ./Drivers/STM32WLxx_HAL_Driver/Src/stm32wlxx_hal_rcc.o
 .text.LL_RCC_PLL_Enable
                0x08002af8       0x1c ./Drivers/STM32WLxx_HAL_Driver/Src/stm32wlxx_hal_rcc.o
 .text.LL_RCC_PLL_Disable
                0x08002b14       0x1c ./Drivers/STM32WLxx_HAL_Driver/Src/stm32wlxx_hal_rcc.o
 .text.LL_RCC_PLL_IsReady
                0x08002b30       0x22 ./Drivers/STM32WLxx_HAL_Driver/Src/stm32wlxx_hal_rcc.o
 .text.LL_RCC_PLL_GetN
                0x08002b52       0x18 ./Drivers/STM32WLxx_HAL_Driver/Src/stm32wlxx_hal_rcc.o
 .text.LL_RCC_PLL_GetR
                0x08002b6a       0x16 ./Drivers/STM32WLxx_HAL_Driver/Src/stm32wlxx_hal_rcc.o
 .text.LL_RCC_PLL_GetDivider
                0x08002b80       0x16 ./Drivers/STM32WLxx_HAL_Driver/Src/stm32wlxx_hal_rcc.o
 .text.LL_RCC_PLL_GetMainSource
                0x08002b96       0x16 ./Drivers/STM32WLxx_HAL_Driver/Src/stm32wlxx_hal_rcc.o
 .text.LL_RCC_IsActiveFlag_HPRE
                0x08002bac       0x22 ./Drivers/STM32WLxx_HAL_Driver/Src/stm32wlxx_hal_rcc.o
 .text.LL_RCC_IsActiveFlag_C2HPRE
                0x08002bce       0x24 ./Drivers/STM32WLxx_HAL_Driver/Src/stm32wlxx_hal_rcc.o
 .text.LL_RCC_IsActiveFlag_SHDHPRE
                0x08002bf2       0x24 ./Drivers/STM32WLxx_HAL_Driver/Src/stm32wlxx_hal_rcc.o
 .text.LL_RCC_IsActiveFlag_PPRE1
                0x08002c16       0x22 ./Drivers/STM32WLxx_HAL_Driver/Src/stm32wlxx_hal_rcc.o
 .text.LL_RCC_IsActiveFlag_PPRE2
                0x08002c38       0x22 ./Drivers/STM32WLxx_HAL_Driver/Src/stm32wlxx_hal_rcc.o
 *fill*         0x08002c5a        0x2 
 .text.HAL_RCC_OscConfig
                0x08002c5c      0x704 ./Drivers/STM32WLxx_HAL_Driver/Src/stm32wlxx_hal_rcc.o
                0x08002c5c                HAL_RCC_OscConfig
 .text.HAL_RCC_ClockConfig
                0x08003360      0x284 ./Drivers/STM32WLxx_HAL_Driver/Src/stm32wlxx_hal_rcc.o
                0x08003360                HAL_RCC_ClockConfig
 .text.HAL_RCC_GetSysClockFreq
                0x080035e4      0x140 ./Drivers/STM32WLxx_HAL_Driver/Src/stm32wlxx_hal_rcc.o
                0x080035e4                HAL_RCC_GetSysClockFreq
 .text.HAL_RCC_GetHCLKFreq
                0x08003724       0x28 ./Drivers/STM32WLxx_HAL_Driver/Src/stm32wlxx_hal_rcc.o
                0x08003724                HAL_RCC_GetHCLKFreq
 .text.HAL_RCC_GetPCLK1Freq
                0x0800374c       0x24 ./Drivers/STM32WLxx_HAL_Driver/Src/stm32wlxx_hal_rcc.o
                0x0800374c                HAL_RCC_GetPCLK1Freq
 .text.HAL_RCC_GetPCLK2Freq
                0x08003770       0x24 ./Drivers/STM32WLxx_HAL_Driver/Src/stm32wlxx_hal_rcc.o
                0x08003770                HAL_RCC_GetPCLK2Freq
 .text.RCC_SetFlashLatencyFromMSIRange
                0x08003794       0x60 ./Drivers/STM32WLxx_HAL_Driver/Src/stm32wlxx_hal_rcc.o
 .text.RCC_SetFlashLatency
                0x080037f4      0x104 ./Drivers/STM32WLxx_HAL_Driver/Src/stm32wlxx_hal_rcc.o
 .text.LL_RCC_LSE_IsReady
                0x080038f8       0x22 ./Drivers/STM32WLxx_HAL_Driver/Src/stm32wlxx_hal_rcc_ex.o
 .text.LL_RCC_SetUSARTClockSource
                0x0800391a       0x30 ./Drivers/STM32WLxx_HAL_Driver/Src/stm32wlxx_hal_rcc_ex.o
 .text.LL_RCC_SetI2SClockSource
                0x0800394a       0x2a ./Drivers/STM32WLxx_HAL_Driver/Src/stm32wlxx_hal_rcc_ex.o
 .text.LL_RCC_SetLPUARTClockSource
                0x08003974       0x2a ./Drivers/STM32WLxx_HAL_Driver/Src/stm32wlxx_hal_rcc_ex.o
 .text.LL_RCC_SetI2CClockSource
                0x0800399e       0x38 ./Drivers/STM32WLxx_HAL_Driver/Src/stm32wlxx_hal_rcc_ex.o
 .text.LL_RCC_SetLPTIMClockSource
                0x080039d6       0x32 ./Drivers/STM32WLxx_HAL_Driver/Src/stm32wlxx_hal_rcc_ex.o
 .text.LL_RCC_SetRNGClockSource
                0x08003a08       0x2a ./Drivers/STM32WLxx_HAL_Driver/Src/stm32wlxx_hal_rcc_ex.o
 .text.LL_RCC_SetADCClockSource
                0x08003a32       0x2a ./Drivers/STM32WLxx_HAL_Driver/Src/stm32wlxx_hal_rcc_ex.o
 .text.LL_RCC_SetRTCClockSource
                0x08003a5c       0x2a ./Drivers/STM32WLxx_HAL_Driver/Src/stm32wlxx_hal_rcc_ex.o
 .text.LL_RCC_GetRTCClockSource
                0x08003a86       0x18 ./Drivers/STM32WLxx_HAL_Driver/Src/stm32wlxx_hal_rcc_ex.o
 .text.LL_RCC_ForceBackupDomainReset
                0x08003a9e       0x20 ./Drivers/STM32WLxx_HAL_Driver/Src/stm32wlxx_hal_rcc_ex.o
 .text.LL_RCC_ReleaseBackupDomainReset
                0x08003abe       0x20 ./Drivers/STM32WLxx_HAL_Driver/Src/stm32wlxx_hal_rcc_ex.o
 *fill*         0x08003ade        0x2 
 .text.HAL_RCCEx_PeriphCLKConfig
                0x08003ae0      0x234 ./Drivers/STM32WLxx_HAL_Driver/Src/stm32wlxx_hal_rcc_ex.o
                0x08003ae0                HAL_RCCEx_PeriphCLKConfig
 .text.HAL_RTC_Init
                0x08003d14      0x104 ./Drivers/STM32WLxx_HAL_Driver/Src/stm32wlxx_hal_rtc.o
                0x08003d14                HAL_RTC_Init
 .text.HAL_RTC_SetAlarm_IT
                0x08003e18      0x218 ./Drivers/STM32WLxx_HAL_Driver/Src/stm32wlxx_hal_rtc.o
                0x08003e18                HAL_RTC_SetAlarm_IT
 .text.HAL_RTC_DeactivateAlarm
                0x08004030       0xb8 ./Drivers/STM32WLxx_HAL_Driver/Src/stm32wlxx_hal_rtc.o
                0x08004030                HAL_RTC_DeactivateAlarm
 .text.HAL_RTC_AlarmIRQHandler
                0x080040e8       0x54 ./Drivers/STM32WLxx_HAL_Driver/Src/stm32wlxx_hal_rtc.o
                0x080040e8                HAL_RTC_AlarmIRQHandler
 .text.HAL_RTC_WaitForSynchro
                0x0800413c       0x4c ./Drivers/STM32WLxx_HAL_Driver/Src/stm32wlxx_hal_rtc.o
                0x0800413c                HAL_RTC_WaitForSynchro
 .text.RTC_EnterInitMode
                0x08004188       0x68 ./Drivers/STM32WLxx_HAL_Driver/Src/stm32wlxx_hal_rtc.o
                0x08004188                RTC_EnterInitMode
 .text.RTC_ExitInitMode
                0x080041f0       0x7c ./Drivers/STM32WLxx_HAL_Driver/Src/stm32wlxx_hal_rtc.o
                0x080041f0                RTC_ExitInitMode
 .text.RTC_ByteToBcd2
                0x0800426c       0x3e ./Drivers/STM32WLxx_HAL_Driver/Src/stm32wlxx_hal_rtc.o
                0x0800426c                RTC_ByteToBcd2
 *fill*         0x080042aa        0x2 
 .text.HAL_RTCEx_EnableBypassShadow
                0x080042ac       0x64 ./Drivers/STM32WLxx_HAL_Driver/Src/stm32wlxx_hal_rtc_ex.o
                0x080042ac                HAL_RTCEx_EnableBypassShadow
 .text.HAL_RTCEx_SetSSRU_IT
                0x08004310       0x78 ./Drivers/STM32WLxx_HAL_Driver/Src/stm32wlxx_hal_rtc_ex.o
                0x08004310                HAL_RTCEx_SetSSRU_IT
 .text.HAL_RTCEx_SSRUIRQHandler
                0x08004388       0x34 ./Drivers/STM32WLxx_HAL_Driver/Src/stm32wlxx_hal_rtc_ex.o
                0x08004388                HAL_RTCEx_SSRUIRQHandler
 .text.HAL_RTCEx_AlarmBEventCallback
                0x080043bc       0x12 ./Drivers/STM32WLxx_HAL_Driver/Src/stm32wlxx_hal_rtc_ex.o
                0x080043bc                HAL_RTCEx_AlarmBEventCallback
 *fill*         0x080043ce        0x2 
 .text.HAL_RTCEx_BKUPWrite
                0x080043d0       0x30 ./Drivers/STM32WLxx_HAL_Driver/Src/stm32wlxx_hal_rtc_ex.o
                0x080043d0                HAL_RTCEx_BKUPWrite
 .text.HAL_RTCEx_BKUPRead
                0x08004400       0x2c ./Drivers/STM32WLxx_HAL_Driver/Src/stm32wlxx_hal_rtc_ex.o
                0x08004400                HAL_RTCEx_BKUPRead
 .text.LL_PWR_SetRadioBusyTrigger
                0x0800442c       0x28 ./Drivers/STM32WLxx_HAL_Driver/Src/stm32wlxx_hal_subghz.o
 .text.LL_PWR_UnselectSUBGHZSPI_NSS
                0x08004454       0x20 ./Drivers/STM32WLxx_HAL_Driver/Src/stm32wlxx_hal_subghz.o
 .text.LL_PWR_SelectSUBGHZSPI_NSS
                0x08004474       0x20 ./Drivers/STM32WLxx_HAL_Driver/Src/stm32wlxx_hal_subghz.o
 .text.LL_PWR_ClearFlag_RFBUSY
                0x08004494       0x18 ./Drivers/STM32WLxx_HAL_Driver/Src/stm32wlxx_hal_subghz.o
 .text.LL_PWR_IsActiveFlag_RFBUSYS
                0x080044ac       0x24 ./Drivers/STM32WLxx_HAL_Driver/Src/stm32wlxx_hal_subghz.o
 .text.LL_PWR_IsActiveFlag_RFBUSYMS
                0x080044d0       0x24 ./Drivers/STM32WLxx_HAL_Driver/Src/stm32wlxx_hal_subghz.o
 .text.LL_RCC_RF_DisableReset
                0x080044f4       0x20 ./Drivers/STM32WLxx_HAL_Driver/Src/stm32wlxx_hal_subghz.o
 .text.LL_RCC_IsRFUnderReset
                0x08004514       0x24 ./Drivers/STM32WLxx_HAL_Driver/Src/stm32wlxx_hal_subghz.o
 .text.LL_EXTI_EnableIT_32_63
                0x08004538       0x28 ./Drivers/STM32WLxx_HAL_Driver/Src/stm32wlxx_hal_subghz.o
 .text.HAL_SUBGHZ_Init
                0x08004560       0xc8 ./Drivers/STM32WLxx_HAL_Driver/Src/stm32wlxx_hal_subghz.o
                0x08004560                HAL_SUBGHZ_Init
 .text.HAL_SUBGHZ_WriteRegisters
                0x08004628       0xbe ./Drivers/STM32WLxx_HAL_Driver/Src/stm32wlxx_hal_subghz.o
                0x08004628                HAL_SUBGHZ_WriteRegisters
 .text.HAL_SUBGHZ_ReadRegisters
                0x080046e6       0xc2 ./Drivers/STM32WLxx_HAL_Driver/Src/stm32wlxx_hal_subghz.o
                0x080046e6                HAL_SUBGHZ_ReadRegisters
 .text.HAL_SUBGHZ_ExecSetCmd
                0x080047a8       0xbe ./Drivers/STM32WLxx_HAL_Driver/Src/stm32wlxx_hal_subghz.o
                0x080047a8                HAL_SUBGHZ_ExecSetCmd
 .text.HAL_SUBGHZ_ExecGetCmd
                0x08004866       0xa8 ./Drivers/STM32WLxx_HAL_Driver/Src/stm32wlxx_hal_subghz.o
                0x08004866                HAL_SUBGHZ_ExecGetCmd
 .text.HAL_SUBGHZ_WriteBuffer
                0x0800490e       0xa6 ./Drivers/STM32WLxx_HAL_Driver/Src/stm32wlxx_hal_subghz.o
                0x0800490e                HAL_SUBGHZ_WriteBuffer
 .text.HAL_SUBGHZ_ReadBuffer
                0x080049b4       0xb0 ./Drivers/STM32WLxx_HAL_Driver/Src/stm32wlxx_hal_subghz.o
                0x080049b4                HAL_SUBGHZ_ReadBuffer
 .text.HAL_SUBGHZ_IRQHandler
                0x08004a64      0x11c ./Drivers/STM32WLxx_HAL_Driver/Src/stm32wlxx_hal_subghz.o
                0x08004a64                HAL_SUBGHZ_IRQHandler
 .text.SUBGHZSPI_Init
                0x08004b80       0x40 ./Drivers/STM32WLxx_HAL_Driver/Src/stm32wlxx_hal_subghz.o
                0x08004b80                SUBGHZSPI_Init
 .text.SUBGHZSPI_Transmit
                0x08004bc0       0xac ./Drivers/STM32WLxx_HAL_Driver/Src/stm32wlxx_hal_subghz.o
                0x08004bc0                SUBGHZSPI_Transmit
 .text.SUBGHZSPI_Receive
                0x08004c6c       0xb0 ./Drivers/STM32WLxx_HAL_Driver/Src/stm32wlxx_hal_subghz.o
                0x08004c6c                SUBGHZSPI_Receive
 .text.SUBGHZ_CheckDeviceReady
                0x08004d1c       0x48 ./Drivers/STM32WLxx_HAL_Driver/Src/stm32wlxx_hal_subghz.o
                0x08004d1c                SUBGHZ_CheckDeviceReady
 .text.SUBGHZ_WaitOnBusy
                0x08004d64       0x5c ./Drivers/STM32WLxx_HAL_Driver/Src/stm32wlxx_hal_subghz.o
                0x08004d64                SUBGHZ_WaitOnBusy
 .text.LL_RCC_GetUSARTClockSource
                0x08004dc0       0x24 ./Drivers/STM32WLxx_HAL_Driver/Src/stm32wlxx_hal_uart.o
 .text.LL_RCC_GetLPUARTClockSource
                0x08004de4       0x1e ./Drivers/STM32WLxx_HAL_Driver/Src/stm32wlxx_hal_uart.o
 .text.HAL_UART_Init
                0x08004e02       0xa0 ./Drivers/STM32WLxx_HAL_Driver/Src/stm32wlxx_hal_uart.o
                0x08004e02                HAL_UART_Init
 *fill*         0x08004ea2        0x2 
 .text.HAL_UART_Receive_IT
                0x08004ea4       0x98 ./Drivers/STM32WLxx_HAL_Driver/Src/stm32wlxx_hal_uart.o
                0x08004ea4                HAL_UART_Receive_IT
 .text.HAL_UART_Transmit_DMA
                0x08004f3c      0x100 ./Drivers/STM32WLxx_HAL_Driver/Src/stm32wlxx_hal_uart.o
                0x08004f3c                HAL_UART_Transmit_DMA
 .text.HAL_UART_IRQHandler
                0x0800503c      0x648 ./Drivers/STM32WLxx_HAL_Driver/Src/stm32wlxx_hal_uart.o
                0x0800503c                HAL_UART_IRQHandler
 .text.HAL_UART_TxHalfCpltCallback
                0x08005684       0x12 ./Drivers/STM32WLxx_HAL_Driver/Src/stm32wlxx_hal_uart.o
                0x08005684                HAL_UART_TxHalfCpltCallback
 .text.HAL_UART_ErrorCallback
                0x08005696       0x12 ./Drivers/STM32WLxx_HAL_Driver/Src/stm32wlxx_hal_uart.o
                0x08005696                HAL_UART_ErrorCallback
 .text.HAL_UARTEx_RxEventCallback
                0x080056a8       0x16 ./Drivers/STM32WLxx_HAL_Driver/Src/stm32wlxx_hal_uart.o
                0x080056a8                HAL_UARTEx_RxEventCallback
 *fill*         0x080056be        0x2 
 .text.UART_SetConfig
                0x080056c0      0x4e8 ./Drivers/STM32WLxx_HAL_Driver/Src/stm32wlxx_hal_uart.o
                0x080056c0                UART_SetConfig
 .text.UART_AdvFeatureConfig
                0x08005ba8      0x142 ./Drivers/STM32WLxx_HAL_Driver/Src/stm32wlxx_hal_uart.o
                0x08005ba8                UART_AdvFeatureConfig
 .text.UART_CheckIdleState
                0x08005cea       0x9c ./Drivers/STM32WLxx_HAL_Driver/Src/stm32wlxx_hal_uart.o
                0x08005cea                UART_CheckIdleState
 .text.UART_WaitOnFlagUntilTimeout
                0x08005d86      0x19c ./Drivers/STM32WLxx_HAL_Driver/Src/stm32wlxx_hal_uart.o
                0x08005d86                UART_WaitOnFlagUntilTimeout
 *fill*         0x08005f22        0x2 
 .text.UART_Start_Receive_IT
                0x08005f24      0x240 ./Drivers/STM32WLxx_HAL_Driver/Src/stm32wlxx_hal_uart.o
                0x08005f24                UART_Start_Receive_IT
 .text.UART_EndTxTransfer
                0x08006164       0x80 ./Drivers/STM32WLxx_HAL_Driver/Src/stm32wlxx_hal_uart.o
 .text.UART_EndRxTransfer
                0x080061e4       0xca ./Drivers/STM32WLxx_HAL_Driver/Src/stm32wlxx_hal_uart.o
 .text.UART_DMATransmitCplt
                0x080062ae       0x9a ./Drivers/STM32WLxx_HAL_Driver/Src/stm32wlxx_hal_uart.o
 .text.UART_DMATxHalfCplt
                0x08006348       0x1c ./Drivers/STM32WLxx_HAL_Driver/Src/stm32wlxx_hal_uart.o
 .text.UART_DMAError
                0x08006364       0x80 ./Drivers/STM32WLxx_HAL_Driver/Src/stm32wlxx_hal_uart.o
 .text.UART_DMAAbortOnError
                0x080063e4       0x2c ./Drivers/STM32WLxx_HAL_Driver/Src/stm32wlxx_hal_uart.o
 .text.UART_EndTransmit_IT
                0x08006410       0x56 ./Drivers/STM32WLxx_HAL_Driver/Src/stm32wlxx_hal_uart.o
 *fill*         0x08006466        0x2 
 .text.UART_RxISR_8BIT
                0x08006468      0x1b8 ./Drivers/STM32WLxx_HAL_Driver/Src/stm32wlxx_hal_uart.o
 .text.UART_RxISR_16BIT
                0x08006620      0x1b8 ./Drivers/STM32WLxx_HAL_Driver/Src/stm32wlxx_hal_uart.o
 .text.UART_RxISR_8BIT_FIFOEN
                0x080067d8      0x360 ./Drivers/STM32WLxx_HAL_Driver/Src/stm32wlxx_hal_uart.o
 .text.UART_RxISR_16BIT_FIFOEN
                0x08006b38      0x368 ./Drivers/STM32WLxx_HAL_Driver/Src/stm32wlxx_hal_uart.o
 .text.HAL_UARTEx_WakeupCallback
                0x08006ea0       0x12 ./Drivers/STM32WLxx_HAL_Driver/Src/stm32wlxx_hal_uart_ex.o
                0x08006ea0                HAL_UARTEx_WakeupCallback
 .text.HAL_UARTEx_RxFifoFullCallback
                0x08006eb2       0x12 ./Drivers/STM32WLxx_HAL_Driver/Src/stm32wlxx_hal_uart_ex.o
                0x08006eb2                HAL_UARTEx_RxFifoFullCallback
 .text.HAL_UARTEx_TxFifoEmptyCallback
                0x08006ec4       0x12 ./Drivers/STM32WLxx_HAL_Driver/Src/stm32wlxx_hal_uart_ex.o
                0x08006ec4                HAL_UARTEx_TxFifoEmptyCallback
 .text.HAL_UARTEx_StopModeWakeUpSourceConfig
                0x08006ed6       0xb6 ./Drivers/STM32WLxx_HAL_Driver/Src/stm32wlxx_hal_uart_ex.o
                0x08006ed6                HAL_UARTEx_StopModeWakeUpSourceConfig
 .text.HAL_UARTEx_EnableStopMode
                0x08006f8c       0x64 ./Drivers/STM32WLxx_HAL_Driver/Src/stm32wlxx_hal_uart_ex.o
                0x08006f8c                HAL_UARTEx_EnableStopMode
 .text.HAL_UARTEx_EnableFifoMode
                0x08006ff0       0x76 ./Drivers/STM32WLxx_HAL_Driver/Src/stm32wlxx_hal_uart_ex.o
                0x08006ff0                HAL_UARTEx_EnableFifoMode
 .text.HAL_UARTEx_SetTxFifoThreshold
                0x08007066       0x7c ./Drivers/STM32WLxx_HAL_Driver/Src/stm32wlxx_hal_uart_ex.o
                0x08007066                HAL_UARTEx_SetTxFifoThreshold
 .text.HAL_UARTEx_SetRxFifoThreshold
                0x080070e2       0x7c ./Drivers/STM32WLxx_HAL_Driver/Src/stm32wlxx_hal_uart_ex.o
                0x080070e2                HAL_UARTEx_SetRxFifoThreshold
 .text.UARTEx_Wakeup_AddressConfig
                0x0800715e       0x44 ./Drivers/STM32WLxx_HAL_Driver/Src/stm32wlxx_hal_uart_ex.o
 *fill*         0x080071a2        0x2 
 .text.UARTEx_SetNbDataToProcess
                0x080071a4       0x98 ./Drivers/STM32WLxx_HAL_Driver/Src/stm32wlxx_hal_uart_ex.o
 .text.RadioInit
                0x0800723c       0xb8 ./Middlewares/Third_Party/SubGHz_Phy/stm32_radio_driver/radio.o
 .text.RadioGetStatus
                0x080072f4       0x2e ./Middlewares/Third_Party/SubGHz_Phy/stm32_radio_driver/radio.o
 *fill*         0x08007322        0x2 
 .text.RadioSetModem
                0x08007324       0xb8 ./Middlewares/Third_Party/SubGHz_Phy/stm32_radio_driver/radio.o
 .text.RadioSetChannel
                0x080073dc       0x16 ./Middlewares/Third_Party/SubGHz_Phy/stm32_radio_driver/radio.o
 .text.RadioIsChannelFree
                0x080073f2       0xb4 ./Middlewares/Third_Party/SubGHz_Phy/stm32_radio_driver/radio.o
 .text.RadioRandom
                0x080074a6       0x26 ./Middlewares/Third_Party/SubGHz_Phy/stm32_radio_driver/radio.o
 .text.RadioSetRxConfig
                0x080074cc      0x418 ./Middlewares/Third_Party/SubGHz_Phy/stm32_radio_driver/radio.o
 .text.RadioSetTxConfig
                0x080078e4      0x224 ./Middlewares/Third_Party/SubGHz_Phy/stm32_radio_driver/radio.o
 .text.RadioCheckRfFrequency
                0x08007b08       0x14 ./Middlewares/Third_Party/SubGHz_Phy/stm32_radio_driver/radio.o
 .text.RadioGetLoRaBandwidthInHz
                0x08007b1c       0xac ./Middlewares/Third_Party/SubGHz_Phy/stm32_radio_driver/radio.o
 .text.RadioGetGfskTimeOnAirNumerator
                0x08007bc8       0x54 ./Middlewares/Third_Party/SubGHz_Phy/stm32_radio_driver/radio.o
 .text.RadioGetLoRaTimeOnAirNumerator
                0x08007c1c      0x102 ./Middlewares/Third_Party/SubGHz_Phy/stm32_radio_driver/radio.o
 *fill*         0x08007d1e        0x2 
 .text.RadioTimeOnAir
                0x08007d20       0xb0 ./Middlewares/Third_Party/SubGHz_Phy/stm32_radio_driver/radio.o
 .text.RadioSend
                0x08007dd0      0x200 ./Middlewares/Third_Party/SubGHz_Phy/stm32_radio_driver/radio.o
 .text.RadioSleep
                0x08007fd0       0x26 ./Middlewares/Third_Party/SubGHz_Phy/stm32_radio_driver/radio.o
 .text.RadioStandby
                0x08007ff6        0xe ./Middlewares/Third_Party/SubGHz_Phy/stm32_radio_driver/radio.o
 .text.RadioRx  0x08008004       0x80 ./Middlewares/Third_Party/SubGHz_Phy/stm32_radio_driver/radio.o
 .text.RadioRxBoosted
                0x08008084       0x80 ./Middlewares/Third_Party/SubGHz_Phy/stm32_radio_driver/radio.o
 .text.RadioSetRxDutyCycle
                0x08008104       0x48 ./Middlewares/Third_Party/SubGHz_Phy/stm32_radio_driver/radio.o
 .text.RadioStartCad
                0x0800814c       0x30 ./Middlewares/Third_Party/SubGHz_Phy/stm32_radio_driver/radio.o
 .text.RadioSetTxContinuousWave
                0x0800817c       0x64 ./Middlewares/Third_Party/SubGHz_Phy/stm32_radio_driver/radio.o
 .text.RadioRssi
                0x080081e0       0x18 ./Middlewares/Third_Party/SubGHz_Phy/stm32_radio_driver/radio.o
 .text.RadioWrite
                0x080081f8       0x24 ./Middlewares/Third_Party/SubGHz_Phy/stm32_radio_driver/radio.o
 .text.RadioRead
                0x0800821c       0x1c ./Middlewares/Third_Party/SubGHz_Phy/stm32_radio_driver/radio.o
 .text.RadioWriteRegisters
                0x08008238       0x26 ./Middlewares/Third_Party/SubGHz_Phy/stm32_radio_driver/radio.o
 .text.RadioReadRegisters
                0x0800825e       0x26 ./Middlewares/Third_Party/SubGHz_Phy/stm32_radio_driver/radio.o
 .text.RadioSetMaxPayloadLength
                0x08008284       0x5c ./Middlewares/Third_Party/SubGHz_Phy/stm32_radio_driver/radio.o
 .text.RadioSetPublicNetwork
                0x080082e0       0x5c ./Middlewares/Third_Party/SubGHz_Phy/stm32_radio_driver/radio.o
 .text.RadioGetWakeupTime
                0x0800833c       0x10 ./Middlewares/Third_Party/SubGHz_Phy/stm32_radio_driver/radio.o
 .text.RadioOnTxTimeoutIrq
                0x0800834c       0x14 ./Middlewares/Third_Party/SubGHz_Phy/stm32_radio_driver/radio.o
 .text.RadioOnRxTimeoutIrq
                0x08008360       0x14 ./Middlewares/Third_Party/SubGHz_Phy/stm32_radio_driver/radio.o
 .text.RadioOnTxTimeoutProcess
                0x08008374       0x28 ./Middlewares/Third_Party/SubGHz_Phy/stm32_radio_driver/radio.o
 .text.RadioOnRxTimeoutProcess
                0x0800839c       0x28 ./Middlewares/Third_Party/SubGHz_Phy/stm32_radio_driver/radio.o
 .text.RadioOnDioIrq
                0x080083c4       0x24 ./Middlewares/Third_Party/SubGHz_Phy/stm32_radio_driver/radio.o
 .text.RadioIrqProcess
                0x080083e8      0x44c ./Middlewares/Third_Party/SubGHz_Phy/stm32_radio_driver/radio.o
 .text.RadioTxPrbs
                0x08008834       0x38 ./Middlewares/Third_Party/SubGHz_Phy/stm32_radio_driver/radio.o
 .text.RadioTxCw
                0x0800886c       0x38 ./Middlewares/Third_Party/SubGHz_Phy/stm32_radio_driver/radio.o
 .text.payload_integration
                0x080088a4      0x124 ./Middlewares/Third_Party/SubGHz_Phy/stm32_radio_driver/radio.o
 .text.RadioSetRxGenericConfig
                0x080089c8      0x38c ./Middlewares/Third_Party/SubGHz_Phy/stm32_radio_driver/radio.o
 .text.RadioSetTxGenericConfig
                0x08008d54      0x470 ./Middlewares/Third_Party/SubGHz_Phy/stm32_radio_driver/radio.o
 .text.RadioLrFhssSetCfg
                0x080091c4       0x18 ./Middlewares/Third_Party/SubGHz_Phy/stm32_radio_driver/radio.o
 .text.RadioLrFhssGetTimeOnAirInMs
                0x080091dc       0x16 ./Middlewares/Third_Party/SubGHz_Phy/stm32_radio_driver/radio.o
 *fill*         0x080091f2        0x2 
 .text.SUBGRF_Init
                0x080091f4       0x90 ./Middlewares/Third_Party/SubGHz_Phy/stm32_radio_driver/radio_driver.o
                0x080091f4                SUBGRF_Init
 .text.SUBGRF_GetOperatingMode
                0x08009284       0x14 ./Middlewares/Third_Party/SubGHz_Phy/stm32_radio_driver/radio_driver.o
                0x08009284                SUBGRF_GetOperatingMode
 .text.SUBGRF_SetPayload
                0x08009298       0x20 ./Middlewares/Third_Party/SubGHz_Phy/stm32_radio_driver/radio_driver.o
                0x08009298                SUBGRF_SetPayload
 .text.SUBGRF_GetPayload
                0x080092b8       0x44 ./Middlewares/Third_Party/SubGHz_Phy/stm32_radio_driver/radio_driver.o
                0x080092b8                SUBGRF_GetPayload
 .text.SUBGRF_SendPayload
                0x080092fc       0x26 ./Middlewares/Third_Party/SubGHz_Phy/stm32_radio_driver/radio_driver.o
                0x080092fc                SUBGRF_SendPayload
 .text.SUBGRF_SetSyncWord
                0x08009322       0x1e ./Middlewares/Third_Party/SubGHz_Phy/stm32_radio_driver/radio_driver.o
                0x08009322                SUBGRF_SetSyncWord
 .text.SUBGRF_SetCrcSeed
                0x08009340       0x40 ./Middlewares/Third_Party/SubGHz_Phy/stm32_radio_driver/radio_driver.o
                0x08009340                SUBGRF_SetCrcSeed
 .text.SUBGRF_SetCrcPolynomial
                0x08009380       0x40 ./Middlewares/Third_Party/SubGHz_Phy/stm32_radio_driver/radio_driver.o
                0x08009380                SUBGRF_SetCrcPolynomial
 .text.SUBGRF_SetWhiteningSeed
                0x080093c0       0x66 ./Middlewares/Third_Party/SubGHz_Phy/stm32_radio_driver/radio_driver.o
                0x080093c0                SUBGRF_SetWhiteningSeed
 .text.SUBGRF_GetRandom
                0x08009426       0x8c ./Middlewares/Third_Party/SubGHz_Phy/stm32_radio_driver/radio_driver.o
                0x08009426                SUBGRF_GetRandom
 *fill*         0x080094b2        0x2 
 .text.SUBGRF_SetSleep
                0x080094b4       0x68 ./Middlewares/Third_Party/SubGHz_Phy/stm32_radio_driver/radio_driver.o
                0x080094b4                SUBGRF_SetSleep
 .text.SUBGRF_SetStandby
                0x0800951c       0x38 ./Middlewares/Third_Party/SubGHz_Phy/stm32_radio_driver/radio_driver.o
                0x0800951c                SUBGRF_SetStandby
 .text.SUBGRF_SetTx
                0x08009554       0x40 ./Middlewares/Third_Party/SubGHz_Phy/stm32_radio_driver/radio_driver.o
                0x08009554                SUBGRF_SetTx
 .text.SUBGRF_SetRx
                0x08009594       0x40 ./Middlewares/Third_Party/SubGHz_Phy/stm32_radio_driver/radio_driver.o
                0x08009594                SUBGRF_SetRx
 .text.SUBGRF_SetRxBoosted
                0x080095d4       0x48 ./Middlewares/Third_Party/SubGHz_Phy/stm32_radio_driver/radio_driver.o
                0x080095d4                SUBGRF_SetRxBoosted
 .text.SUBGRF_SetRxDutyCycle
                0x0800961c       0x58 ./Middlewares/Third_Party/SubGHz_Phy/stm32_radio_driver/radio_driver.o
                0x0800961c                SUBGRF_SetRxDutyCycle
 .text.SUBGRF_SetCad
                0x08009674       0x1c ./Middlewares/Third_Party/SubGHz_Phy/stm32_radio_driver/radio_driver.o
                0x08009674                SUBGRF_SetCad
 .text.SUBGRF_SetTxContinuousWave
                0x08009690       0x12 ./Middlewares/Third_Party/SubGHz_Phy/stm32_radio_driver/radio_driver.o
                0x08009690                SUBGRF_SetTxContinuousWave
 .text.SUBGRF_SetTxInfinitePreamble
                0x080096a2       0x12 ./Middlewares/Third_Party/SubGHz_Phy/stm32_radio_driver/radio_driver.o
                0x080096a2                SUBGRF_SetTxInfinitePreamble
 .text.SUBGRF_SetStopRxTimerOnPreambleDetect
                0x080096b4       0x1e ./Middlewares/Third_Party/SubGHz_Phy/stm32_radio_driver/radio_driver.o
                0x080096b4                SUBGRF_SetStopRxTimerOnPreambleDetect
 .text.SUBGRF_SetLoRaSymbNumTimeout
                0x080096d2       0x5e ./Middlewares/Third_Party/SubGHz_Phy/stm32_radio_driver/radio_driver.o
                0x080096d2                SUBGRF_SetLoRaSymbNumTimeout
 .text.SUBGRF_SetRegulatorMode
                0x08009730       0x2e ./Middlewares/Third_Party/SubGHz_Phy/stm32_radio_driver/radio_driver.o
                0x08009730                SUBGRF_SetRegulatorMode
 .text.SUBGRF_Calibrate
                0x0800975e       0x98 ./Middlewares/Third_Party/SubGHz_Phy/stm32_radio_driver/radio_driver.o
                0x0800975e                SUBGRF_Calibrate
 *fill*         0x080097f6        0x2 
 .text.SUBGRF_CalibrateImage
                0x080097f8       0x94 ./Middlewares/Third_Party/SubGHz_Phy/stm32_radio_driver/radio_driver.o
                0x080097f8                SUBGRF_CalibrateImage
 .text.SUBGRF_SetPaConfig
                0x0800988c       0x44 ./Middlewares/Third_Party/SubGHz_Phy/stm32_radio_driver/radio_driver.o
                0x0800988c                SUBGRF_SetPaConfig
 .text.SUBGRF_SetDioIrqParams
                0x080098d0       0x74 ./Middlewares/Third_Party/SubGHz_Phy/stm32_radio_driver/radio_driver.o
                0x080098d0                SUBGRF_SetDioIrqParams
 .text.SUBGRF_SetTcxoMode
                0x08009944       0x42 ./Middlewares/Third_Party/SubGHz_Phy/stm32_radio_driver/radio_driver.o
                0x08009944                SUBGRF_SetTcxoMode
 *fill*         0x08009986        0x2 
 .text.SUBGRF_SetRfFrequency
                0x08009988       0x8c ./Middlewares/Third_Party/SubGHz_Phy/stm32_radio_driver/radio_driver.o
                0x08009988                SUBGRF_SetRfFrequency
 .text.SUBGRF_SetPacketType
                0x08009a14       0x38 ./Middlewares/Third_Party/SubGHz_Phy/stm32_radio_driver/radio_driver.o
                0x08009a14                SUBGRF_SetPacketType
 .text.SUBGRF_GetPacketType
                0x08009a4c       0x14 ./Middlewares/Third_Party/SubGHz_Phy/stm32_radio_driver/radio_driver.o
                0x08009a4c                SUBGRF_GetPacketType
 .text.SUBGRF_SetTxParams
                0x08009a60      0x19a ./Middlewares/Third_Party/SubGHz_Phy/stm32_radio_driver/radio_driver.o
                0x08009a60                SUBGRF_SetTxParams
 *fill*         0x08009bfa        0x2 
 .text.SUBGRF_SetModulationParams
                0x08009bfc      0x19c ./Middlewares/Third_Party/SubGHz_Phy/stm32_radio_driver/radio_driver.o
                0x08009bfc                SUBGRF_SetModulationParams
 .text.SUBGRF_SetPacketParams
                0x08009d98      0x138 ./Middlewares/Third_Party/SubGHz_Phy/stm32_radio_driver/radio_driver.o
                0x08009d98                SUBGRF_SetPacketParams
 .text.SUBGRF_SetBufferBaseAddress
                0x08009ed0       0x2e ./Middlewares/Third_Party/SubGHz_Phy/stm32_radio_driver/radio_driver.o
                0x08009ed0                SUBGRF_SetBufferBaseAddress
 .text.SUBGRF_GetRssiInst
                0x08009efe       0x2a ./Middlewares/Third_Party/SubGHz_Phy/stm32_radio_driver/radio_driver.o
                0x08009efe                SUBGRF_GetRssiInst
 .text.SUBGRF_GetRxBufferStatus
                0x08009f28       0x58 ./Middlewares/Third_Party/SubGHz_Phy/stm32_radio_driver/radio_driver.o
                0x08009f28                SUBGRF_GetRxBufferStatus
 .text.SUBGRF_GetPacketStatus
                0x08009f80       0xa4 ./Middlewares/Third_Party/SubGHz_Phy/stm32_radio_driver/radio_driver.o
                0x08009f80                SUBGRF_GetPacketStatus
 .text.SUBGRF_WriteRegister
                0x0800a024       0x44 ./Middlewares/Third_Party/SubGHz_Phy/stm32_radio_driver/radio_driver.o
                0x0800a024                SUBGRF_WriteRegister
 .text.SUBGRF_ReadRegister
                0x0800a068       0x40 ./Middlewares/Third_Party/SubGHz_Phy/stm32_radio_driver/radio_driver.o
                0x0800a068                SUBGRF_ReadRegister
 .text.SUBGRF_WriteRegisters
                0x0800a0a8       0x44 ./Middlewares/Third_Party/SubGHz_Phy/stm32_radio_driver/radio_driver.o
                0x0800a0a8                SUBGRF_WriteRegisters
 .text.SUBGRF_ReadRegisters
                0x0800a0ec       0x44 ./Middlewares/Third_Party/SubGHz_Phy/stm32_radio_driver/radio_driver.o
                0x0800a0ec                SUBGRF_ReadRegisters
 .text.SUBGRF_WriteBuffer
                0x0800a130       0x44 ./Middlewares/Third_Party/SubGHz_Phy/stm32_radio_driver/radio_driver.o
                0x0800a130                SUBGRF_WriteBuffer
 .text.SUBGRF_ReadBuffer
                0x0800a174       0x44 ./Middlewares/Third_Party/SubGHz_Phy/stm32_radio_driver/radio_driver.o
                0x0800a174                SUBGRF_ReadBuffer
 .text.SUBGRF_WriteCommand
                0x0800a1b8       0x44 ./Middlewares/Third_Party/SubGHz_Phy/stm32_radio_driver/radio_driver.o
                0x0800a1b8                SUBGRF_WriteCommand
 .text.SUBGRF_ReadCommand
                0x0800a1fc       0x44 ./Middlewares/Third_Party/SubGHz_Phy/stm32_radio_driver/radio_driver.o
                0x0800a1fc                SUBGRF_ReadCommand
 .text.SUBGRF_SetSwitch
                0x0800a240       0x50 ./Middlewares/Third_Party/SubGHz_Phy/stm32_radio_driver/radio_driver.o
                0x0800a240                SUBGRF_SetSwitch
 .text.SUBGRF_SetRfTxPower
                0x0800a290       0x68 ./Middlewares/Third_Party/SubGHz_Phy/stm32_radio_driver/radio_driver.o
                0x0800a290                SUBGRF_SetRfTxPower
 .text.SUBGRF_GetRadioWakeUpTime
                0x0800a2f8        0xe ./Middlewares/Third_Party/SubGHz_Phy/stm32_radio_driver/radio_driver.o
                0x0800a2f8                SUBGRF_GetRadioWakeUpTime
 *fill*         0x0800a306        0x2 
 .text.HAL_SUBGHZ_TxCpltCallback
                0x0800a308       0x1c ./Middlewares/Third_Party/SubGHz_Phy/stm32_radio_driver/radio_driver.o
                0x0800a308                HAL_SUBGHZ_TxCpltCallback
 .text.HAL_SUBGHZ_RxCpltCallback
                0x0800a324       0x1c ./Middlewares/Third_Party/SubGHz_Phy/stm32_radio_driver/radio_driver.o
                0x0800a324                HAL_SUBGHZ_RxCpltCallback
 .text.HAL_SUBGHZ_CRCErrorCallback
                0x0800a340       0x1c ./Middlewares/Third_Party/SubGHz_Phy/stm32_radio_driver/radio_driver.o
                0x0800a340                HAL_SUBGHZ_CRCErrorCallback
 .text.HAL_SUBGHZ_CADStatusCallback
                0x0800a35c       0x3c ./Middlewares/Third_Party/SubGHz_Phy/stm32_radio_driver/radio_driver.o
                0x0800a35c                HAL_SUBGHZ_CADStatusCallback
 .text.HAL_SUBGHZ_RxTxTimeoutCallback
                0x0800a398       0x20 ./Middlewares/Third_Party/SubGHz_Phy/stm32_radio_driver/radio_driver.o
                0x0800a398                HAL_SUBGHZ_RxTxTimeoutCallback
 .text.HAL_SUBGHZ_HeaderErrorCallback
                0x0800a3b8       0x1c ./Middlewares/Third_Party/SubGHz_Phy/stm32_radio_driver/radio_driver.o
                0x0800a3b8                HAL_SUBGHZ_HeaderErrorCallback
 .text.HAL_SUBGHZ_PreambleDetectedCallback
                0x0800a3d4       0x1c ./Middlewares/Third_Party/SubGHz_Phy/stm32_radio_driver/radio_driver.o
                0x0800a3d4                HAL_SUBGHZ_PreambleDetectedCallback
 .text.HAL_SUBGHZ_SyncWordValidCallback
                0x0800a3f0       0x1c ./Middlewares/Third_Party/SubGHz_Phy/stm32_radio_driver/radio_driver.o
                0x0800a3f0                HAL_SUBGHZ_SyncWordValidCallback
 .text.HAL_SUBGHZ_HeaderValidCallback
                0x0800a40c       0x1c ./Middlewares/Third_Party/SubGHz_Phy/stm32_radio_driver/radio_driver.o
                0x0800a40c                HAL_SUBGHZ_HeaderValidCallback
 .text.HAL_SUBGHZ_LrFhssHopCallback
                0x0800a428       0x20 ./Middlewares/Third_Party/SubGHz_Phy/stm32_radio_driver/radio_driver.o
                0x0800a428                HAL_SUBGHZ_LrFhssHopCallback
 .text.Radio_SMPS_Set
                0x0800a448       0x42 ./Middlewares/Third_Party/SubGHz_Phy/stm32_radio_driver/radio_driver.o
 *fill*         0x0800a48a        0x2 
 .text.SUBGRF_GetFskBandwidthRegValue
                0x0800a48c       0x50 ./Middlewares/Third_Party/SubGHz_Phy/stm32_radio_driver/radio_driver.o
                0x0800a48c                SUBGRF_GetFskBandwidthRegValue
 .text.SUBGRF_GetCFO
                0x0800a4dc       0xe8 ./Middlewares/Third_Party/SubGHz_Phy/stm32_radio_driver/radio_driver.o
                0x0800a4dc                SUBGRF_GetCFO
 .text.RFW_TransmitLongPacket
                0x0800a5c4       0x24 ./Middlewares/Third_Party/SubGHz_Phy/stm32_radio_driver/radio_fw.o
                0x0800a5c4                RFW_TransmitLongPacket
 .text.RFW_ReceiveLongPacket
                0x0800a5e8       0x24 ./Middlewares/Third_Party/SubGHz_Phy/stm32_radio_driver/radio_fw.o
                0x0800a5e8                RFW_ReceiveLongPacket
 .text.RFW_Init
                0x0800a60c       0x1a ./Middlewares/Third_Party/SubGHz_Phy/stm32_radio_driver/radio_fw.o
                0x0800a60c                RFW_Init
 .text.RFW_DeInit
                0x0800a626        0xc ./Middlewares/Third_Party/SubGHz_Phy/stm32_radio_driver/radio_fw.o
                0x0800a626                RFW_DeInit
 .text.RFW_Is_Init
                0x0800a632        0xe ./Middlewares/Third_Party/SubGHz_Phy/stm32_radio_driver/radio_fw.o
                0x0800a632                RFW_Is_Init
 .text.RFW_Is_LongPacketModeEnabled
                0x0800a640        0xe ./Middlewares/Third_Party/SubGHz_Phy/stm32_radio_driver/radio_fw.o
                0x0800a640                RFW_Is_LongPacketModeEnabled
 .text.RFW_SetAntSwitch
                0x0800a64e       0x14 ./Middlewares/Third_Party/SubGHz_Phy/stm32_radio_driver/radio_fw.o
                0x0800a64e                RFW_SetAntSwitch
 .text.RFW_TransmitInit
                0x0800a662       0x20 ./Middlewares/Third_Party/SubGHz_Phy/stm32_radio_driver/radio_fw.o
                0x0800a662                RFW_TransmitInit
 .text.RFW_ReceiveInit
                0x0800a682       0x10 ./Middlewares/Third_Party/SubGHz_Phy/stm32_radio_driver/radio_fw.o
                0x0800a682                RFW_ReceiveInit
 .text.RFW_DeInit_TxLongPacket
                0x0800a692        0xc ./Middlewares/Third_Party/SubGHz_Phy/stm32_radio_driver/radio_fw.o
                0x0800a692                RFW_DeInit_TxLongPacket
 .text.RFW_ReceivePayload
                0x0800a69e        0xc ./Middlewares/Third_Party/SubGHz_Phy/stm32_radio_driver/radio_fw.o
                0x0800a69e                RFW_ReceivePayload
 .text.RFW_SetRadioModem
                0x0800a6aa       0x14 ./Middlewares/Third_Party/SubGHz_Phy/stm32_radio_driver/radio_fw.o
                0x0800a6aa                RFW_SetRadioModem
 .text.MX_SubGHz_Phy_Init
                0x0800a6be       0x10 ./SubGHz_Phy/App/app_subghz_phy.o
                0x0800a6be                MX_SubGHz_Phy_Init
 .text.MX_SubGHz_Phy_Process
                0x0800a6ce       0x10 ./SubGHz_Phy/App/app_subghz_phy.o
                0x0800a6ce                MX_SubGHz_Phy_Process
 *fill*         0x0800a6de        0x2 
 .text.SubghzApp_Init
                0x0800a6e0      0x1d4 ./SubGHz_Phy/App/subghz_phy_app.o
                0x0800a6e0                SubghzApp_Init
 .text.OnTxDone
                0x0800a8b4       0x2c ./SubGHz_Phy/App/subghz_phy_app.o
 .text.OnRxDone
                0x0800a8e0      0x114 ./SubGHz_Phy/App/subghz_phy_app.o
 .text.OnTxTimeout
                0x0800a9f4       0x2c ./SubGHz_Phy/App/subghz_phy_app.o
 .text.OnRxTimeout
                0x0800aa20       0x2c ./SubGHz_Phy/App/subghz_phy_app.o
 .text.OnRxError
                0x0800aa4c       0x2c ./SubGHz_Phy/App/subghz_phy_app.o
 .text.PingPong_Process
                0x0800aa78      0x264 ./SubGHz_Phy/App/subghz_phy_app.o
 .text.OnledEvent
                0x0800acdc       0x34 ./SubGHz_Phy/App/subghz_phy_app.o
 .text.RBI_Init
                0x0800ad10       0x16 ./SubGHz_Phy/Target/radio_board_if.o
                0x0800ad10                RBI_Init
 .text.RBI_ConfigRFSwitch
                0x0800ad26       0x1a ./SubGHz_Phy/Target/radio_board_if.o
                0x0800ad26                RBI_ConfigRFSwitch
 .text.RBI_GetTxConfig
                0x0800ad40       0x16 ./SubGHz_Phy/Target/radio_board_if.o
                0x0800ad40                RBI_GetTxConfig
 .text.RBI_IsTCXO
                0x0800ad56       0x16 ./SubGHz_Phy/Target/radio_board_if.o
                0x0800ad56                RBI_IsTCXO
 .text.RBI_IsDCDC
                0x0800ad6c       0x16 ./SubGHz_Phy/Target/radio_board_if.o
                0x0800ad6c                RBI_IsDCDC
 .text.RBI_GetRFOMaxPowerConfig
                0x0800ad82       0x2a ./SubGHz_Phy/Target/radio_board_if.o
                0x0800ad82                RBI_GetRFOMaxPowerConfig
 .text.UTIL_LPM_Init
                0x0800adac       0x20 ./Utilities/lpm/tiny_lpm/stm32_lpm.o
                0x0800adac                UTIL_LPM_Init
 .text.UTIL_LPM_SetStopMode
                0x0800adcc       0x60 ./Utilities/lpm/tiny_lpm/stm32_lpm.o
                0x0800adcc                UTIL_LPM_SetStopMode
 .text.UTIL_LPM_SetOffMode
                0x0800ae2c       0x60 ./Utilities/lpm/tiny_lpm/stm32_lpm.o
                0x0800ae2c                UTIL_LPM_SetOffMode
 .text.UTIL_LPM_EnterLowPower
                0x0800ae8c       0x6c ./Utilities/lpm/tiny_lpm/stm32_lpm.o
                0x0800ae8c                UTIL_LPM_EnterLowPower
 .text.UTIL_MEM_cpy_8
                0x0800aef8       0x3e ./Utilities/misc/stm32_mem.o
                0x0800aef8                UTIL_MEM_cpy_8
 .text.UTIL_MEM_set_8
                0x0800af36       0x36 ./Utilities/misc/stm32_mem.o
                0x0800af36                UTIL_MEM_set_8
 .text.SysTimeAdd
                0x0800af6c       0x72 ./Utilities/misc/stm32_systime.o
                0x0800af6c                SysTimeAdd
 *fill*         0x0800afde        0x2 
 .text.SysTimeGet
                0x0800afe0       0x70 ./Utilities/misc/stm32_systime.o
                0x0800afe0                SysTimeGet
 .text.ee_skip_atoi
                0x0800b050       0x4c ./Utilities/misc/stm32_tiny_vsnprintf.o
 .text.ee_number
                0x0800b09c      0x1dc ./Utilities/misc/stm32_tiny_vsnprintf.o
 .text.tiny_vsnprintf_like
                0x0800b278      0x2a4 ./Utilities/misc/stm32_tiny_vsnprintf.o
                0x0800b278                tiny_vsnprintf_like
 .text.UTIL_SEQ_Run
                0x0800b51c      0x1f8 ./Utilities/sequencer/stm32_seq.o
                0x0800b51c                UTIL_SEQ_Run
 .text.UTIL_SEQ_RegTask
                0x0800b714       0x44 ./Utilities/sequencer/stm32_seq.o
                0x0800b714                UTIL_SEQ_RegTask
 .text.UTIL_SEQ_SetTask
                0x0800b758       0x58 ./Utilities/sequencer/stm32_seq.o
                0x0800b758                UTIL_SEQ_SetTask
 .text.UTIL_SEQ_PreIdle
                0x0800b7b0        0xc ./Utilities/sequencer/stm32_seq.o
                0x0800b7b0                UTIL_SEQ_PreIdle
 .text.UTIL_SEQ_PostIdle
                0x0800b7bc        0xc ./Utilities/sequencer/stm32_seq.o
                0x0800b7bc                UTIL_SEQ_PostIdle
 .text.SEQ_BitPosition
                0x0800b7c8       0x70 ./Utilities/sequencer/stm32_seq.o
                0x0800b7c8                SEQ_BitPosition
 .text.UTIL_TIMER_Init
                0x0800b838       0x20 ./Utilities/timer/stm32_timer.o
                0x0800b838                UTIL_TIMER_Init
 .text.UTIL_TIMER_Create
                0x0800b858       0x6c ./Utilities/timer/stm32_timer.o
                0x0800b858                UTIL_TIMER_Create
 .text.UTIL_TIMER_Start
                0x0800b8c4       0xdc ./Utilities/timer/stm32_timer.o
                0x0800b8c4                UTIL_TIMER_Start
 .text.UTIL_TIMER_Stop
                0x0800b9a0       0xe0 ./Utilities/timer/stm32_timer.o
                0x0800b9a0                UTIL_TIMER_Stop
 .text.UTIL_TIMER_SetPeriod
                0x0800ba80       0x54 ./Utilities/timer/stm32_timer.o
                0x0800ba80                UTIL_TIMER_SetPeriod
 .text.UTIL_TIMER_IRQ_Handler
                0x0800bad4      0x100 ./Utilities/timer/stm32_timer.o
                0x0800bad4                UTIL_TIMER_IRQ_Handler
 .text.UTIL_TIMER_GetCurrentTime
                0x0800bbd4       0x24 ./Utilities/timer/stm32_timer.o
                0x0800bbd4                UTIL_TIMER_GetCurrentTime
 .text.UTIL_TIMER_GetElapsedTime
                0x0800bbf8       0x38 ./Utilities/timer/stm32_timer.o
                0x0800bbf8                UTIL_TIMER_GetElapsedTime
 .text.TimerExists
                0x0800bc30       0x38 ./Utilities/timer/stm32_timer.o
                0x0800bc30                TimerExists
 .text.TimerSetTimeout
                0x0800bc68       0x54 ./Utilities/timer/stm32_timer.o
                0x0800bc68                TimerSetTimeout
 .text.TimerInsertTimer
                0x0800bcbc       0x60 ./Utilities/timer/stm32_timer.o
                0x0800bcbc                TimerInsertTimer
 .text.TimerInsertNewHeadTimer
                0x0800bd1c       0x3c ./Utilities/timer/stm32_timer.o
                0x0800bd1c                TimerInsertNewHeadTimer
 .text.UTIL_ADV_TRACE_Init
                0x0800bd58       0x38 ./Utilities/trace/adv_trace/stm32_adv_trace.o
                0x0800bd58                UTIL_ADV_TRACE_Init
 .text.UTIL_ADV_TRACE_COND_FSend
                0x0800bd90      0x100 ./Utilities/trace/adv_trace/stm32_adv_trace.o
                0x0800bd90                UTIL_ADV_TRACE_COND_FSend
 .text.UTIL_ADV_TRACE_RegisterTimeStampFunction
                0x0800be90       0x1c ./Utilities/trace/adv_trace/stm32_adv_trace.o
                0x0800be90                UTIL_ADV_TRACE_RegisterTimeStampFunction
 .text.UTIL_ADV_TRACE_SetVerboseLevel
                0x0800beac       0x20 ./Utilities/trace/adv_trace/stm32_adv_trace.o
                0x0800beac                UTIL_ADV_TRACE_SetVerboseLevel
 .text.TRACE_Send
                0x0800becc      0x108 ./Utilities/trace/adv_trace/stm32_adv_trace.o
 .text.TRACE_TxCpltCallback
                0x0800bfd4      0x118 ./Utilities/trace/adv_trace/stm32_adv_trace.o
 .text.TRACE_AllocateBufer
                0x0800c0ec       0xfc ./Utilities/trace/adv_trace/stm32_adv_trace.o
 .text.TRACE_Lock
                0x0800c1e8       0x3c ./Utilities/trace/adv_trace/stm32_adv_trace.o
 .text.TRACE_UnLock
                0x0800c224       0x3c ./Utilities/trace/adv_trace/stm32_adv_trace.o
 .text.TRACE_IsLocked
                0x0800c260       0x20 ./Utilities/trace/adv_trace/stm32_adv_trace.o
 .text.memset   0x0800c280       0x10 C:/ST/STM32CubeIDE_1.18.1/STM32CubeIDE/plugins/com.st.stm32cube.ide.mcu.externaltools.gnu-tools-for-stm32.13.3.rel1.win32_1.0.0.202411081344/tools/bin/../lib/gcc/arm-none-eabi/13.3.1/../../../../arm-none-eabi/lib/thumb/v7e-m/nofp\libc_nano.a(libc_a-memset.o)
                0x0800c280                memset
 .text.strncmp  0x0800c290       0x24 C:/ST/STM32CubeIDE_1.18.1/STM32CubeIDE/plugins/com.st.stm32cube.ide.mcu.externaltools.gnu-tools-for-stm32.13.3.rel1.win32_1.0.0.202411081344/tools/bin/../lib/gcc/arm-none-eabi/13.3.1/../../../../arm-none-eabi/lib/thumb/v7e-m/nofp\libc_nano.a(libc_a-strncmp.o)
                0x0800c290                strncmp
 .text.__libc_init_array
                0x0800c2b4       0x48 C:/ST/STM32CubeIDE_1.18.1/STM32CubeIDE/plugins/com.st.stm32cube.ide.mcu.externaltools.gnu-tools-for-stm32.13.3.rel1.win32_1.0.0.202411081344/tools/bin/../lib/gcc/arm-none-eabi/13.3.1/../../../../arm-none-eabi/lib/thumb/v7e-m/nofp\libc_nano.a(libc_a-init.o)
                0x0800c2b4                __libc_init_array
 .text.memcpy   0x0800c2fc       0x1c C:/ST/STM32CubeIDE_1.18.1/STM32CubeIDE/plugins/com.st.stm32cube.ide.mcu.externaltools.gnu-tools-for-stm32.13.3.rel1.win32_1.0.0.202411081344/tools/bin/../lib/gcc/arm-none-eabi/13.3.1/../../../../arm-none-eabi/lib/thumb/v7e-m/nofp\libc_nano.a(libc_a-memcpy-stub.o)
                0x0800c2fc                memcpy
 *(.glue_7)
 .glue_7        0x0800c318        0x0 linker stubs
 *(.glue_7t)
 .glue_7t       0x0800c318        0x0 linker stubs
 *(.eh_frame)
 .eh_frame      0x0800c318        0x0 C:/ST/STM32CubeIDE_1.18.1/STM32CubeIDE/plugins/com.st.stm32cube.ide.mcu.externaltools.gnu-tools-for-stm32.13.3.rel1.win32_1.0.0.202411081344/tools/bin/../lib/gcc/arm-none-eabi/13.3.1/thumb/v7e-m/nofp/crtbegin.o
 *(.init)
 .init          0x0800c318        0x4 C:/ST/STM32CubeIDE_1.18.1/STM32CubeIDE/plugins/com.st.stm32cube.ide.mcu.externaltools.gnu-tools-for-stm32.13.3.rel1.win32_1.0.0.202411081344/tools/bin/../lib/gcc/arm-none-eabi/13.3.1/thumb/v7e-m/nofp/crti.o
                0x0800c318                _init
 .init          0x0800c31c        0x8 C:/ST/STM32CubeIDE_1.18.1/STM32CubeIDE/plugins/com.st.stm32cube.ide.mcu.externaltools.gnu-tools-for-stm32.13.3.rel1.win32_1.0.0.202411081344/tools/bin/../lib/gcc/arm-none-eabi/13.3.1/thumb/v7e-m/nofp/crtn.o
 *(.fini)
 .fini          0x0800c324        0x4 C:/ST/STM32CubeIDE_1.18.1/STM32CubeIDE/plugins/com.st.stm32cube.ide.mcu.externaltools.gnu-tools-for-stm32.13.3.rel1.win32_1.0.0.202411081344/tools/bin/../lib/gcc/arm-none-eabi/13.3.1/thumb/v7e-m/nofp/crti.o
                0x0800c324                _fini
 .fini          0x0800c328        0x8 C:/ST/STM32CubeIDE_1.18.1/STM32CubeIDE/plugins/com.st.stm32cube.ide.mcu.externaltools.gnu-tools-for-stm32.13.3.rel1.win32_1.0.0.202411081344/tools/bin/../lib/gcc/arm-none-eabi/13.3.1/thumb/v7e-m/nofp/crtn.o
                0x0800c330                        . = ALIGN (0x4)
                0x0800c330                        _etext = .

.vfp11_veneer   0x0800c330        0x0
 .vfp11_veneer  0x0800c330        0x0 linker stubs

.v4_bx          0x0800c330        0x0
 .v4_bx         0x0800c330        0x0 linker stubs

.iplt           0x0800c330        0x0
 .iplt          0x0800c330        0x0 C:/ST/STM32CubeIDE_1.18.1/STM32CubeIDE/plugins/com.st.stm32cube.ide.mcu.externaltools.gnu-tools-for-stm32.13.3.rel1.win32_1.0.0.202411081344/tools/bin/../lib/gcc/arm-none-eabi/13.3.1/thumb/v7e-m/nofp/crtbegin.o

.rodata         0x0800c330      0x538
                0x0800c330                        . = ALIGN (0x4)
 *(.rodata)
 .rodata        0x0800c330        0x9 ./Core/Src/sys_app.o
 *fill*         0x0800c339        0x3 
 .rodata        0x0800c33c       0x1c ./Drivers/STM32WLxx_HAL_Driver/Src/stm32wlxx_hal_rcc.o
 .rodata        0x0800c358       0x7c ./Middlewares/Third_Party/SubGHz_Phy/stm32_radio_driver/radio.o
 .rodata        0x0800c3d4      0x1bb ./SubGHz_Phy/App/subghz_phy_app.o
 *fill*         0x0800c58f        0x1 
 .rodata        0x0800c590       0x57 ./Utilities/misc/stm32_tiny_vsnprintf.o
 *(.rodata*)
 *fill*         0x0800c5e7        0x1 
 .rodata.UTIL_PowerDriver
                0x0800c5e8       0x18 ./Core/Src/stm32_lpm_if.o
                0x0800c5e8                UTIL_PowerDriver
 .rodata.AHBPrescTable
                0x0800c600       0x40 ./Core/Src/system_stm32wlxx.o
                0x0800c600                AHBPrescTable
 .rodata.APBPrescTable
                0x0800c640       0x20 ./Core/Src/system_stm32wlxx.o
                0x0800c640                APBPrescTable
 .rodata.MSIRangeTable
                0x0800c660       0x40 ./Core/Src/system_stm32wlxx.o
                0x0800c660                MSIRangeTable
 .rodata.UTIL_TimerDriver
                0x0800c6a0       0x2c ./Core/Src/timer_if.o
                0x0800c6a0                UTIL_TimerDriver
 .rodata.UTIL_SYSTIMDriver
                0x0800c6cc       0x14 ./Core/Src/timer_if.o
                0x0800c6cc                UTIL_SYSTIMDriver
 .rodata.UTIL_TraceDriver
                0x0800c6e0       0x10 ./Core/Src/usart_if.o
                0x0800c6e0                UTIL_TraceDriver
 .rodata.UARTPrescTable
                0x0800c6f0       0x18 ./Drivers/STM32WLxx_HAL_Driver/Src/stm32wlxx_hal_uart.o
                0x0800c6f0                UARTPrescTable
 .rodata.numerator.1
                0x0800c708        0x8 ./Drivers/STM32WLxx_HAL_Driver/Src/stm32wlxx_hal_uart_ex.o
 .rodata.denominator.0
                0x0800c710        0x8 ./Drivers/STM32WLxx_HAL_Driver/Src/stm32wlxx_hal_uart_ex.o
 .rodata.Radio  0x0800c718       0x8c ./Middlewares/Third_Party/SubGHz_Phy/stm32_radio_driver/radio.o
                0x0800c718                Radio
 .rodata.Bandwidths
                0x0800c7a4        0x3 ./Middlewares/Third_Party/SubGHz_Phy/stm32_radio_driver/radio.o
                0x0800c7a4                Bandwidths
 *fill*         0x0800c7a7        0x1 
 .rodata.FskBandwidths
                0x0800c7a8       0xb0 ./Middlewares/Third_Party/SubGHz_Phy/stm32_radio_driver/radio_driver.o
 .rodata.SEQ_clz_table_4bit
                0x0800c858       0x10 ./Utilities/sequencer/stm32_seq.o
                0x0800c858                SEQ_clz_table_4bit
                0x0800c868                        . = ALIGN (0x4)

.ARM.extab      0x0800c868        0x0
                0x0800c868                        . = ALIGN (0x4)
 *(.ARM.extab* .gnu.linkonce.armextab.*)
                0x0800c868                        . = ALIGN (0x4)

.ARM            0x0800c868        0x8
                0x0800c868                        . = ALIGN (0x4)
                0x0800c868                        __exidx_start = .
 *(.ARM.exidx*)
 .ARM.exidx     0x0800c868        0x8 C:/ST/STM32CubeIDE_1.18.1/STM32CubeIDE/plugins/com.st.stm32cube.ide.mcu.externaltools.gnu-tools-for-stm32.13.3.rel1.win32_1.0.0.202411081344/tools/bin/../lib/gcc/arm-none-eabi/13.3.1/../../../../arm-none-eabi/lib/thumb/v7e-m/nofp\libc_nano.a(libc_a-strlen.o)
 .ARM.exidx     0x0800c870        0x0 C:/ST/STM32CubeIDE_1.18.1/STM32CubeIDE/plugins/com.st.stm32cube.ide.mcu.externaltools.gnu-tools-for-stm32.13.3.rel1.win32_1.0.0.202411081344/tools/bin/../lib/gcc/arm-none-eabi/13.3.1/thumb/v7e-m/nofp\libgcc.a(_udivmoddi4.o)
                                  0x8 (size before relaxing)
                0x0800c870                        __exidx_end = .
                0x0800c870                        . = ALIGN (0x4)

.preinit_array  0x0800c870        0x0
                0x0800c870                        . = ALIGN (0x4)
                0x0800c870                        PROVIDE (__preinit_array_start = .)
 *(.preinit_array*)
                0x0800c870                        PROVIDE (__preinit_array_end = .)
                0x0800c870                        . = ALIGN (0x4)

.init_array     0x0800c870        0x4
                0x0800c870                        . = ALIGN (0x4)
                0x0800c870                        PROVIDE (__init_array_start = .)
 *(SORT_BY_NAME(.init_array.*))
 *(.init_array*)
 .init_array    0x0800c870        0x4 C:/ST/STM32CubeIDE_1.18.1/STM32CubeIDE/plugins/com.st.stm32cube.ide.mcu.externaltools.gnu-tools-for-stm32.13.3.rel1.win32_1.0.0.202411081344/tools/bin/../lib/gcc/arm-none-eabi/13.3.1/thumb/v7e-m/nofp/crtbegin.o
                0x0800c874                        PROVIDE (__init_array_end = .)
                0x0800c874                        . = ALIGN (0x4)

.fini_array     0x0800c874        0x4
                0x0800c874                        . = ALIGN (0x4)
                [!provide]                        PROVIDE (__fini_array_start = .)
 *(SORT_BY_NAME(.fini_array.*))
 *(.fini_array*)
 .fini_array    0x0800c874        0x4 C:/ST/STM32CubeIDE_1.18.1/STM32CubeIDE/plugins/com.st.stm32cube.ide.mcu.externaltools.gnu-tools-for-stm32.13.3.rel1.win32_1.0.0.202411081344/tools/bin/../lib/gcc/arm-none-eabi/13.3.1/thumb/v7e-m/nofp/crtbegin.o
                [!provide]                        PROVIDE (__fini_array_end = .)
                0x0800c878                        . = ALIGN (0x4)
                0x0800c878                        _sidata = LOADADDR (.data)

.rel.dyn        0x0800c878        0x0
 .rel.iplt      0x0800c878        0x0 C:/ST/STM32CubeIDE_1.18.1/STM32CubeIDE/plugins/com.st.stm32cube.ide.mcu.externaltools.gnu-tools-for-stm32.13.3.rel1.win32_1.0.0.202411081344/tools/bin/../lib/gcc/arm-none-eabi/13.3.1/thumb/v7e-m/nofp/crtbegin.o

.data           0x20000000       0x1c load address 0x0800c878
                0x20000000                        . = ALIGN (0x4)
                0x20000000                        _sdata = .
 *(.data)
 *(.data*)
 .data.SystemCoreClock
                0x20000000        0x4 ./Core/Src/system_stm32wlxx.o
                0x20000000                SystemCoreClock
 .data.uwTickPrio
                0x20000004        0x4 ./Drivers/STM32WLxx_HAL_Driver/Src/stm32wlxx_hal.o
                0x20000004                uwTickPrio
 .data.MaxPayloadLength
                0x20000008        0x1 ./Middlewares/Third_Party/SubGHz_Phy/stm32_radio_driver/radio.o
 .data.isMaster
                0x20000009        0x1 ./SubGHz_Phy/App/subghz_phy_app.o
                0x20000009                isMaster
 *fill*         0x2000000a        0x2 
 .data.lower_digits
                0x2000000c        0x4 ./Utilities/misc/stm32_tiny_vsnprintf.o
 .data.upper_digits
                0x20000010        0x4 ./Utilities/misc/stm32_tiny_vsnprintf.o
 .data.TaskMask
                0x20000014        0x4 ./Utilities/sequencer/stm32_seq.o
 .data.SuperMask
                0x20000018        0x4 ./Utilities/sequencer/stm32_seq.o
 *(.RamFunc)
 *(.RamFunc*)
                0x2000001c                        . = ALIGN (0x4)
                0x2000001c                        _edata = .

.igot.plt       0x2000001c        0x0 load address 0x0800c894
 .igot.plt      0x2000001c        0x0 C:/ST/STM32CubeIDE_1.18.1/STM32CubeIDE/plugins/com.st.stm32cube.ide.mcu.externaltools.gnu-tools-for-stm32.13.3.rel1.win32_1.0.0.202411081344/tools/bin/../lib/gcc/arm-none-eabi/13.3.1/thumb/v7e-m/nofp/crtbegin.o
                0x2000001c                        . = ALIGN (0x4)

.bss            0x2000001c      0x888 load address 0x0800c894
                0x2000001c                        _sbss = .
                0x2000001c                        __bss_start__ = _sbss
 *(.bss)
 .bss           0x2000001c       0x1c C:/ST/STM32CubeIDE_1.18.1/STM32CubeIDE/plugins/com.st.stm32cube.ide.mcu.externaltools.gnu-tools-for-stm32.13.3.rel1.win32_1.0.0.202411081344/tools/bin/../lib/gcc/arm-none-eabi/13.3.1/thumb/v7e-m/nofp/crtbegin.o
 *(.bss*)
 .bss.hrtc      0x20000038       0x38 ./Core/Src/rtc.o
                0x20000038                hrtc
 .bss.hsubghz   0x20000070        0xc ./Core/Src/subghz.o
                0x20000070                hsubghz
 .bss.SYS_TimerInitialisedFlag
                0x2000007c        0x1 ./Core/Src/sys_app.o
 .bss.RTC_Initialized
                0x2000007d        0x1 ./Core/Src/timer_if.o
 *fill*         0x2000007e        0x2 
 .bss.RtcTimerContext
                0x20000080        0x4 ./Core/Src/timer_if.o
 .bss.huart2    0x20000084       0x94 ./Core/Src/usart.o
                0x20000084                huart2
 .bss.hdma_usart2_tx
                0x20000118       0x60 ./Core/Src/usart.o
                0x20000118                hdma_usart2_tx
 .bss.charRx    0x20000178        0x1 ./Core/Src/usart_if.o
                0x20000178                charRx
 *fill*         0x20000179        0x3 
 .bss.TxCpltCallback
                0x2000017c        0x4 ./Core/Src/usart_if.o
 .bss.RxCpltCallback
                0x20000180        0x4 ./Core/Src/usart_if.o
 .bss.RadioBuffer
                0x20000184       0xff ./Middlewares/Third_Party/SubGHz_Phy/stm32_radio_driver/radio.o
 *fill*         0x20000283        0x1 
 .bss.RadioEvents
                0x20000284        0x4 ./Middlewares/Third_Party/SubGHz_Phy/stm32_radio_driver/radio.o
 .bss.SubgRf    0x20000288       0x5c ./Middlewares/Third_Party/SubGHz_Phy/stm32_radio_driver/radio.o
                0x20000288                SubgRf
 .bss.TxTimeoutTimer
                0x200002e4       0x18 ./Middlewares/Third_Party/SubGHz_Phy/stm32_radio_driver/radio.o
                0x200002e4                TxTimeoutTimer
 .bss.RxTimeoutTimer
                0x200002fc       0x18 ./Middlewares/Third_Party/SubGHz_Phy/stm32_radio_driver/radio.o
                0x200002fc                RxTimeoutTimer
 .bss.OperatingMode
                0x20000314        0x1 ./Middlewares/Third_Party/SubGHz_Phy/stm32_radio_driver/radio_driver.o
 .bss.PacketType
                0x20000315        0x1 ./Middlewares/Third_Party/SubGHz_Phy/stm32_radio_driver/radio_driver.o
 .bss.LoRaHeaderType
                0x20000316        0x1 ./Middlewares/Third_Party/SubGHz_Phy/stm32_radio_driver/radio_driver.o
 *fill*         0x20000317        0x1 
 .bss.FrequencyError
                0x20000318        0x4 ./Middlewares/Third_Party/SubGHz_Phy/stm32_radio_driver/radio_driver.o
                0x20000318                FrequencyError
 .bss.ImageCalibrated
                0x2000031c        0x1 ./Middlewares/Third_Party/SubGHz_Phy/stm32_radio_driver/radio_driver.o
 *fill*         0x2000031d        0x3 
 .bss.RadioOnDioIrqCb
                0x20000320        0x4 ./Middlewares/Third_Party/SubGHz_Phy/stm32_radio_driver/radio_driver.o
 .bss.RadioEvents
                0x20000324       0x1c ./SubGHz_Phy/App/subghz_phy_app.o
 .bss.State     0x20000340        0x1 ./SubGHz_Phy/App/subghz_phy_app.o
 *fill*         0x20000341        0x3 
 .bss.BufferRx  0x20000344       0xff ./SubGHz_Phy/App/subghz_phy_app.o
 *fill*         0x20000443        0x1 
 .bss.BufferTx  0x20000444       0xff ./SubGHz_Phy/App/subghz_phy_app.o
 *fill*         0x20000543        0x1 
 .bss.RxBufferSize