Archive member included to satisfy reference by file (symbol)

C:/ST/STM32CubeIDE_1.18.1/STM32CubeIDE/plugins/com.st.stm32cube.ide.mcu.externaltools.gnu-tools-for-stm32.13.3.rel1.win32_1.0.0.202411081344/tools/bin/../lib/gcc/arm-none-eabi/13.3.1/../../../../arm-none-eabi/lib/thumb/v7e-m/nofp\libc_nano.a(libc_a-exit.o)
                              C:/ST/STM32CubeIDE_1.18.1/STM32CubeIDE/plugins/com.st.stm32cube.ide.mcu.externaltools.gnu-tools-for-stm32.13.3.rel1.win32_1.0.0.202411081344/tools/bin/../lib/gcc/arm-none-eabi/13.3.1/../../../../arm-none-eabi/lib/thumb/v7e-m/nofp/crt0.o (exit)
C:/ST/STM32CubeIDE_1.18.1/STM32CubeIDE/plugins/com.st.stm32cube.ide.mcu.externaltools.gnu-tools-for-stm32.13.3.rel1.win32_1.0.0.202411081344/tools/bin/../lib/gcc/arm-none-eabi/13.3.1/../../../../arm-none-eabi/lib/thumb/v7e-m/nofp\libc_nano.a(libc_a-findfp.o)
                              C:/ST/STM32CubeIDE_1.18.1/STM32CubeIDE/plugins/com.st.stm32cube.ide.mcu.externaltools.gnu-tools-for-stm32.13.3.rel1.win32_1.0.0.202411081344/tools/bin/../lib/gcc/arm-none-eabi/13.3.1/../../../../arm-none-eabi/lib/thumb/v7e-m/nofp\libc_nano.a(libc_a-exit.o) (__stdio_exit_handler)
C:/ST/STM32CubeIDE_1.18.1/STM32CubeIDE/plugins/com.st.stm32cube.ide.mcu.externaltools.gnu-tools-for-stm32.13.3.rel1.win32_1.0.0.202411081344/tools/bin/../lib/gcc/arm-none-eabi/13.3.1/../../../../arm-none-eabi/lib/thumb/v7e-m/nofp\libc_nano.a(libc_a-fwalk.o)
                              C:/ST/STM32CubeIDE_1.18.1/STM32CubeIDE/plugins/com.st.stm32cube.ide.mcu.externaltools.gnu-tools-for-stm32.13.3.rel1.win32_1.0.0.202411081344/tools/bin/../lib/gcc/arm-none-eabi/13.3.1/../../../../arm-none-eabi/lib/thumb/v7e-m/nofp\libc_nano.a(libc_a-findfp.o) (_fwalk_sglue)
C:/ST/STM32CubeIDE_1.18.1/STM32CubeIDE/plugins/com.st.stm32cube.ide.mcu.externaltools.gnu-tools-for-stm32.13.3.rel1.win32_1.0.0.202411081344/tools/bin/../lib/gcc/arm-none-eabi/13.3.1/../../../../arm-none-eabi/lib/thumb/v7e-m/nofp\libc_nano.a(libc_a-stdio.o)
                              C:/ST/STM32CubeIDE_1.18.1/STM32CubeIDE/plugins/com.st.stm32cube.ide.mcu.externaltools.gnu-tools-for-stm32.13.3.rel1.win32_1.0.0.202411081344/tools/bin/../lib/gcc/arm-none-eabi/13.3.1/../../../../arm-none-eabi/lib/thumb/v7e-m/nofp\libc_nano.a(libc_a-findfp.o) (__sread)
C:/ST/STM32CubeIDE_1.18.1/STM32CubeIDE/plugins/com.st.stm32cube.ide.mcu.externaltools.gnu-tools-for-stm32.13.3.rel1.win32_1.0.0.202411081344/tools/bin/../lib/gcc/arm-none-eabi/13.3.1/../../../../arm-none-eabi/lib/thumb/v7e-m/nofp\libc_nano.a(libc_a-memset.o)
                              C:/ST/STM32CubeIDE_1.18.1/STM32CubeIDE/plugins/com.st.stm32cube.ide.mcu.externaltools.gnu-tools-for-stm32.13.3.rel1.win32_1.0.0.202411081344/tools/bin/../lib/gcc/arm-none-eabi/13.3.1/../../../../arm-none-eabi/lib/thumb/v7e-m/nofp/crt0.o (memset)
C:/ST/STM32CubeIDE_1.18.1/STM32CubeIDE/plugins/com.st.stm32cube.ide.mcu.externaltools.gnu-tools-for-stm32.13.3.rel1.win32_1.0.0.202411081344/tools/bin/../lib/gcc/arm-none-eabi/13.3.1/../../../../arm-none-eabi/lib/thumb/v7e-m/nofp\libc_nano.a(libc_a-closer.o)
                              C:/ST/STM32CubeIDE_1.18.1/STM32CubeIDE/plugins/com.st.stm32cube.ide.mcu.externaltools.gnu-tools-for-stm32.13.3.rel1.win32_1.0.0.202411081344/tools/bin/../lib/gcc/arm-none-eabi/13.3.1/../../../../arm-none-eabi/lib/thumb/v7e-m/nofp\libc_nano.a(libc_a-stdio.o) (_close_r)
C:/ST/STM32CubeIDE_1.18.1/STM32CubeIDE/plugins/com.st.stm32cube.ide.mcu.externaltools.gnu-tools-for-stm32.13.3.rel1.win32_1.0.0.202411081344/tools/bin/../lib/gcc/arm-none-eabi/13.3.1/../../../../arm-none-eabi/lib/thumb/v7e-m/nofp\libc_nano.a(libc_a-reent.o)
                              C:/ST/STM32CubeIDE_1.18.1/STM32CubeIDE/plugins/com.st.stm32cube.ide.mcu.externaltools.gnu-tools-for-stm32.13.3.rel1.win32_1.0.0.202411081344/tools/bin/../lib/gcc/arm-none-eabi/13.3.1/../../../../arm-none-eabi/lib/thumb/v7e-m/nofp\libc_nano.a(libc_a-closer.o) (errno)
C:/ST/STM32CubeIDE_1.18.1/STM32CubeIDE/plugins/com.st.stm32cube.ide.mcu.externaltools.gnu-tools-for-stm32.13.3.rel1.win32_1.0.0.202411081344/tools/bin/../lib/gcc/arm-none-eabi/13.3.1/../../../../arm-none-eabi/lib/thumb/v7e-m/nofp\libc_nano.a(libc_a-impure.o)
                              C:/ST/STM32CubeIDE_1.18.1/STM32CubeIDE/plugins/com.st.stm32cube.ide.mcu.externaltools.gnu-tools-for-stm32.13.3.rel1.win32_1.0.0.202411081344/tools/bin/../lib/gcc/arm-none-eabi/13.3.1/../../../../arm-none-eabi/lib/thumb/v7e-m/nofp\libc_nano.a(libc_a-reent.o) (_impure_ptr)
C:/ST/STM32CubeIDE_1.18.1/STM32CubeIDE/plugins/com.st.stm32cube.ide.mcu.externaltools.gnu-tools-for-stm32.13.3.rel1.win32_1.0.0.202411081344/tools/bin/../lib/gcc/arm-none-eabi/13.3.1/../../../../arm-none-eabi/lib/thumb/v7e-m/nofp\libc_nano.a(libc_a-lseekr.o)
[...]
Memory Configuration

Name             Origin             Length             Attributes
RAM              0x20000000         0x00010000         xrw
RAM2             0x10000000         0x00008000         xrw
FLASH            0x08000000         0x00040000         xr
*default*        0x00000000         0xffffffff

Linker script and memory map

LOAD C:/ST/STM32CubeIDE_1.18.1/STM32CubeIDE/plugins/com.st.stm32cube.ide.mcu.externaltools.gnu-tools-for-stm32.13.3.rel1.win32_1.0.0.202411081344/tools/bin/../lib/gcc/arm-none-eabi/13.3.1/thumb/v7e-m/nofp/crti.o
LOAD C:/ST/STM32CubeIDE_1.18.1/STM32CubeIDE/plugins/com.st.stm32cube.ide.mcu.externaltools.gnu-tools-for-stm32.13.3.rel1.win32_1.0.0.202411081344/tools/bin/../lib/gcc/arm-none-eabi/13.3.1/thumb/v7e-m/nofp/crtbegin.o
LOAD C:/ST/STM32CubeIDE_1.18.1/STM32CubeIDE/plugins/com.st.stm32cube.ide.mcu.externaltools.gnu-tools-for-stm32.13.3.rel1.win32_1.0.0.202411081344/tools/bin/../lib/gcc/arm-none-eabi/13.3.1/../../../../arm-none-eabi/lib/thumb/v7e-m/nofp/crt0.o
LOAD ./Core/Src/dma.o
LOAD ./Core/Src/gpio.o
LOAD ./Core/Src/main.o
LOAD ./Core/Src/rtc.o
LOAD ./Core/Src/stm32_lpm_if.o
LOAD ./Core/Src/stm32wlxx_hal_msp.o
LOAD ./Core/Src/stm32wlxx_it.o
LOAD ./Core/Src/subghz.o
LOAD ./Core/Src/sys_app.o
LOAD ./Core/Src/sys_debug.o
LOAD ./Core/Src/syscalls.o
LOAD ./Core/Src/sysmem.o
LOAD ./Core/Src/system_stm32wlxx.o
LOAD ./Core/Src/timer_if.o
LOAD ./Core/Src/usart.o
LOAD ./Core/Src/usart_if.o
LOAD ./Core/Startup/startup_stm32wl55jcix.o
LOAD ./Drivers/BSP/STM32WLxx_Nucleo/stm32wlxx_nucleo.o
LOAD ./Drivers/BSP/STM32WLxx_Nucleo/stm32wlxx_nucleo_radio.o
LOAD ./Drivers/STM32WLxx_HAL_Driver/Src/stm32wlxx_hal.o
LOAD ./Drivers/STM32WLxx_HAL_Driver/Src/stm32wlxx_hal_cortex.o
LOAD ./Drivers/STM32WLxx_HAL_Driver/Src/stm32wlxx_hal_dma.o
LOAD ./Drivers/STM32WLxx_HAL_Driver/Src/stm32wlxx_hal_dma_ex.o
LOAD ./Drivers/STM32WLxx_HAL_Driver/Src/stm32wlxx_hal_exti.o
LOAD ./Drivers/STM32WLxx_HAL_Driver/Src/stm32wlxx_hal_flash.o
LOAD ./Drivers/STM32WLxx_HAL_Driver/Src/stm32wlxx_hal_flash_ex.o
LOAD ./Drivers/STM32WLxx_HAL_Driver/Src/stm32wlxx_hal_gpio.o
LOAD ./Drivers/STM32WLxx_HAL_Driver/Src/stm32wlxx_hal_pwr.o
LOAD ./Drivers/STM32WLxx_HAL_Driver/Src/stm32wlxx_hal_pwr_ex.o
LOAD ./Drivers/STM32WLxx_HAL_Driver/Src/stm32wlxx_hal_rcc.o
LOAD ./Drivers/STM32WLxx_HAL_Driver/Src/stm32wlxx_hal_rcc_ex.o
LOAD ./Drivers/STM32WLxx_HAL_Driver/Src/stm32wlxx_hal_rtc.o
LOAD ./Drivers/STM32WLxx_HAL_Driver/Src/stm32wlxx_hal_rtc_ex.o
LOAD ./Drivers/STM32WLxx_HAL_Driver/Src/stm32wlxx_hal_subghz.o
LOAD ./Drivers/STM32WLxx_HAL_Driver/Src/stm32wlxx_hal_uart.o
LOAD ./Drivers/STM32WLxx_HAL_Driver/Src/stm32wlxx_hal_uart_ex.o
LOAD ./Middlewares/Third_Party/SubGHz_Phy/stm32_radio_driver/lr_fhss_mac.o
LOAD ./Middlewares/Third_Party/SubGHz_Phy/stm32_radio_driver/radio.o
LOAD ./Middlewares/Third_Party/SubGHz_Phy/stm32_radio_driver/radio_driver.o
LOAD ./Middlewares/Third_Party/SubGHz_Phy/stm32_radio_driver/radio_fw.o
LOAD ./Middlewares/Third_Party/SubGHz_Phy/stm32_radio_driver/wl_lr_fhss.o
LOAD ./SubGHz_Phy/App/app_subghz_phy.o
LOAD ./SubGHz_Phy/App/subghz_phy_app.o
LOAD ./SubGHz_Phy/Target/radio_board_if.o
LOAD ./Utilities/lpm/tiny_lpm/stm32_lpm.o
LOAD ./Utilities/misc/stm32_mem.o
LOAD ./Utilities/misc/stm32_systime.o
LOAD ./Utilities/misc/stm32_tiny_sscanf.o
LOAD ./Utilities/misc/stm32_tiny_vsnprintf.o
LOAD ./Utilities/sequencer/stm32_seq.o
LOAD ./Utilities/timer/stm32_timer.o
LOAD ./Utilities/trace/adv_trace/stm32_adv_trace.o
START GROUP
LOAD C:/ST/STM32CubeIDE_1.18.1/STM32CubeIDE/plugins/com.st.stm32cube.ide.mcu.externaltools.gnu-tools-for-stm32.13.3.rel1.win32_1.0.0.202411081344/tools/bin/../lib/gcc/arm-none-eabi/13.3.1/../../../../arm-none-eabi/lib/thumb/v7e-m/nofp\libc_nano.a
LOAD C:/ST/STM32CubeIDE_1.18.1/STM32CubeIDE/plugins/com.st.stm32cube.ide.mcu.externaltools.gnu-tools-for-stm32.13.3.rel1.win32_1.0.0.202411081344/tools/bin/../lib/gcc/arm-none-eabi/13.3.1/../../../../arm-none-eabi/lib/thumb/v7e-m/nofp\libm.a
END GROUP
START GROUP
LOAD C:/ST/STM32CubeIDE_1.18.1/STM32CubeIDE/plugins/com.st.stm32cube.ide.mcu.externaltools.gnu-tools-for-stm32.13.3.rel1.win32_1.0.0.202411081344/tools/bin/../lib/gcc/arm-none-eabi/13.3.1/thumb/v7e-m/nofp\libgcc.a
LOAD C:/ST/STM32CubeIDE_1.18.1/STM32CubeIDE/plugins/com.st.stm32cube.ide.mcu.externaltools.gnu-tools-for-stm32.13.3.rel1.win32_1.0.0.202411081344/tools/bin/../lib/gcc/arm-none-eabi/13.3.1/../../../../arm-none-eabi/lib/thumb/v7e-m/nofp\libc_nano.a
END GROUP
START GROUP
LOAD C:/ST/STM32CubeIDE_1.18.1/STM32CubeIDE/plugins/com.st.stm32cube.ide.mcu.externaltools.gnu-tools-for-stm32.13.3.rel1.win32_1.0.0.202411081344/tools/bin/../lib/gcc/arm-none-eabi/13.3.1/thumb/v7e-m/nofp\libgcc.a
LOAD C:/ST/STM32CubeIDE_1.18.1/STM32CubeIDE/plugins/com.st.stm32cube.ide.mcu.externaltools.gnu-tools-for-stm32.13.3.rel1.win32_1.0.0.202411081344/tools/bin/../lib/gcc/arm-none-eabi/13.3.1/../../../../arm-none-eabi/lib/thumb/v7e-m/nofp\libc_nano.a
LOAD C:/ST/STM32CubeIDE_1.18.1/STM32CubeIDE/plugins/com.st.stm32cube.ide.mcu.externaltools.gnu-tools-for-stm32.13.3.rel1.win32_1.0.0.202411081344/tools/bin/../lib/gcc/arm-none-eabi/13.3.1/../../../../arm-none-eabi/lib/thumb/v7e-m/nofp\libnosys.a
END GROUP
START GROUP
LOAD C:/ST/STM32CubeIDE_1.18.1/STM32CubeIDE/plugins/com.st.stm32cube.ide.mcu.externaltools.gnu-tools-for-stm32.13.3.rel1.win32_1.0.0.202411081344/tools/bin/../lib/gcc/arm-none-eabi/13.3.1/thumb/v7e-m/nofp\libgcc.a
LOAD C:/ST/STM32CubeIDE_1.18.1/STM32CubeIDE/plugins/com.st.stm32cube.ide.mcu.externaltools.gnu-tools-for-stm32.13.3.rel1.win32_1.0.0.202411081344/tools/bin/../lib/gcc/arm-none-eabi/13.3.1/../../../../arm-none-eabi/lib/thumb/v7e-m/nofp\libc_nano.a
LOAD C:/ST/STM32CubeIDE_1.18.1/STM32CubeIDE/plugins/com.st.stm32cube.ide.mcu.externaltools.gnu-tools-for-stm32.13.3.rel1.win32_1.0.0.202411081344/tools/bin/../lib/gcc/arm-none-eabi/13.3.1/../../../../arm-none-eabi/lib/thumb/v7e-m/nofp\libnosys.a
END GROUP
LOAD C:/ST/STM32CubeIDE_1.18.1/STM32CubeIDE/plugins/com.st.stm32cube.ide.mcu.externaltools.gnu-tools-for-stm32.13.3.rel1.win32_1.0.0.202411081344/tools/bin/../lib/gcc/arm-none-eabi/13.3.1/thumb/v7e-m/nofp/crtend.o
LOAD C:/ST/STM32CubeIDE_1.18.1/STM32CubeIDE/plugins/com.st.stm32cube.ide.mcu.externaltools.gnu-tools-for-stm32.13.3.rel1.win32_1.0.0.202411081344/tools/bin/../lib/gcc/arm-none-eabi/13.3.1/thumb/v7e-m/nofp/crtn.o
                0x20010000                        _estack = (ORIGIN (RAM) + LENGTH (RAM))
                0x00000200                        _Min_Heap_Size = 0x200
                0x00000800                        _Min_Stack_Size = 0x800

.isr_vector     0x08000000      0x138
                0x08000000                        . = ALIGN (0x4)
 *(.isr_vector)
 .isr_vector    0x08000000      0x138 ./Core/Startup/startup_stm32wl55jcix.o
                0x08000000                g_pfnVectors
                0x08000138                        . = ALIGN (0x4)

.text           0x08000138     0xbccc
                0x08000138                        . = ALIGN (0x4)
 *(.text)
 .text          0x08000138       0x40 C:/ST/STM32CubeIDE_1.18.1/STM32CubeIDE/plugins/com.st.stm32cube.ide.mcu.externaltools.gnu-tools-for-stm32.13.3.rel1.win32_1.0.0.202411081344/tools/bin/../lib/gcc/arm-none-eabi/13.3.1/thumb/v7e-m/nofp/crtbegin.o
 .text          0x08000178       0x10 C:/ST/STM32CubeIDE_1.18.1/STM32CubeIDE/plugins/com.st.stm32cube.ide.mcu.externaltools.gnu-tools-for-stm32.13.3.rel1.win32_1.0.0.202411081344/tools/bin/../lib/gcc/arm-none-eabi/13.3.1/../../../../arm-none-eabi/lib/thumb/v7e-m/nofp\libc_nano.a(libc_a-strlen.o)
                0x08000178                strlen
 .text          0x08000188       0x30 C:/ST/STM32CubeIDE_1.18.1/STM32CubeIDE/plugins/com.st.stm32cube.ide.mcu.externaltools.gnu-tools-for-stm32.13.3.rel1.win32_1.0.0.202411081344/tools/bin/../lib/gcc/arm-none-eabi/13.3.1/thumb/v7e-m/nofp\libgcc.a(_aeabi_uldivmod.o)
                0x08000188                __aeabi_uldivmod
 .text          0x080001b8      0x2f8 C:/ST/STM32CubeIDE_1.18.1/STM32CubeIDE/plugins/com.st.stm32cube.ide.mcu.externaltools.gnu-tools-for-stm32.13.3.rel1.win32_1.0.0.202411081344/tools/bin/../lib/gcc/arm-none-eabi/13.3.1/thumb/v7e-m/nofp\libgcc.a(_udivmoddi4.o)
                0x080001b8                __udivmoddi4
 .text          0x080004b0        0x4 C:/ST/STM32CubeIDE_1.18.1/STM32CubeIDE/plugins/com.st.stm32cube.ide.mcu.externaltools.gnu-tools-for-stm32.13.3.rel1.win32_1.0.0.202411081344/tools/bin/../lib/gcc/arm-none-eabi/13.3.1/thumb/v7e-m/nofp\libgcc.a(_dvmd_tls.o)
                0x080004b0                __aeabi_idiv0
                0x080004b0                __aeabi_ldiv0
 *(.text*)
 .text.LL_AHB1_GRP1_EnableClock
                0x080004b4       0x30 ./Core/Src/dma.o
 .text.MX_DMA_Init
                0x080004e4       0x24 ./Core/Src/dma.o
                0x080004e4                MX_DMA_Init
 .text.LL_AHB2_GRP1_EnableClock
                0x08000508       0x30 ./Core/Src/gpio.o
 .text.MX_GPIO_Init
                0x08000538       0xac ./Core/Src/gpio.o
                0x08000538                MX_GPIO_Init
 .text.LL_RCC_LSE_SetDriveCapability
                0x080005e4       0x2a ./Core/Src/main.o
 .text.main     0x0800060e       0x1a ./Core/Src/main.o
                0x0800060e                main
 .text.SystemClock_Config
                0x08000628       0xb0 ./Core/Src/main.o
                0x08000628                SystemClock_Config
 .text.Error_Handler
                0x080006d8        0xc ./Core/Src/main.o
                0x080006d8                Error_Handler
 .text.LL_RCC_EnableRTC
                0x080006e4       0x20 ./Core/Src/rtc.o
 .text.LL_APB1_GRP1_EnableClock
                0x08000704       0x30 ./Core/Src/rtc.o
 .text.MX_RTC_Init
                0x08000734       0xa4 ./Core/Src/rtc.o
                0x08000734                MX_RTC_Init
 .text.HAL_RTC_MspInit
                0x080007d8       0x78 ./Core/Src/rtc.o
                0x080007d8                HAL_RTC_MspInit
 .text.LL_PWR_ClearFlag_C1STOP_C1STB
                0x08000850       0x18 ./Core/Src/stm32_lpm_if.o
 .text.PWR_EnterOffMode
                0x08000868        0xc ./Core/Src/stm32_lpm_if.o
                0x08000868                PWR_EnterOffMode
 .text.PWR_ExitOffMode
                0x08000874        0xc ./Core/Src/stm32_lpm_if.o
                0x08000874                PWR_ExitOffMode
 .text.PWR_EnterStopMode
                0x08000880       0x16 ./Core/Src/stm32_lpm_if.o
                0x08000880                PWR_EnterStopMode
 .text.PWR_ExitStopMode
                0x08000896       0x10 ./Core/Src/stm32_lpm_if.o
                0x08000896                PWR_ExitStopMode
 .text.PWR_EnterSleepMode
                0x080008a6       0x14 ./Core/Src/stm32_lpm_if.o
                0x080008a6                PWR_EnterSleepMode
 .text.PWR_ExitSleepMode
                0x080008ba        0xc ./Core/Src/stm32_lpm_if.o
                0x080008ba                PWR_ExitSleepMode
 .text.HAL_MspInit
                0x080008c6        0xc ./Core/Src/stm32wlxx_hal_msp.o
                0x080008c6                HAL_MspInit
 .text.NMI_Handler
                0x080008d2        0x8 ./Core/Src/stm32wlxx_it.o
                0x080008d2                NMI_Handler
 .text.HardFault_Handler
                0x080008da        0x8 ./Core/Src/stm32wlxx_it.o
                0x080008da                HardFault_Handler
 .text.MemManage_Handler
                0x080008e2        0x8 ./Core/Src/stm32wlxx_it.o
                0x080008e2                MemManage_Handler
 .text.BusFault_Handler
                0x080008ea        0x8 ./Core/Src/stm32wlxx_it.o
                0x080008ea                BusFault_Handler
 .text.UsageFault_Handler
                0x080008f2        0x8 ./Core/Src/stm32wlxx_it.o
                0x080008f2                UsageFault_Handler
 .text.SVC_Handler
                0x080008fa        0xc ./Core/Src/stm32wlxx_it.o
                0x080008fa                SVC_Handler
 .text.DebugMon_Handler
                0x08000906        0xc ./Core/Src/stm32wlxx_it.o
                0x08000906                DebugMon_Handler
 .text.PendSV_Handler
                0x08000912        0xc ./Core/Src/stm32wlxx_it.o
                0x08000912                PendSV_Handler
 .text.SysTick_Handler
                0x0800091e        0xc ./Core/Src/stm32wlxx_it.o
                0x0800091e                SysTick_Handler
 *fill*         0x0800092a        0x2 
 .text.TAMP_STAMP_LSECSS_SSRU_IRQHandler
                0x0800092c       0x14 ./Core/Src/stm32wlxx_it.o
                0x0800092c                TAMP_STAMP_LSECSS_SSRU_IRQHandler
 .text.DMA1_Channel5_IRQHandler
                0x08000940       0x14 ./Core/Src/stm32wlxx_it.o
                0x08000940                DMA1_Channel5_IRQHandler
 .text.USART2_IRQHandler
                0x08000954       0x14 ./Core/Src/stm32wlxx_it.o
                0x08000954                USART2_IRQHandler
 .text.RTC_Alarm_IRQHandler
                0x08000968       0x14 ./Core/Src/stm32wlxx_it.o
                0x08000968                RTC_Alarm_IRQHandler
 .text.SUBGHZ_Radio_IRQHandler
                0x0800097c       0x14 ./Core/Src/stm32wlxx_it.o
                0x0800097c                SUBGHZ_Radio_IRQHandler
 .text.LL_APB3_GRP1_EnableClock
                0x08000990       0x30 ./Core/Src/subghz.o
 .text.MX_SUBGHZ_Init
                0x080009c0       0x24 ./Core/Src/subghz.o
                0x080009c0                MX_SUBGHZ_Init
 .text.HAL_SUBGHZ_MspInit
                0x080009e4       0x26 ./Core/Src/subghz.o
                0x080009e4                HAL_SUBGHZ_MspInit
 .text.LL_RCC_SetClkAfterWakeFromStop
                0x08000a0a       0x26 ./Core/Src/sys_app.o
 .text.SystemApp_Init
                0x08000a30       0x40 ./Core/Src/sys_app.o
                0x08000a30                SystemApp_Init
 .text.UTIL_SEQ_Idle
                0x08000a70        0xc ./Core/Src/sys_app.o
                0x08000a70                UTIL_SEQ_Idle
 .text.TimestampNow
                0x08000a7c       0x40 ./Core/Src/sys_app.o
 .text.UTIL_ADV_TRACE_PreSendHook
                0x08000abc       0x10 ./Core/Src/sys_app.o
                0x08000abc                UTIL_ADV_TRACE_PreSendHook
 .text.UTIL_ADV_TRACE_PostSendHook
                0x08000acc       0x10 ./Core/Src/sys_app.o
                0x08000acc                UTIL_ADV_TRACE_PostSendHook
 .text.tiny_snprintf_like
                0x08000adc       0x2c ./Core/Src/sys_app.o
 .text.HAL_InitTick
                0x08000b08       0x14 ./Core/Src/sys_app.o
                0x08000b08                HAL_InitTick
 .text.HAL_GetTick
                0x08000b1c       0x28 ./Core/Src/sys_app.o
                0x08000b1c                HAL_GetTick
 .text.HAL_Delay
                0x08000b44       0x18 ./Core/Src/sys_app.o
                0x08000b44                HAL_Delay
 .text.LL_AHB2_GRP1_EnableClock
                0x08000b5c       0x30 ./Core/Src/sys_debug.o
 .text.DBG_Init
                0x08000b8c       0x7c ./Core/Src/sys_debug.o
                0x08000b8c                DBG_Init
 .text.SystemInit
                0x08000c08        0xc ./Core/Src/system_stm32wlxx.o
                0x08000c08                SystemInit
 .text.LL_RTC_TIME_GetSubSecond
                0x08000c14       0x16 ./Core/Src/timer_if.o
 *fill*         0x08000c2a        0x2 
 .text.TIMER_IF_Init
                0x08000c2c       0x64 ./Core/Src/timer_if.o
                0x08000c2c                TIMER_IF_Init
 .text.TIMER_IF_StartTimer
                0x08000c90       0x70 ./Core/Src/timer_if.o
                0x08000c90                TIMER_IF_StartTimer
 .text.TIMER_IF_StopTimer
                0x08000d00       0x34 ./Core/Src/timer_if.o
                0x08000d00                TIMER_IF_StopTimer
 .text.TIMER_IF_SetTimerContext
                0x08000d34       0x1c ./Core/Src/timer_if.o
                0x08000d34                TIMER_IF_SetTimerContext
 .text.TIMER_IF_GetTimerContext
                0x08000d50       0x14 ./Core/Src/timer_if.o
                0x08000d50                TIMER_IF_GetTimerContext
 .text.TIMER_IF_GetTimerElapsedTime
                0x08000d64       0x28 ./Core/Src/timer_if.o
                0x08000d64                TIMER_IF_GetTimerElapsedTime
 .text.TIMER_IF_GetTimerValue
                0x08000d8c       0x28 ./Core/Src/timer_if.o
                0x08000d8c                TIMER_IF_GetTimerValue
 .text.TIMER_IF_GetMinimumTimeout
                0x08000db4       0x1a ./Core/Src/timer_if.o
                0x08000db4                TIMER_IF_GetMinimumTimeout
 .text.TIMER_IF_Convert_ms2Tick
                0x08000dce       0x3a ./Core/Src/timer_if.o
                0x08000dce                TIMER_IF_Convert_ms2Tick
 .text.TIMER_IF_Convert_Tick2ms
                0x08000e08       0x92 ./Core/Src/timer_if.o
                0x08000e08                TIMER_IF_Convert_Tick2ms
 .text.TIMER_IF_DelayMs
                0x08000e9a       0x34 ./Core/Src/timer_if.o
                0x08000e9a                TIMER_IF_DelayMs
 .text.HAL_RTC_AlarmAEventCallback
                0x08000ece       0x14 ./Core/Src/timer_if.o
                0x08000ece                HAL_RTC_AlarmAEventCallback
 .text.HAL_RTCEx_SSRUEventCallback
                0x08000ee2       0x20 ./Core/Src/timer_if.o
                0x08000ee2                HAL_RTCEx_SSRUEventCallback
 .text.TIMER_IF_GetTime
                0x08000f02       0x8e ./Core/Src/timer_if.o
                0x08000f02                TIMER_IF_GetTime
 .text.TIMER_IF_BkUp_Write_Seconds
                0x08000f90       0x20 ./Core/Src/timer_if.o
                0x08000f90                TIMER_IF_BkUp_Write_Seconds
 .text.TIMER_IF_BkUp_Write_SubSeconds
                0x08000fb0       0x20 ./Core/Src/timer_if.o
                0x08000fb0                TIMER_IF_BkUp_Write_SubSeconds
 .text.TIMER_IF_BkUp_Read_Seconds
                0x08000fd0       0x24 ./Core/Src/timer_if.o
                0x08000fd0                TIMER_IF_BkUp_Read_Seconds
 .text.TIMER_IF_BkUp_Read_SubSeconds
                0x08000ff4       0x24 ./Core/Src/timer_if.o
                0x08000ff4                TIMER_IF_BkUp_Read_SubSeconds
 .text.TIMER_IF_BkUp_Write_MSBticks
                0x08001018       0x20 ./Core/Src/timer_if.o
 .text.TIMER_IF_BkUp_Read_MSBticks
                0x08001038       0x20 ./Core/Src/timer_if.o
 .text.GetTimerTicks
                0x08001058       0x38 ./Core/Src/timer_if.o
 .text.LL_AHB2_GRP1_EnableClock
                0x08001090       0x30 ./Core/Src/usart.o
 .text.LL_APB1_GRP1_EnableClock
                0x080010c0       0x30 ./Core/Src/usart.o
 .text.LL_APB1_GRP1_DisableClock
                0x080010f0       0x24 ./Core/Src/usart.o
 .text.MX_USART2_UART_Init
                0x08001114       0x98 ./Core/Src/usart.o
                0x08001114                MX_USART2_UART_Init
 .text.HAL_UART_MspInit
                0x080011ac      0x108 ./Core/Src/usart.o
                0x080011ac                HAL_UART_MspInit
 .text.HAL_UART_MspDeInit
                0x080012b4       0x40 ./Core/Src/usart.o
                0x080012b4                HAL_UART_MspDeInit
 .text.LL_APB1_GRP1_ForceReset
                0x080012f4       0x22 ./Core/Src/usart_if.o
 .text.LL_APB1_GRP1_ReleaseReset
                0x08001316       0x24 ./Core/Src/usart_if.o
 *fill*         0x0800133a        0x2 
 .text.LL_EXTI_EnableIT_0_31
                0x0800133c       0x28 ./Core/Src/usart_if.o
 .text.vcom_Init
                0x08001364       0x2c ./Core/Src/usart_if.o
                0x08001364                vcom_Init
 .text.vcom_DeInit
                0x08001390       0x2c ./Core/Src/usart_if.o
                0x08001390                vcom_DeInit
 .text.vcom_Trace_DMA
                0x080013bc       0x28 ./Core/Src/usart_if.o
                0x080013bc                vcom_Trace_DMA
 .text.vcom_ReceiveInit
                0x080013e4       0x7c ./Core/Src/usart_if.o
                0x080013e4                vcom_ReceiveInit
 .text.vcom_Resume
                0x08001460       0x30 ./Core/Src/usart_if.o
                0x08001460                vcom_Resume
 .text.HAL_UART_TxCpltCallback
                0x08001490       0x2c ./Core/Src/usart_if.o
                0x08001490                HAL_UART_TxCpltCallback
 .text.HAL_UART_RxCpltCallback
                0x080014bc       0x50 ./Core/Src/usart_if.o
                0x080014bc                HAL_UART_RxCpltCallback
 .text.Reset_Handler
                0x0800150c       0x50 ./Core/Startup/startup_stm32wl55jcix.o
                0x0800150c                Reset_Handler
 .text.Default_Handler
                0x0800155c        0x2 ./Core/Startup/startup_stm32wl55jcix.o
                0x0800155c                EXTI2_IRQHandler
                0x0800155c                TIM1_CC_IRQHandler
                0x0800155c                EXTI3_IRQHandler
                0x0800155c                LPTIM2_IRQHandler
                0x0800155c                I2C3_ER_IRQHandler
                0x0800155c                LPTIM3_IRQHandler
                0x0800155c                EXTI0_IRQHandler
                0x0800155c                I2C2_EV_IRQHandler
                0x0800155c                SPI1_IRQHandler
                0x0800155c                DMA2_Channel2_IRQHandler
                0x0800155c                DMA1_Channel4_IRQHandler
                0x0800155c                PKA_IRQHandler
                0x0800155c                TIM17_IRQHandler
                0x0800155c                DMA1_Channel7_IRQHandler
                0x0800155c                SUBGHZSPI_IRQHandler
                0x0800155c                IPCC_C1_TX_IRQHandler
                0x0800155c                DMA2_Channel1_IRQHandler
                0x0800155c                I2C1_EV_IRQHandler
                0x0800155c                DMAMUX1_OVR_IRQHandler
                0x0800155c                DMA1_Channel6_IRQHandler
                0x0800155c                TIM16_IRQHandler
                0x0800155c                DMA2_Channel4_IRQHandler
                0x0800155c                RCC_IRQHandler
                0x0800155c                TIM1_TRG_COM_IRQHandler
                0x0800155c                DMA1_Channel1_IRQHandler
                0x0800155c                Default_Handler
                0x0800155c                DMA2_Channel7_IRQHandler
                0x0800155c                EXTI15_10_IRQHandler
                0x0800155c                IPCC_C1_RX_IRQHandler
                0x0800155c                ADC_IRQHandler
                0x0800155c                C2SEV_PWR_C2H_IRQHandler
                0x0800155c                I2C3_EV_IRQHandler
                0x0800155c                EXTI9_5_IRQHandler
                0x0800155c                RTC_WKUP_IRQHandler
                0x0800155c                PVD_PVM_IRQHandler
                0x0800155c                SPI2_IRQHandler
                0x0800155c                DMA2_Channel5_IRQHandler
                0x0800155c                EXTI4_IRQHandler
                0x0800155c                RNG_IRQHandler
                0x0800155c                DMA1_Channel3_IRQHandler
                0x0800155c                COMP_IRQHandler
                0x0800155c                HSEM_IRQHandler
                0x0800155c                TIM1_UP_IRQHandler
                0x0800155c                WWDG_IRQHandler
                0x0800155c                LPUART1_IRQHandler
                0x0800155c                DMA2_Channel6_IRQHandler
                0x0800155c                TIM2_IRQHandler
                0x0800155c                TIM1_BRK_IRQHandler
                0x0800155c                DAC_IRQHandler
                0x0800155c                EXTI1_IRQHandler
                0x0800155c                AES_IRQHandler
                0x0800155c                I2C2_ER_IRQHandler
                0x0800155c                DMA1_Channel2_IRQHandler
                0x0800155c                FLASH_IRQHandler
                0x0800155c                USART1_IRQHandler
                0x0800155c                I2C1_ER_IRQHandler
                0x0800155c                LPTIM1_IRQHandler
                0x0800155c                DMA2_Channel3_IRQHandler
 .text.LL_AHB2_GRP1_EnableClock
                0x0800155e       0x30 ./Drivers/BSP/STM32WLxx_Nucleo/stm32wlxx_nucleo_radio.o
 *fill*         0x0800158e        0x2 
 .text.BSP_RADIO_Init
                0x08001590       0x7c ./Drivers/BSP/STM32WLxx_Nucleo/stm32wlxx_nucleo_radio.o
                0x08001590                BSP_RADIO_Init
 .text.BSP_RADIO_ConfigRFSwitch
                0x0800160c       0xb8 ./Drivers/BSP/STM32WLxx_Nucleo/stm32wlxx_nucleo_radio.o
                0x0800160c                BSP_RADIO_ConfigRFSwitch
 .text.BSP_RADIO_GetTxConfig
                0x080016c4        0xe ./Drivers/BSP/STM32WLxx_Nucleo/stm32wlxx_nucleo_radio.o
                0x080016c4                BSP_RADIO_GetTxConfig
 .text.BSP_RADIO_IsTCXO
                0x080016d2        0xe ./Drivers/BSP/STM32WLxx_Nucleo/stm32wlxx_nucleo_radio.o
                0x080016d2                BSP_RADIO_IsTCXO
 .text.BSP_RADIO_IsDCDC
                0x080016e0        0xe ./Drivers/BSP/STM32WLxx_Nucleo/stm32wlxx_nucleo_radio.o
                0x080016e0                BSP_RADIO_IsDCDC
 .text.BSP_RADIO_GetRFOMaxPowerConfig
                0x080016ee       0x26 ./Drivers/BSP/STM32WLxx_Nucleo/stm32wlxx_nucleo_radio.o
                0x080016ee                BSP_RADIO_GetRFOMaxPowerConfig
 .text.LL_DBGMCU_DisableDBGSleepMode
                0x08001714       0x1c ./Drivers/STM32WLxx_HAL_Driver/Src/stm32wlxx_hal.o
 .text.LL_DBGMCU_DisableDBGStopMode
                0x08001730       0x1c ./Drivers/STM32WLxx_HAL_Driver/Src/stm32wlxx_hal.o
 .text.LL_DBGMCU_DisableDBGStandbyMode
                0x0800174c       0x1c ./Drivers/STM32WLxx_HAL_Driver/Src/stm32wlxx_hal.o
 .text.HAL_Init
                0x08001768       0x40 ./Drivers/STM32WLxx_HAL_Driver/Src/stm32wlxx_hal.o
                0x08001768                HAL_Init
 .text.HAL_SuspendTick
                0x080017a8       0x1c ./Drivers/STM32WLxx_HAL_Driver/Src/stm32wlxx_hal.o
                0x080017a8                HAL_SuspendTick
 .text.HAL_ResumeTick
                0x080017c4       0x1c ./Drivers/STM32WLxx_HAL_Driver/Src/stm32wlxx_hal.o
                0x080017c4                HAL_ResumeTick
 .text.HAL_DBGMCU_DisableDBGSleepMode
                0x080017e0        0xc ./Drivers/STM32WLxx_HAL_Driver/Src/stm32wlxx_hal.o
                0x080017e0                HAL_DBGMCU_DisableDBGSleepMode
 .text.HAL_DBGMCU_DisableDBGStopMode
                0x080017ec        0xc ./Drivers/STM32WLxx_HAL_Driver/Src/stm32wlxx_hal.o
                0x080017ec                HAL_DBGMCU_DisableDBGStopMode
 .text.HAL_DBGMCU_DisableDBGStandbyMode
                0x080017f8        0xc ./Drivers/STM32WLxx_HAL_Driver/Src/stm32wlxx_hal.o
                0x080017f8                HAL_DBGMCU_DisableDBGStandbyMode
 .text.__NVIC_SetPriorityGrouping
                0x08001804       0x48 ./Drivers/STM32WLxx_HAL_Driver/Src/stm32wlxx_hal_cortex.o
 .text.__NVIC_GetPriorityGrouping
                0x0800184c       0x1c ./Drivers/STM32WLxx_HAL_Driver/Src/stm32wlxx_hal_cortex.o
 .text.__NVIC_EnableIRQ
                0x08001868       0x38 ./Drivers/STM32WLxx_HAL_Driver/Src/stm32wlxx_hal_cortex.o
 .text.__NVIC_DisableIRQ
                0x080018a0       0x48 ./Drivers/STM32WLxx_HAL_Driver/Src/stm32wlxx_hal_cortex.o
 .text.__NVIC_SetPriority
                0x080018e8       0x54 ./Drivers/STM32WLxx_HAL_Driver/Src/stm32wlxx_hal_cortex.o
 .text.NVIC_EncodePriority
                0x0800193c       0x64 ./Drivers/STM32WLxx_HAL_Driver/Src/stm32wlxx_hal_cortex.o
 .text.HAL_NVIC_SetPriorityGrouping
                0x080019a0       0x16 ./Drivers/STM32WLxx_HAL_Driver/Src/stm32wlxx_hal_cortex.o
                0x080019a0                HAL_NVIC_SetPriorityGrouping
 .text.HAL_NVIC_SetPriority
                0x080019b6       0x34 ./Drivers/STM32WLxx_HAL_Driver/Src/stm32wlxx_hal_cortex.o
                0x080019b6                HAL_NVIC_SetPriority
 .text.HAL_NVIC_EnableIRQ
                0x080019ea       0x1c ./Drivers/STM32WLxx_HAL_Driver/Src/stm32wlxx_hal_cortex.o
                0x080019ea                HAL_NVIC_EnableIRQ
 .text.HAL_NVIC_DisableIRQ
                0x08001a06       0x1c ./Drivers/STM32WLxx_HAL_Driver/Src/stm32wlxx_hal_cortex.o
                0x08001a06                HAL_NVIC_DisableIRQ
 *fill*         0x08001a22        0x2 
 .text.HAL_DMA_Init
                0x08001a24      0x150 ./Drivers/STM32WLxx_HAL_Driver/Src/stm32wlxx_hal_dma.o
                0x08001a24                HAL_DMA_Init
 .text.HAL_DMA_DeInit
                0x08001b74      0x12c ./Drivers/STM32WLxx_HAL_Driver/Src/stm32wlxx_hal_dma.o
                0x08001b74                HAL_DMA_DeInit
 .text.HAL_DMA_Start_IT
                0x08001ca0       0xfc ./Drivers/STM32WLxx_HAL_Driver/Src/stm32wlxx_hal_dma.o
                0x08001ca0                HAL_DMA_Start_IT
 .text.HAL_DMA_Abort
                0x08001d9c       0xbc ./Drivers/STM32WLxx_HAL_Driver/Src/stm32wlxx_hal_dma.o
                0x08001d9c                HAL_DMA_Abort
 .text.HAL_DMA_Abort_IT
                0x08001e58       0xbe ./Drivers/STM32WLxx_HAL_Driver/Src/stm32wlxx_hal_dma.o
                0x08001e58                HAL_DMA_Abort_IT
 *fill*         0x08001f16        0x2 
 .text.HAL_DMA_IRQHandler
                0x08001f18      0x18c ./Drivers/STM32WLxx_HAL_Driver/Src/stm32wlxx_hal_dma.o
                0x08001f18                HAL_DMA_IRQHandler
 .text.HAL_DMA_ConfigChannelAttributes
                0x080020a4       0x5e ./Drivers/STM32WLxx_HAL_Driver/Src/stm32wlxx_hal_dma.o
                0x080020a4                HAL_DMA_ConfigChannelAttributes
 .text.DMA_SetConfig
                0x08002102       0x7a ./Drivers/STM32WLxx_HAL_Driver/Src/stm32wlxx_hal_dma.o
 .text.DMA_CalcDMAMUXChannelBaseAndMask
                0x0800217c       0x90 ./Drivers/STM32WLxx_HAL_Driver/Src/stm32wlxx_hal_dma.o
 .text.DMA_CalcDMAMUXRequestGenBaseAndMask
                0x0800220c       0x48 ./Drivers/STM32WLxx_HAL_Driver/Src/stm32wlxx_hal_dma.o
 .text.HAL_GPIO_Init
                0x08002254      0x2c0 ./Drivers/STM32WLxx_HAL_Driver/Src/stm32wlxx_hal_gpio.o
                0x08002254                HAL_GPIO_Init
 .text.HAL_GPIO_DeInit
                0x08002514      0x19c ./Drivers/STM32WLxx_HAL_Driver/Src/stm32wlxx_hal_gpio.o
                0x08002514                HAL_GPIO_DeInit
 .text.HAL_GPIO_WritePin
                0x080026b0       0x2e ./Drivers/STM32WLxx_HAL_Driver/Src/stm32wlxx_hal_gpio.o
                0x080026b0                HAL_GPIO_WritePin
 *fill*         0x080026de        0x2 
 .text.HAL_PWR_EnableBkUpAccess
                0x080026e0       0x1c ./Drivers/STM32WLxx_HAL_Driver/Src/stm32wlxx_hal_pwr.o
                0x080026e0                HAL_PWR_EnableBkUpAccess
 .text.HAL_PWR_EnterSLEEPMode
                0x080026fc       0x68 ./Drivers/STM32WLxx_HAL_Driver/Src/stm32wlxx_hal_pwr.o
                0x080026fc                HAL_PWR_EnterSLEEPMode
 .text.HAL_PWREx_GetVoltageRange
                0x08002764       0x18 ./Drivers/STM32WLxx_HAL_Driver/Src/stm32wlxx_hal_pwr_ex.o
                0x08002764                HAL_PWREx_GetVoltageRange
 .text.HAL_PWREx_EnableLowPowerRunMode
                0x0800277c       0x1c ./Drivers/STM32WLxx_HAL_Driver/Src/stm32wlxx_hal_pwr_ex.o
                0x0800277c                HAL_PWREx_EnableLowPowerRunMode
 .text.HAL_PWREx_DisableLowPowerRunMode
                0x08002798       0x6c ./Drivers/STM32WLxx_HAL_Driver/Src/stm32wlxx_hal_pwr_ex.o
                0x08002798                HAL_PWREx_DisableLowPowerRunMode
 .text.HAL_PWREx_EnterSTOP2Mode
                0x08002804       0x54 ./Drivers/STM32WLxx_HAL_Driver/Src/stm32wlxx_hal_pwr_ex.o
                0x08002804                HAL_PWREx_EnterSTOP2Mode
 .text.LL_PWR_IsEnabledBkUpAccess
                0x08002858       0x24 ./Drivers/STM32WLxx_HAL_Driver/Src/stm32wlxx_hal_rcc.o
 .text.LL_RCC_HSE_EnableTcxo
                0x0800287c       0x1c ./Drivers/STM32WLxx_HAL_Driver/Src/stm32wlxx_hal_rcc.o
 .text.LL_RCC_HSE_DisableTcxo
                0x08002898       0x1c ./Drivers/STM32WLxx_HAL_Driver/Src/stm32wlxx_hal_rcc.o
 .text.LL_RCC_HSE_IsEnabledDiv2
                0x080028b4       0x22 ./Drivers/STM32WLxx_HAL_Driver/Src/stm32wlxx_hal_rcc.o
 .text.LL_RCC_HSE_Enable
                0x080028d6       0x1c ./Drivers/STM32WLxx_HAL_Driver/Src/stm32wlxx_hal_rcc.o
 .text.LL_RCC_HSE_Disable
                0x080028f2       0x1c ./Drivers/STM32WLxx_HAL_Driver/Src/stm32wlxx_hal_rcc.o
 .text.LL_RCC_HSE_IsReady
                0x0800290e       0x22 ./Drivers/STM32WLxx_HAL_Driver/Src/stm32wlxx_hal_rcc.o
 .text.LL_RCC_HSI_Enable
                0x08002930       0x1c ./Drivers/STM32WLxx_HAL_Driver/Src/stm32wlxx_hal_rcc.o
 .text.LL_RCC_HSI_Disable
                0x0800294c       0x1c ./Drivers/STM32WLxx_HAL_Driver/Src/stm32wlxx_hal_rcc.o
 .text.LL_RCC_HSI_IsReady
                0x08002968       0x22 ./Drivers/STM32WLxx_HAL_Driver/Src/stm32wlxx_hal_rcc.o
 .text.LL_RCC_HSI_SetCalibTrimming
                0x0800298a       0x28 ./Drivers/STM32WLxx_HAL_Driver/Src/stm32wlxx_hal_rcc.o
 .text.LL_RCC_LSE_IsReady
                0x080029b2       0x22 ./Drivers/STM32WLxx_HAL_Driver/Src/stm32wlxx_hal_rcc.o
 .text.LL_RCC_LSI_Enable
                0x080029d4       0x20 ./Drivers/STM32WLxx_HAL_Driver/Src/stm32wlxx_hal_rcc.o
 .text.LL_RCC_LSI_Disable
                0x080029f4       0x20 ./Drivers/STM32WLxx_HAL_Driver/Src/stm32wlxx_hal_rcc.o
 .text.LL_RCC_LSI_IsReady
                0x08002a14       0x22 ./Drivers/STM32WLxx_HAL_Driver/Src/stm32wlxx_hal_rcc.o
 .text.LL_RCC_MSI_Enable
                0x08002a36       0x1c ./Drivers/STM32WLxx_HAL_Driver/Src/stm32wlxx_hal_rcc.o
 .text.LL_RCC_MSI_Disable
                0x08002a52       0x1c ./Drivers/STM32WLxx_HAL_Driver/Src/stm32wlxx_hal_rcc.o
 .text.LL_RCC_MSI_IsReady
                0x08002a6e       0x20 ./Drivers/STM32WLxx_HAL_Driver/Src/stm32wlxx_hal_rcc.o
 .text.LL_RCC_MSI_IsEnabledRangeSelect
                0x08002a8e       0x20 ./Drivers/STM32WLxx_HAL_Driver/Src/stm32wlxx_hal_rcc.o
 .text.LL_RCC_MSI_GetRange
                0x08002aae       0x16 ./Drivers/STM32WLxx_HAL_Driver/Src/stm32wlxx_hal_rcc.o
 .text.LL_RCC_MSI_GetRangeAfterStandby
                0x08002ac4       0x18 ./Drivers/STM32WLxx_HAL_Driver/Src/stm32wlxx_hal_rcc.o
 .text.LL_RCC_MSI_SetCalibTrimming
                0x08002adc       0x28 ./Drivers/STM32WLxx_HAL_Driver/Src/stm32wlxx_hal_rcc.o
 .text.LL_RCC_SetSysClkSource
                0x08002b04       0x26 ./Drivers/STM32WLxx_HAL_Driver/Src/stm32wlxx_hal_rcc.o
 .text.LL_RCC_GetSysClkSource
                0x08002b2a       0x16 ./Drivers/STM32WLxx_HAL_Driver/Src/stm32wlxx_hal_rcc.o
 .text.LL_RCC_SetAHBPrescaler
                0x08002b40       0x26 ./Drivers/STM32WLxx_HAL_Driver/Src/stm32wlxx_hal_rcc.o
 .text.LL_C2_RCC_SetAHBPrescaler
                0x08002b66       0x2a ./Drivers/STM32WLxx_HAL_Driver/Src/stm32wlxx_hal_rcc.o
 .text.LL_RCC_SetAHB3Prescaler
                0x08002b90       0x2c ./Drivers/STM32WLxx_HAL_Driver/Src/stm32wlxx_hal_rcc.o
 .text.LL_RCC_SetAPB1Prescaler
                0x08002bbc       0x26 ./Drivers/STM32WLxx_HAL_Driver/Src/stm32wlxx_hal_rcc.o
 .text.LL_RCC_SetAPB2Prescaler
                0x08002be2       0x26 ./Drivers/STM32WLxx_HAL_Driver/Src/stm32wlxx_hal_rcc.o
 .text.LL_RCC_GetAHBPrescaler
                0x08002c08       0x16 ./Drivers/STM32WLxx_HAL_Driver/Src/stm32wlxx_hal_rcc.o
 .text.LL_RCC_GetAHB3Prescaler
                0x08002c1e       0x1a ./Drivers/STM32WLxx_HAL_Driver/Src/stm32wlxx_hal_rcc.o
 .text.LL_RCC_GetAPB1Prescaler
                0x08002c38       0x16 ./Drivers/STM32WLxx_HAL_Driver/Src/stm32wlxx_hal_rcc.o
 .text.LL_RCC_GetAPB2Prescaler
                0x08002c4e       0x16 ./Drivers/STM32WLxx_HAL_Driver/Src/stm32wlxx_hal_rcc.o
 .text.LL_RCC_PLL_Enable
                0x08002c64       0x1c ./Drivers/STM32WLxx_HAL_Driver/Src/stm32wlxx_hal_rcc.o
 .text.LL_RCC_PLL_Disable
                0x08002c80       0x1c ./Drivers/STM32WLxx_HAL_Driver/Src/stm32wlxx_hal_rcc.o
 .text.LL_RCC_PLL_IsReady
                0x08002c9c       0x22 ./Drivers/STM32WLxx_HAL_Driver/Src/stm32wlxx_hal_rcc.o
 .text.LL_RCC_PLL_GetN
                0x08002cbe       0x18 ./Drivers/STM32WLxx_HAL_Driver/Src/stm32wlxx_hal_rcc.o
 .text.LL_RCC_PLL_GetR
                0x08002cd6       0x16 ./Drivers/STM32WLxx_HAL_Driver/Src/stm32wlxx_hal_rcc.o
 .text.LL_RCC_PLL_GetDivider
                0x08002cec       0x16 ./Drivers/STM32WLxx_HAL_Driver/Src/stm32wlxx_hal_rcc.o
 .text.LL_RCC_PLL_GetMainSource
                0x08002d02       0x16 ./Drivers/STM32WLxx_HAL_Driver/Src/stm32wlxx_hal_rcc.o
 .text.LL_RCC_IsActiveFlag_HPRE
                0x08002d18       0x22 ./Drivers/STM32WLxx_HAL_Driver/Src/stm32wlxx_hal_rcc.o
 .text.LL_RCC_IsActiveFlag_C2HPRE
                0x08002d3a       0x24 ./Drivers/STM32WLxx_HAL_Driver/Src/stm32wlxx_hal_rcc.o
 .text.LL_RCC_IsActiveFlag_SHDHPRE
                0x08002d5e       0x24 ./Drivers/STM32WLxx_HAL_Driver/Src/stm32wlxx_hal_rcc.o
 .text.LL_RCC_IsActiveFlag_PPRE1
                0x08002d82       0x22 ./Drivers/STM32WLxx_HAL_Driver/Src/stm32wlxx_hal_rcc.o
 .text.LL_RCC_IsActiveFlag_PPRE2
                0x08002da4       0x22 ./Drivers/STM32WLxx_HAL_Driver/Src/stm32wlxx_hal_rcc.o
 *fill*         0x08002dc6        0x2 
 .text.HAL_RCC_OscConfig
                0x08002dc8      0x704 ./Drivers/STM32WLxx_HAL_Driver/Src/stm32wlxx_hal_rcc.o
                0x08002dc8                HAL_RCC_OscConfig
 .text.HAL_RCC_ClockConfig
                0x080034cc      0x284 ./Drivers/STM32WLxx_HAL_Driver/Src/stm32wlxx_hal_rcc.o
                0x080034cc                HAL_RCC_ClockConfig
 .text.HAL_RCC_GetSysClockFreq
                0x08003750      0x140 ./Drivers/STM32WLxx_HAL_Driver/Src/stm32wlxx_hal_rcc.o
                0x08003750                HAL_RCC_GetSysClockFreq
 .text.HAL_RCC_GetHCLKFreq
                0x08003890       0x28 ./Drivers/STM32WLxx_HAL_Driver/Src/stm32wlxx_hal_rcc.o
                0x08003890                HAL_RCC_GetHCLKFreq
 .text.HAL_RCC_GetPCLK1Freq
                0x080038b8       0x24 ./Drivers/STM32WLxx_HAL_Driver/Src/stm32wlxx_hal_rcc.o
                0x080038b8                HAL_RCC_GetPCLK1Freq
 .text.HAL_RCC_GetPCLK2Freq
                0x080038dc       0x24 ./Drivers/STM32WLxx_HAL_Driver/Src/stm32wlxx_hal_rcc.o
                0x080038dc                HAL_RCC_GetPCLK2Freq
 .text.RCC_SetFlashLatencyFromMSIRange
                0x08003900       0x60 ./Drivers/STM32WLxx_HAL_Driver/Src/stm32wlxx_hal_rcc.o
 .text.RCC_SetFlashLatency
                0x08003960      0x104 ./Drivers/STM32WLxx_HAL_Driver/Src/stm32wlxx_hal_rcc.o
 .text.LL_RCC_LSE_IsReady
                0x08003a64       0x22 ./Drivers/STM32WLxx_HAL_Driver/Src/stm32wlxx_hal_rcc_ex.o
 .text.LL_RCC_SetUSARTClockSource
                0x08003a86       0x30 ./Drivers/STM32WLxx_HAL_Driver/Src/stm32wlxx_hal_rcc_ex.o
 .text.LL_RCC_SetI2SClockSource
                0x08003ab6       0x2a ./Drivers/STM32WLxx_HAL_Driver/Src/stm32wlxx_hal_rcc_ex.o
 .text.LL_RCC_SetLPUARTClockSource
                0x08003ae0       0x2a ./Drivers/STM32WLxx_HAL_Driver/Src/stm32wlxx_hal_rcc_ex.o
 .text.LL_RCC_SetI2CClockSource
                0x08003b0a       0x38 ./Drivers/STM32WLxx_HAL_Driver/Src/stm32wlxx_hal_rcc_ex.o
 .text.LL_RCC_SetLPTIMClockSource
                0x08003b42       0x32 ./Drivers/STM32WLxx_HAL_Driver/Src/stm32wlxx_hal_rcc_ex.o
 .text.LL_RCC_SetRNGClockSource
                0x08003b74       0x2a ./Drivers/STM32WLxx_HAL_Driver/Src/stm32wlxx_hal_rcc_ex.o
 .text.LL_RCC_SetADCClockSource
                0x08003b9e       0x2a ./Drivers/STM32WLxx_HAL_Driver/Src/stm32wlxx_hal_rcc_ex.o
 .text.LL_RCC_SetRTCClockSource
                0x08003bc8       0x2a ./Drivers/STM32WLxx_HAL_Driver/Src/stm32wlxx_hal_rcc_ex.o
 .text.LL_RCC_GetRTCClockSource
                0x08003bf2       0x18 ./Drivers/STM32WLxx_HAL_Driver/Src/stm32wlxx_hal_rcc_ex.o
 .text.LL_RCC_ForceBackupDomainReset
                0x08003c0a       0x20 ./Drivers/STM32WLxx_HAL_Driver/Src/stm32wlxx_hal_rcc_ex.o
 .text.LL_RCC_ReleaseBackupDomainReset
                0x08003c2a       0x20 ./Drivers/STM32WLxx_HAL_Driver/Src/stm32wlxx_hal_rcc_ex.o
 *fill*         0x08003c4a        0x2 
 .text.HAL_RCCEx_PeriphCLKConfig
                0x08003c4c      0x234 ./Drivers/STM32WLxx_HAL_Driver/Src/stm32wlxx_hal_rcc_ex.o
                0x08003c4c                HAL_RCCEx_PeriphCLKConfig
 .text.HAL_RTC_Init
                0x08003e80      0x104 ./Drivers/STM32WLxx_HAL_Driver/Src/stm32wlxx_hal_rtc.o
                0x08003e80                HAL_RTC_Init
 .text.HAL_RTC_SetAlarm_IT
                0x08003f84      0x218 ./Drivers/STM32WLxx_HAL_Driver/Src/stm32wlxx_hal_rtc.o
                0x08003f84                HAL_RTC_SetAlarm_IT
 .text.HAL_RTC_DeactivateAlarm
                0x0800419c       0xb8 ./Drivers/STM32WLxx_HAL_Driver/Src/stm32wlxx_hal_rtc.o
                0x0800419c                HAL_RTC_DeactivateAlarm
 .text.HAL_RTC_AlarmIRQHandler
                0x08004254       0x54 ./Drivers/STM32WLxx_HAL_Driver/Src/stm32wlxx_hal_rtc.o
                0x08004254                HAL_RTC_AlarmIRQHandler
 .text.HAL_RTC_WaitForSynchro
                0x080042a8       0x4c ./Drivers/STM32WLxx_HAL_Driver/Src/stm32wlxx_hal_rtc.o
                0x080042a8                HAL_RTC_WaitForSynchro
 .text.RTC_EnterInitMode
                0x080042f4       0x68 ./Drivers/STM32WLxx_HAL_Driver/Src/stm32wlxx_hal_rtc.o
                0x080042f4                RTC_EnterInitMode
 .text.RTC_ExitInitMode
                0x0800435c       0x7c ./Drivers/STM32WLxx_HAL_Driver/Src/stm32wlxx_hal_rtc.o
                0x0800435c                RTC_ExitInitMode
 .text.RTC_ByteToBcd2
                0x080043d8       0x3e ./Drivers/STM32WLxx_HAL_Driver/Src/stm32wlxx_hal_rtc.o
                0x080043d8                RTC_ByteToBcd2
 *fill*         0x08004416        0x2 
 .text.HAL_RTCEx_EnableBypassShadow
                0x08004418       0x64 ./Drivers/STM32WLxx_HAL_Driver/Src/stm32wlxx_hal_rtc_ex.o
                0x08004418                HAL_RTCEx_EnableBypassShadow
 .text.HAL_RTCEx_SetSSRU_IT
                0x0800447c       0x78 ./Drivers/STM32WLxx_HAL_Driver/Src/stm32wlxx_hal_rtc_ex.o
                0x0800447c                HAL_RTCEx_SetSSRU_IT
 .text.HAL_RTCEx_SSRUIRQHandler
                0x080044f4       0x34 ./Drivers/STM32WLxx_HAL_Driver/Src/stm32wlxx_hal_rtc_ex.o
                0x080044f4                HAL_RTCEx_SSRUIRQHandler
 .text.HAL_RTCEx_AlarmBEventCallback
                0x08004528       0x12 ./Drivers/STM32WLxx_HAL_Driver/Src/stm32wlxx_hal_rtc_ex.o
                0x08004528                HAL_RTCEx_AlarmBEventCallback
 *fill*         0x0800453a        0x2 
 .text.HAL_RTCEx_BKUPWrite
                0x0800453c       0x30 ./Drivers/STM32WLxx_HAL_Driver/Src/stm32wlxx_hal_rtc_ex.o
                0x0800453c                HAL_RTCEx_BKUPWrite
 .text.HAL_RTCEx_BKUPRead
                0x0800456c       0x2c ./Drivers/STM32WLxx_HAL_Driver/Src/stm32wlxx_hal_rtc_ex.o
                0x0800456c                HAL_RTCEx_BKUPRead
 .text.LL_PWR_SetRadioBusyTrigger
                0x08004598       0x28 ./Drivers/STM32WLxx_HAL_Driver/Src/stm32wlxx_hal_subghz.o
 .text.LL_PWR_UnselectSUBGHZSPI_NSS
                0x080045c0       0x20 ./Drivers/STM32WLxx_HAL_Driver/Src/stm32wlxx_hal_subghz.o
 .text.LL_PWR_SelectSUBGHZSPI_NSS
                0x080045e0       0x20 ./Drivers/STM32WLxx_HAL_Driver/Src/stm32wlxx_hal_subghz.o
 .text.LL_PWR_ClearFlag_RFBUSY
                0x08004600       0x18 ./Drivers/STM32WLxx_HAL_Driver/Src/stm32wlxx_hal_subghz.o
 .text.LL_PWR_IsActiveFlag_RFBUSYS
                0x08004618       0x24 ./Drivers/STM32WLxx_HAL_Driver/Src/stm32wlxx_hal_subghz.o
 .text.LL_PWR_IsActiveFlag_RFBUSYMS
                0x0800463c       0x24 ./Drivers/STM32WLxx_HAL_Driver/Src/stm32wlxx_hal_subghz.o
 .text.LL_RCC_RF_DisableReset
                0x08004660       0x20 ./Drivers/STM32WLxx_HAL_Driver/Src/stm32wlxx_hal_subghz.o
 .text.LL_RCC_IsRFUnderReset
                0x08004680       0x24 ./Drivers/STM32WLxx_HAL_Driver/Src/stm32wlxx_hal_subghz.o
 .text.LL_EXTI_EnableIT_32_63
                0x080046a4       0x28 ./Drivers/STM32WLxx_HAL_Driver/Src/stm32wlxx_hal_subghz.o
 .text.HAL_SUBGHZ_Init
                0x080046cc       0xc8 ./Drivers/STM32WLxx_HAL_Driver/Src/stm32wlxx_hal_subghz.o
                0x080046cc                HAL_SUBGHZ_Init
 .text.HAL_SUBGHZ_WriteRegisters
                0x08004794       0xbe ./Drivers/STM32WLxx_HAL_Driver/Src/stm32wlxx_hal_subghz.o
                0x08004794                HAL_SUBGHZ_WriteRegisters
 .text.HAL_SUBGHZ_ReadRegisters
                0x08004852       0xc2 ./Drivers/STM32WLxx_HAL_Driver/Src/stm32wlxx_hal_subghz.o
                0x08004852                HAL_SUBGHZ_ReadRegisters
 .text.HAL_SUBGHZ_ExecSetCmd
                0x08004914       0xbe ./Drivers/STM32WLxx_HAL_Driver/Src/stm32wlxx_hal_subghz.o
                0x08004914                HAL_SUBGHZ_ExecSetCmd
 .text.HAL_SUBGHZ_ExecGetCmd
                0x080049d2       0xa8 ./Drivers/STM32WLxx_HAL_Driver/Src/stm32wlxx_hal_subghz.o
                0x080049d2                HAL_SUBGHZ_ExecGetCmd
 .text.HAL_SUBGHZ_WriteBuffer
                0x08004a7a       0xa6 ./Drivers/STM32WLxx_HAL_Driver/Src/stm32wlxx_hal_subghz.o
                0x08004a7a                HAL_SUBGHZ_WriteBuffer
 .text.HAL_SUBGHZ_ReadBuffer
                0x08004b20       0xb0 ./Drivers/STM32WLxx_HAL_Driver/Src/stm32wlxx_hal_subghz.o
                0x08004b20                HAL_SUBGHZ_ReadBuffer
 .text.HAL_SUBGHZ_IRQHandler
                0x08004bd0      0x11c ./Drivers/STM32WLxx_HAL_Driver/Src/stm32wlxx_hal_subghz.o
                0x08004bd0                HAL_SUBGHZ_IRQHandler
 .text.SUBGHZSPI_Init
                0x08004cec       0x40 ./Drivers/STM32WLxx_HAL_Driver/Src/stm32wlxx_hal_subghz.o
                0x08004cec                SUBGHZSPI_Init
 .text.SUBGHZSPI_Transmit
                0x08004d2c       0xac ./Drivers/STM32WLxx_HAL_Driver/Src/stm32wlxx_hal_subghz.o
                0x08004d2c                SUBGHZSPI_Transmit
 .text.SUBGHZSPI_Receive
                0x08004dd8       0xb0 ./Drivers/STM32WLxx_HAL_Driver/Src/stm32wlxx_hal_subghz.o
                0x08004dd8                SUBGHZSPI_Receive
 .text.SUBGHZ_CheckDeviceReady
                0x08004e88       0x48 ./Drivers/STM32WLxx_HAL_Driver/Src/stm32wlxx_hal_subghz.o
                0x08004e88                SUBGHZ_CheckDeviceReady
 .text.SUBGHZ_WaitOnBusy
                0x08004ed0       0x5c ./Drivers/STM32WLxx_HAL_Driver/Src/stm32wlxx_hal_subghz.o
                0x08004ed0                SUBGHZ_WaitOnBusy
 .text.LL_RCC_GetUSARTClockSource
                0x08004f2c       0x24 ./Drivers/STM32WLxx_HAL_Driver/Src/stm32wlxx_hal_uart.o
 .text.LL_RCC_GetLPUARTClockSource
                0x08004f50       0x1e ./Drivers/STM32WLxx_HAL_Driver/Src/stm32wlxx_hal_uart.o
 .text.HAL_UART_Init
                0x08004f6e       0xa0 ./Drivers/STM32WLxx_HAL_Driver/Src/stm32wlxx_hal_uart.o
                0x08004f6e                HAL_UART_Init
 *fill*         0x0800500e        0x2 
 .text.HAL_UART_Receive_IT
                0x08005010       0x98 ./Drivers/STM32WLxx_HAL_Driver/Src/stm32wlxx_hal_uart.o
                0x08005010                HAL_UART_Receive_IT
 .text.HAL_UART_Transmit_DMA
                0x080050a8      0x100 ./Drivers/STM32WLxx_HAL_Driver/Src/stm32wlxx_hal_uart.o
                0x080050a8                HAL_UART_Transmit_DMA
 .text.HAL_UART_IRQHandler
                0x080051a8      0x648 ./Drivers/STM32WLxx_HAL_Driver/Src/stm32wlxx_hal_uart.o
                0x080051a8                HAL_UART_IRQHandler
 .text.HAL_UART_TxHalfCpltCallback
                0x080057f0       0x12 ./Drivers/STM32WLxx_HAL_Driver/Src/stm32wlxx_hal_uart.o
                0x080057f0                HAL_UART_TxHalfCpltCallback
 .text.HAL_UART_ErrorCallback
                0x08005802       0x12 ./Drivers/STM32WLxx_HAL_Driver/Src/stm32wlxx_hal_uart.o
                0x08005802                HAL_UART_ErrorCallback
 .text.HAL_UARTEx_RxEventCallback
                0x08005814       0x16 ./Drivers/STM32WLxx_HAL_Driver/Src/stm32wlxx_hal_uart.o
                0x08005814                HAL_UARTEx_RxEventCallback
 *fill*         0x0800582a        0x2 
 .text.UART_SetConfig
                0x0800582c      0x4e8 ./Drivers/STM32WLxx_HAL_Driver/Src/stm32wlxx_hal_uart.o
                0x0800582c                UART_SetConfig
 .text.UART_AdvFeatureConfig
                0x08005d14      0x142 ./Drivers/STM32WLxx_HAL_Driver/Src/stm32wlxx_hal_uart.o
                0x08005d14                UART_AdvFeatureConfig
 .text.UART_CheckIdleState
                0x08005e56       0x9c ./Drivers/STM32WLxx_HAL_Driver/Src/stm32wlxx_hal_uart.o
                0x08005e56                UART_CheckIdleState
 .text.UART_WaitOnFlagUntilTimeout
                0x08005ef2      0x19c ./Drivers/STM32WLxx_HAL_Driver/Src/stm32wlxx_hal_uart.o
                0x08005ef2                UART_WaitOnFlagUntilTimeout
 *fill*         0x0800608e        0x2 
 .text.UART_Start_Receive_IT
                0x08006090      0x240 ./Drivers/STM32WLxx_HAL_Driver/Src/stm32wlxx_hal_uart.o
                0x08006090                UART_Start_Receive_IT
 .text.UART_EndTxTransfer
                0x080062d0       0x80 ./Drivers/STM32WLxx_HAL_Driver/Src/stm32wlxx_hal_uart.o
 .text.UART_EndRxTransfer
                0x08006350       0xca ./Drivers/STM32WLxx_HAL_Driver/Src/stm32wlxx_hal_uart.o
 .text.UART_DMATransmitCplt
                0x0800641a       0x9a ./Drivers/STM32WLxx_HAL_Driver/Src/stm32wlxx_hal_uart.o
 .text.UART_DMATxHalfCplt
                0x080064b4       0x1c ./Drivers/STM32WLxx_HAL_Driver/Src/stm32wlxx_hal_uart.o
 .text.UART_DMAError
                0x080064d0       0x80 ./Drivers/STM32WLxx_HAL_Driver/Src/stm32wlxx_hal_uart.o
 .text.UART_DMAAbortOnError
                0x08006550       0x2c ./Drivers/STM32WLxx_HAL_Driver/Src/stm32wlxx_hal_uart.o
 .text.UART_EndTransmit_IT
                0x0800657c       0x56 ./Drivers/STM32WLxx_HAL_Driver/Src/stm32wlxx_hal_uart.o
 *fill*         0x080065d2        0x2 
 .text.UART_RxISR_8BIT
                0x080065d4      0x1b8 ./Drivers/STM32WLxx_HAL_Driver/Src/stm32wlxx_hal_uart.o
 .text.UART_RxISR_16BIT
                0x0800678c      0x1b8 ./Drivers/STM32WLxx_HAL_Driver/Src/stm32wlxx_hal_uart.o
 .text.UART_RxISR_8BIT_FIFOEN
                0x08006944      0x360 ./Drivers/STM32WLxx_HAL_Driver/Src/stm32wlxx_hal_uart.o
 .text.UART_RxISR_16BIT_FIFOEN
                0x08006ca4      0x368 ./Drivers/STM32WLxx_HAL_Driver/Src/stm32wlxx_hal_uart.o
 .text.HAL_UARTEx_WakeupCallback
                0x0800700c       0x12 ./Drivers/STM32WLxx_HAL_Driver/Src/stm32wlxx_hal_uart_ex.o
                0x0800700c                HAL_UARTEx_WakeupCallback
 .text.HAL_UARTEx_RxFifoFullCallback
                0x0800701e       0x12 ./Drivers/STM32WLxx_HAL_Driver/Src/stm32wlxx_hal_uart_ex.o
                0x0800701e                HAL_UARTEx_RxFifoFullCallback
 .text.HAL_UARTEx_TxFifoEmptyCallback
                0x08007030       0x12 ./Drivers/STM32WLxx_HAL_Driver/Src/stm32wlxx_hal_uart_ex.o
                0x08007030                HAL_UARTEx_TxFifoEmptyCallback
 .text.HAL_UARTEx_StopModeWakeUpSourceConfig
                0x08007042       0xb6 ./Drivers/STM32WLxx_HAL_Driver/Src/stm32wlxx_hal_uart_ex.o
                0x08007042                HAL_UARTEx_StopModeWakeUpSourceConfig
 .text.HAL_UARTEx_EnableStopMode
                0x080070f8       0x64 ./Drivers/STM32WLxx_HAL_Driver/Src/stm32wlxx_hal_uart_ex.o
                0x080070f8                HAL_UARTEx_EnableStopMode
 .text.HAL_UARTEx_EnableFifoMode
                0x0800715c       0x76 ./Drivers/STM32WLxx_HAL_Driver/Src/stm32wlxx_hal_uart_ex.o
                0x0800715c                HAL_UARTEx_EnableFifoMode
 .text.HAL_UARTEx_SetTxFifoThreshold
                0x080071d2       0x7c ./Drivers/STM32WLxx_HAL_Driver/Src/stm32wlxx_hal_uart_ex.o
                0x080071d2                HAL_UARTEx_SetTxFifoThreshold
 .text.HAL_UARTEx_SetRxFifoThreshold
                0x0800724e       0x7c ./Drivers/STM32WLxx_HAL_Driver/Src/stm32wlxx_hal_uart_ex.o
                0x0800724e                HAL_UARTEx_SetRxFifoThreshold
 .text.UARTEx_Wakeup_AddressConfig
                0x080072ca       0x44 ./Drivers/STM32WLxx_HAL_Driver/Src/stm32wlxx_hal_uart_ex.o
 *fill*         0x0800730e        0x2 
 .text.UARTEx_SetNbDataToProcess
                0x08007310       0x98 ./Drivers/STM32WLxx_HAL_Driver/Src/stm32wlxx_hal_uart_ex.o
 .text.RadioInit
                0x080073a8       0xb8 ./Middlewares/Third_Party/SubGHz_Phy/stm32_radio_driver/radio.o
 .text.RadioGetStatus
                0x08007460       0x2e ./Middlewares/Third_Party/SubGHz_Phy/stm32_radio_driver/radio.o
 *fill*         0x0800748e        0x2 
 .text.RadioSetModem
                0x08007490       0xb8 ./Middlewares/Third_Party/SubGHz_Phy/stm32_radio_driver/radio.o
 .text.RadioSetChannel
                0x08007548       0x16 ./Middlewares/Third_Party/SubGHz_Phy/stm32_radio_driver/radio.o
 .text.RadioIsChannelFree
                0x0800755e       0xb4 ./Middlewares/Third_Party/SubGHz_Phy/stm32_radio_driver/radio.o
 .text.RadioRandom
                0x08007612       0x26 ./Middlewares/Third_Party/SubGHz_Phy/stm32_radio_driver/radio.o
 .text.RadioSetRxConfig
                0x08007638      0x418 ./Middlewares/Third_Party/SubGHz_Phy/stm32_radio_driver/radio.o
 .text.RadioSetTxConfig
                0x08007a50      0x224 ./Middlewares/Third_Party/SubGHz_Phy/stm32_radio_driver/radio.o
 .text.RadioCheckRfFrequency
                0x08007c74       0x14 ./Middlewares/Third_Party/SubGHz_Phy/stm32_radio_driver/radio.o
 .text.RadioGetLoRaBandwidthInHz
                0x08007c88       0xac ./Middlewares/Third_Party/SubGHz_Phy/stm32_radio_driver/radio.o
 .text.RadioGetGfskTimeOnAirNumerator
                0x08007d34       0x54 ./Middlewares/Third_Party/SubGHz_Phy/stm32_radio_driver/radio.o
 .text.RadioGetLoRaTimeOnAirNumerator
                0x08007d88      0x102 ./Middlewares/Third_Party/SubGHz_Phy/stm32_radio_driver/radio.o
 *fill*         0x08007e8a        0x2 
 .text.RadioTimeOnAir
                0x08007e8c       0xb0 ./Middlewares/Third_Party/SubGHz_Phy/stm32_radio_driver/radio.o
 .text.RadioSend
                0x08007f3c      0x200 ./Middlewares/Third_Party/SubGHz_Phy/stm32_radio_driver/radio.o
 .text.RadioSleep
                0x0800813c       0x26 ./Middlewares/Third_Party/SubGHz_Phy/stm32_radio_driver/radio.o
 .text.RadioStandby
                0x08008162        0xe ./Middlewares/Third_Party/SubGHz_Phy/stm32_radio_driver/radio.o
 .text.RadioRx  0x08008170       0x80 ./Middlewares/Third_Party/SubGHz_Phy/stm32_radio_driver/radio.o
 .text.RadioRxBoosted
                0x080081f0       0x80 ./Middlewares/Third_Party/SubGHz_Phy/stm32_radio_driver/radio.o
 .text.RadioSetRxDutyCycle
                0x08008270       0x48 ./Middlewares/Third_Party/SubGHz_Phy/stm32_radio_driver/radio.o
 .text.RadioStartCad
                0x080082b8       0x30 ./Middlewares/Third_Party/SubGHz_Phy/stm32_radio_driver/radio.o
 .text.RadioSetTxContinuousWave
                0x080082e8       0x64 ./Middlewares/Third_Party/SubGHz_Phy/stm32_radio_driver/radio.o
 .text.RadioRssi
                0x0800834c       0x18 ./Middlewares/Third_Party/SubGHz_Phy/stm32_radio_driver/radio.o
 .text.RadioWrite
                0x08008364       0x24 ./Middlewares/Third_Party/SubGHz_Phy/stm32_radio_driver/radio.o
 .text.RadioRead
                0x08008388       0x1c ./Middlewares/Third_Party/SubGHz_Phy/stm32_radio_driver/radio.o
 .text.RadioWriteRegisters
                0x080083a4       0x26 ./Middlewares/Third_Party/SubGHz_Phy/stm32_radio_driver/radio.o
 .text.RadioReadRegisters
                0x080083ca       0x26 ./Middlewares/Third_Party/SubGHz_Phy/stm32_radio_driver/radio.o
 .text.RadioSetMaxPayloadLength
                0x080083f0       0x5c ./Middlewares/Third_Party/SubGHz_Phy/stm32_radio_driver/radio.o
 .text.RadioSetPublicNetwork
                0x0800844c       0x5c ./Middlewares/Third_Party/SubGHz_Phy/stm32_radio_driver/radio.o
 .text.RadioGetWakeupTime
                0x080084a8       0x10 ./Middlewares/Third_Party/SubGHz_Phy/stm32_radio_driver/radio.o
 .text.RadioOnTxTimeoutIrq
                0x080084b8       0x14 ./Middlewares/Third_Party/SubGHz_Phy/stm32_radio_driver/radio.o
 .text.RadioOnRxTimeoutIrq
                0x080084cc       0x14 ./Middlewares/Third_Party/SubGHz_Phy/stm32_radio_driver/radio.o
 .text.RadioOnTxTimeoutProcess
                0x080084e0       0x28 ./Middlewares/Third_Party/SubGHz_Phy/stm32_radio_driver/radio.o
 .text.RadioOnRxTimeoutProcess
                0x08008508       0x28 ./Middlewares/Third_Party/SubGHz_Phy/stm32_radio_driver/radio.o
 .text.RadioOnDioIrq
                0x08008530       0x24 ./Middlewares/Third_Party/SubGHz_Phy/stm32_radio_driver/radio.o
 .text.RadioIrqProcess
                0x08008554      0x44c ./Middlewares/Third_Party/SubGHz_Phy/stm32_radio_driver/radio.o
 .text.RadioTxPrbs
                0x080089a0       0x38 ./Middlewares/Third_Party/SubGHz_Phy/stm32_radio_driver/radio.o
 .text.RadioTxCw
                0x080089d8       0x38 ./Middlewares/Third_Party/SubGHz_Phy/stm32_radio_driver/radio.o
 .text.payload_integration
                0x08008a10      0x124 ./Middlewares/Third_Party/SubGHz_Phy/stm32_radio_driver/radio.o
 .text.RadioSetRxGenericConfig
                0x08008b34      0x38c ./Middlewares/Third_Party/SubGHz_Phy/stm32_radio_driver/radio.o
 .text.RadioSetTxGenericConfig
                0x08008ec0      0x470 ./Middlewares/Third_Party/SubGHz_Phy/stm32_radio_driver/radio.o
 .text.RadioLrFhssSetCfg
                0x08009330       0x18 ./Middlewares/Third_Party/SubGHz_Phy/stm32_radio_driver/radio.o
 .text.RadioLrFhssGetTimeOnAirInMs
                0x08009348       0x16 ./Middlewares/Third_Party/SubGHz_Phy/stm32_radio_driver/radio.o
 *fill*         0x0800935e        0x2 
 .text.SUBGRF_Init
                0x08009360       0x90 ./Middlewares/Third_Party/SubGHz_Phy/stm32_radio_driver/radio_driver.o
                0x08009360                SUBGRF_Init
 .text.SUBGRF_GetOperatingMode
                0x080093f0       0x14 ./Middlewares/Third_Party/SubGHz_Phy/stm32_radio_driver/radio_driver.o
                0x080093f0                SUBGRF_GetOperatingMode
 .text.SUBGRF_SetPayload
                0x08009404       0x20 ./Middlewares/Third_Party/SubGHz_Phy/stm32_radio_driver/radio_driver.o
                0x08009404                SUBGRF_SetPayload
 .text.SUBGRF_GetPayload
                0x08009424       0x44 ./Middlewares/Third_Party/SubGHz_Phy/stm32_radio_driver/radio_driver.o
                0x08009424                SUBGRF_GetPayload
 .text.SUBGRF_SendPayload
                0x08009468       0x26 ./Middlewares/Third_Party/SubGHz_Phy/stm32_radio_driver/radio_driver.o
                0x08009468                SUBGRF_SendPayload
 .text.SUBGRF_SetSyncWord
                0x0800948e       0x1e ./Middlewares/Third_Party/SubGHz_Phy/stm32_radio_driver/radio_driver.o
                0x0800948e                SUBGRF_SetSyncWord
 .text.SUBGRF_SetCrcSeed
                0x080094ac       0x40 ./Middlewares/Third_Party/SubGHz_Phy/stm32_radio_driver/radio_driver.o
                0x080094ac                SUBGRF_SetCrcSeed
 .text.SUBGRF_SetCrcPolynomial
                0x080094ec       0x40 ./Middlewares/Third_Party/SubGHz_Phy/stm32_radio_driver/radio_driver.o
                0x080094ec                SUBGRF_SetCrcPolynomial
 .text.SUBGRF_SetWhiteningSeed
                0x0800952c       0x66 ./Middlewares/Third_Party/SubGHz_Phy/stm32_radio_driver/radio_driver.o
                0x0800952c                SUBGRF_SetWhiteningSeed
 .text.SUBGRF_GetRandom
                0x08009592       0x8c ./Middlewares/Third_Party/SubGHz_Phy/stm32_radio_driver/radio_driver.o
                0x08009592                SUBGRF_GetRandom
 *fill*         0x0800961e        0x2 
 .text.SUBGRF_SetSleep
                0x08009620       0x68 ./Middlewares/Third_Party/SubGHz_Phy/stm32_radio_driver/radio_driver.o
                0x08009620                SUBGRF_SetSleep
 .text.SUBGRF_SetStandby
                0x08009688       0x38 ./Middlewares/Third_Party/SubGHz_Phy/stm32_radio_driver/radio_driver.o
                0x08009688                SUBGRF_SetStandby
 .text.SUBGRF_SetTx
                0x080096c0       0x40 ./Middlewares/Third_Party/SubGHz_Phy/stm32_radio_driver/radio_driver.o
                0x080096c0                SUBGRF_SetTx
 .text.SUBGRF_SetRx
                0x08009700       0x40 ./Middlewares/Third_Party/SubGHz_Phy/stm32_radio_driver/radio_driver.o
                0x08009700                SUBGRF_SetRx
 .text.SUBGRF_SetRxBoosted
                0x08009740       0x48 ./Middlewares/Third_Party/SubGHz_Phy/stm32_radio_driver/radio_driver.o
                0x08009740                SUBGRF_SetRxBoosted
 .text.SUBGRF_SetRxDutyCycle
                0x08009788       0x58 ./Middlewares/Third_Party/SubGHz_Phy/stm32_radio_driver/radio_driver.o
                0x08009788                SUBGRF_SetRxDutyCycle
 .text.SUBGRF_SetCad
                0x080097e0       0x1c ./Middlewares/Third_Party/SubGHz_Phy/stm32_radio_driver/radio_driver.o
                0x080097e0                SUBGRF_SetCad
 .text.SUBGRF_SetTxContinuousWave
                0x080097fc       0x12 ./Middlewares/Third_Party/SubGHz_Phy/stm32_radio_driver/radio_driver.o
                0x080097fc                SUBGRF_SetTxContinuousWave
 .text.SUBGRF_SetTxInfinitePreamble
                0x0800980e       0x12 ./Middlewares/Third_Party/SubGHz_Phy/stm32_radio_driver/radio_driver.o
                0x0800980e                SUBGRF_SetTxInfinitePreamble
 .text.SUBGRF_SetStopRxTimerOnPreambleDetect
                0x08009820       0x1e ./Middlewares/Third_Party/SubGHz_Phy/stm32_radio_driver/radio_driver.o
                0x08009820                SUBGRF_SetStopRxTimerOnPreambleDetect
 .text.SUBGRF_SetLoRaSymbNumTimeout
                0x0800983e       0x5e ./Middlewares/Third_Party/SubGHz_Phy/stm32_radio_driver/radio_driver.o
                0x0800983e                SUBGRF_SetLoRaSymbNumTimeout
 .text.SUBGRF_SetRegulatorMode
                0x0800989c       0x2e ./Middlewares/Third_Party/SubGHz_Phy/stm32_radio_driver/radio_driver.o
                0x0800989c                SUBGRF_SetRegulatorMode
 .text.SUBGRF_Calibrate
                0x080098ca       0x98 ./Middlewares/Third_Party/SubGHz_Phy/stm32_radio_driver/radio_driver.o
                0x080098ca                SUBGRF_Calibrate
 *fill*         0x08009962        0x2 
 .text.SUBGRF_CalibrateImage
                0x08009964       0x94 ./Middlewares/Third_Party/SubGHz_Phy/stm32_radio_driver/radio_driver.o
                0x08009964                SUBGRF_CalibrateImage
 .text.SUBGRF_SetPaConfig
                0x080099f8       0x44 ./Middlewares/Third_Party/SubGHz_Phy/stm32_radio_driver/radio_driver.o
                0x080099f8                SUBGRF_SetPaConfig
 .text.SUBGRF_SetDioIrqParams
                0x08009a3c       0x74 ./Middlewares/Third_Party/SubGHz_Phy/stm32_radio_driver/radio_driver.o
                0x08009a3c                SUBGRF_SetDioIrqParams
 .text.SUBGRF_SetTcxoMode
                0x08009ab0       0x42 ./Middlewares/Third_Party/SubGHz_Phy/stm32_radio_driver/radio_driver.o
                0x08009ab0                SUBGRF_SetTcxoMode
 *fill*         0x08009af2        0x2 
 .text.SUBGRF_SetRfFrequency
                0x08009af4       0x8c ./Middlewares/Third_Party/SubGHz_Phy/stm32_radio_driver/radio_driver.o
                0x08009af4                SUBGRF_SetRfFrequency
 .text.SUBGRF_SetPacketType
                0x08009b80       0x38 ./Middlewares/Third_Party/SubGHz_Phy/stm32_radio_driver/radio_driver.o
                0x08009b80                SUBGRF_SetPacketType
 .text.SUBGRF_GetPacketType
                0x08009bb8       0x14 ./Middlewares/Third_Party/SubGHz_Phy/stm32_radio_driver/radio_driver.o
                0x08009bb8                SUBGRF_GetPacketType
 .text.SUBGRF_SetTxParams
                0x08009bcc      0x19a ./Middlewares/Third_Party/SubGHz_Phy/stm32_radio_driver/radio_driver.o
                0x08009bcc                SUBGRF_SetTxParams
 *fill*         0x08009d66        0x2 
 .text.SUBGRF_SetModulationParams
                0x08009d68      0x19c ./Middlewares/Third_Party/SubGHz_Phy/stm32_radio_driver/radio_driver.o
                0x08009d68                SUBGRF_SetModulationParams
 .text.SUBGRF_SetPacketParams
                0x08009f04      0x138 ./Middlewares/Third_Party/SubGHz_Phy/stm32_radio_driver/radio_driver.o
                0x08009f04                SUBGRF_SetPacketParams
 .text.SUBGRF_SetBufferBaseAddress
                0x0800a03c       0x2e ./Middlewares/Third_Party/SubGHz_Phy/stm32_radio_driver/radio_driver.o
                0x0800a03c                SUBGRF_SetBufferBaseAddress
 .text.SUBGRF_GetRssiInst
                0x0800a06a       0x2a ./Middlewares/Third_Party/SubGHz_Phy/stm32_radio_driver/radio_driver.o
                0x0800a06a                SUBGRF_GetRssiInst
 .text.SUBGRF_GetRxBufferStatus
                0x0800a094       0x58 ./Middlewares/Third_Party/SubGHz_Phy/stm32_radio_driver/radio_driver.o
                0x0800a094                SUBGRF_GetRxBufferStatus
 .text.SUBGRF_GetPacketStatus
                0x0800a0ec       0xa4 ./Middlewares/Third_Party/SubGHz_Phy/stm32_radio_driver/radio_driver.o
                0x0800a0ec                SUBGRF_GetPacketStatus
 .text.SUBGRF_WriteRegister
                0x0800a190       0x44 ./Middlewares/Third_Party/SubGHz_Phy/stm32_radio_driver/radio_driver.o
                0x0800a190                SUBGRF_WriteRegister
 .text.SUBGRF_ReadRegister
                0x0800a1d4       0x40 ./Middlewares/Third_Party/SubGHz_Phy/stm32_radio_driver/radio_driver.o
                0x0800a1d4                SUBGRF_ReadRegister
 .text.SUBGRF_WriteRegisters
                0x0800a214       0x44 ./Middlewares/Third_Party/SubGHz_Phy/stm32_radio_driver/radio_driver.o
                0x0800a214                SUBGRF_WriteRegisters
 .text.SUBGRF_ReadRegisters
                0x0800a258       0x44 ./Middlewares/Third_Party/SubGHz_Phy/stm32_radio_driver/radio_driver.o
                0x0800a258                SUBGRF_ReadRegisters
 .text.SUBGRF_WriteBuffer
                0x0800a29c       0x44 ./Middlewares/Third_Party/SubGHz_Phy/stm32_radio_driver/radio_driver.o
                0x0800a29c                SUBGRF_WriteBuffer
 .text.SUBGRF_ReadBuffer
                0x0800a2e0       0x44 ./Middlewares/Third_Party/SubGHz_Phy/stm32_radio_driver/radio_driver.o
                0x0800a2e0                SUBGRF_ReadBuffer
 .text.SUBGRF_WriteCommand
                0x0800a324       0x44 ./Middlewares/Third_Party/SubGHz_Phy/stm32_radio_driver/radio_driver.o
                0x0800a324                SUBGRF_WriteCommand
 .text.SUBGRF_ReadCommand
                0x0800a368       0x44 ./Middlewares/Third_Party/SubGHz_Phy/stm32_radio_driver/radio_driver.o
                0x0800a368                SUBGRF_ReadCommand
 .text.SUBGRF_SetSwitch
                0x0800a3ac       0x50 ./Middlewares/Third_Party/SubGHz_Phy/stm32_radio_driver/radio_driver.o
                0x0800a3ac                SUBGRF_SetSwitch
 .text.SUBGRF_SetRfTxPower
                0x0800a3fc       0x68 ./Middlewares/Third_Party/SubGHz_Phy/stm32_radio_driver/radio_driver.o
                0x0800a3fc                SUBGRF_SetRfTxPower
 .text.SUBGRF_GetRadioWakeUpTime
                0x0800a464        0xe ./Middlewares/Third_Party/SubGHz_Phy/stm32_radio_driver/radio_driver.o
                0x0800a464                SUBGRF_GetRadioWakeUpTime
 *fill*         0x0800a472        0x2 
 .text.HAL_SUBGHZ_TxCpltCallback
                0x0800a474       0x1c ./Middlewares/Third_Party/SubGHz_Phy/stm32_radio_driver/radio_driver.o
                0x0800a474                HAL_SUBGHZ_TxCpltCallback
 .text.HAL_SUBGHZ_RxCpltCallback
                0x0800a490       0x1c ./Middlewares/Third_Party/SubGHz_Phy/stm32_radio_driver/radio_driver.o
                0x0800a490                HAL_SUBGHZ_RxCpltCallback
 .text.HAL_SUBGHZ_CRCErrorCallback
                0x0800a4ac       0x1c ./Middlewares/Third_Party/SubGHz_Phy/stm32_radio_driver/radio_driver.o
                0x0800a4ac                HAL_SUBGHZ_CRCErrorCallback
 .text.HAL_SUBGHZ_CADStatusCallback
                0x0800a4c8       0x3c ./Middlewares/Third_Party/SubGHz_Phy/stm32_radio_driver/radio_driver.o
                0x0800a4c8                HAL_SUBGHZ_CADStatusCallback
 .text.HAL_SUBGHZ_RxTxTimeoutCallback
                0x0800a504       0x20 ./Middlewares/Third_Party/SubGHz_Phy/stm32_radio_driver/radio_driver.o
                0x0800a504                HAL_SUBGHZ_RxTxTimeoutCallback
 .text.HAL_SUBGHZ_HeaderErrorCallback
                0x0800a524       0x1c ./Middlewares/Third_Party/SubGHz_Phy/stm32_radio_driver/radio_driver.o
                0x0800a524                HAL_SUBGHZ_HeaderErrorCallback
 .text.HAL_SUBGHZ_PreambleDetectedCallback
                0x0800a540       0x1c ./Middlewares/Third_Party/SubGHz_Phy/stm32_radio_driver/radio_driver.o
                0x0800a540                HAL_SUBGHZ_PreambleDetectedCallback
 .text.HAL_SUBGHZ_SyncWordValidCallback
                0x0800a55c       0x1c ./Middlewares/Third_Party/SubGHz_Phy/stm32_radio_driver/radio_driver.o
                0x0800a55c                HAL_SUBGHZ_SyncWordValidCallback
 .text.HAL_SUBGHZ_HeaderValidCallback
                0x0800a578       0x1c ./Middlewares/Third_Party/SubGHz_Phy/stm32_radio_driver/radio_driver.o
                0x0800a578                HAL_SUBGHZ_HeaderValidCallback
 .text.HAL_SUBGHZ_LrFhssHopCallback
                0x0800a594       0x20 ./Middlewares/Third_Party/SubGHz_Phy/stm32_radio_driver/radio_driver.o
                0x0800a594                HAL_SUBGHZ_LrFhssHopCallback
 .text.Radio_SMPS_Set
                0x0800a5b4       0x42 ./Middlewares/Third_Party/SubGHz_Phy/stm32_radio_driver/radio_driver.o
 *fill*         0x0800a5f6        0x2 
 .text.SUBGRF_GetFskBandwidthRegValue
                0x0800a5f8       0x50 ./Middlewares/Third_Party/SubGHz_Phy/stm32_radio_driver/radio_driver.o
                0x0800a5f8                SUBGRF_GetFskBandwidthRegValue
 .text.SUBGRF_GetCFO
                0x0800a648       0xe8 ./Middlewares/Third_Party/SubGHz_Phy/stm32_radio_driver/radio_driver.o
                0x0800a648                SUBGRF_GetCFO
 .text.RFW_TransmitLongPacket
                0x0800a730       0x24 ./Middlewares/Third_Party/SubGHz_Phy/stm32_radio_driver/radio_fw.o
                0x0800a730                RFW_TransmitLongPacket
 .text.RFW_ReceiveLongPacket
                0x0800a754       0x24 ./Middlewares/Third_Party/SubGHz_Phy/stm32_radio_driver/radio_fw.o
                0x0800a754                RFW_ReceiveLongPacket
 .text.RFW_Init
                0x0800a778       0x1a ./Middlewares/Third_Party/SubGHz_Phy/stm32_radio_driver/radio_fw.o
                0x0800a778                RFW_Init
 .text.RFW_DeInit
                0x0800a792        0xc ./Middlewares/Third_Party/SubGHz_Phy/stm32_radio_driver/radio_fw.o
                0x0800a792                RFW_DeInit
 .text.RFW_Is_Init
                0x0800a79e        0xe ./Middlewares/Third_Party/SubGHz_Phy/stm32_radio_driver/radio_fw.o
                0x0800a79e                RFW_Is_Init
 .text.RFW_Is_LongPacketModeEnabled
                0x0800a7ac        0xe ./Middlewares/Third_Party/SubGHz_Phy/stm32_radio_driver/radio_fw.o
                0x0800a7ac                RFW_Is_LongPacketModeEnabled
 .text.RFW_SetAntSwitch
                0x0800a7ba       0x14 ./Middlewares/Third_Party/SubGHz_Phy/stm32_radio_driver/radio_fw.o
                0x0800a7ba                RFW_SetAntSwitch
 .text.RFW_TransmitInit
                0x0800a7ce       0x20 ./Middlewares/Third_Party/SubGHz_Phy/stm32_radio_driver/radio_fw.o
                0x0800a7ce                RFW_TransmitInit
 .text.RFW_ReceiveInit
                0x0800a7ee       0x10 ./Middlewares/Third_Party/SubGHz_Phy/stm32_radio_driver/radio_fw.o
                0x0800a7ee                RFW_ReceiveInit
 .text.RFW_DeInit_TxLongPacket
                0x0800a7fe        0xc ./Middlewares/Third_Party/SubGHz_Phy/stm32_radio_driver/radio_fw.o
                0x0800a7fe                RFW_DeInit_TxLongPacket
 .text.RFW_ReceivePayload
                0x0800a80a        0xc ./Middlewares/Third_Party/SubGHz_Phy/stm32_radio_driver/radio_fw.o
                0x0800a80a                RFW_ReceivePayload
 .text.RFW_SetRadioModem
                0x0800a816       0x14 ./Middlewares/Third_Party/SubGHz_Phy/stm32_radio_driver/radio_fw.o
                0x0800a816                RFW_SetRadioModem
 .text.MX_SubGHz_Phy_Init
                0x0800a82a       0x10 ./SubGHz_Phy/App/app_subghz_phy.o
                0x0800a82a                MX_SubGHz_Phy_Init
 .text.MX_SubGHz_Phy_Process
                0x0800a83a       0x10 ./SubGHz_Phy/App/app_subghz_phy.o
                0x0800a83a                MX_SubGHz_Phy_Process
 *fill*         0x0800a84a        0x2 
 .text.SubghzApp_Init
                0x0800a84c       0x4c ./SubGHz_Phy/App/subghz_phy_app.o
                0x0800a84c                SubghzApp_Init
 .text.OnTxDone
                0x0800a898        0xc ./SubGHz_Phy/App/subghz_phy_app.o
 .text.OnRxDone
                0x0800a8a4       0x24 ./SubGHz_Phy/App/subghz_phy_app.o
 .text.OnTxTimeout
                0x0800a8c8        0xc ./SubGHz_Phy/App/subghz_phy_app.o
 .text.OnRxTimeout
                0x0800a8d4        0xc ./SubGHz_Phy/App/subghz_phy_app.o
 .text.OnRxError
                0x0800a8e0        0xc ./SubGHz_Phy/App/subghz_phy_app.o
 .text.RBI_Init
                0x0800a8ec        0xe ./SubGHz_Phy/Target/radio_board_if.o
                0x0800a8ec                RBI_Init
 .text.RBI_ConfigRFSwitch
                0x0800a8fa       0x1c ./SubGHz_Phy/Target/radio_board_if.o
                0x0800a8fa                RBI_ConfigRFSwitch
 .text.RBI_GetTxConfig
                0x0800a916        0xe ./SubGHz_Phy/Target/radio_board_if.o
                0x0800a916                RBI_GetTxConfig
 .text.RBI_IsTCXO
                0x0800a924        0xe ./SubGHz_Phy/Target/radio_board_if.o
                0x0800a924                RBI_IsTCXO
 .text.RBI_IsDCDC
                0x0800a932        0xe ./SubGHz_Phy/Target/radio_board_if.o
                0x0800a932                RBI_IsDCDC
 .text.RBI_GetRFOMaxPowerConfig
                0x0800a940       0x1c ./SubGHz_Phy/Target/radio_board_if.o
                0x0800a940                RBI_GetRFOMaxPowerConfig
 .text.UTIL_LPM_Init
                0x0800a95c       0x20 ./Utilities/lpm/tiny_lpm/stm32_lpm.o
                0x0800a95c                UTIL_LPM_Init
 .text.UTIL_LPM_SetStopMode
                0x0800a97c       0x60 ./Utilities/lpm/tiny_lpm/stm32_lpm.o
                0x0800a97c                UTIL_LPM_SetStopMode
 .text.UTIL_LPM_SetOffMode
                0x0800a9dc       0x60 ./Utilities/lpm/tiny_lpm/stm32_lpm.o
                0x0800a9dc                UTIL_LPM_SetOffMode
 .text.UTIL_LPM_EnterLowPower
                0x0800aa3c       0x6c ./Utilities/lpm/tiny_lpm/stm32_lpm.o
                0x0800aa3c                UTIL_LPM_EnterLowPower
 .text.UTIL_MEM_cpy_8
                0x0800aaa8       0x3e ./Utilities/misc/stm32_mem.o
                0x0800aaa8                UTIL_MEM_cpy_8
 .text.UTIL_MEM_set_8
                0x0800aae6       0x36 ./Utilities/misc/stm32_mem.o
                0x0800aae6                UTIL_MEM_set_8
 .text.SysTimeAdd
                0x0800ab1c       0x72 ./Utilities/misc/stm32_systime.o
                0x0800ab1c                SysTimeAdd
 *fill*         0x0800ab8e        0x2 
 .text.SysTimeGet
                0x0800ab90       0x70 ./Utilities/misc/stm32_systime.o
                0x0800ab90                SysTimeGet
 .text.ee_skip_atoi
                0x0800ac00       0x4c ./Utilities/misc/stm32_tiny_vsnprintf.o
 .text.ee_number
                0x0800ac4c      0x1dc ./Utilities/misc/stm32_tiny_vsnprintf.o
 .text.tiny_vsnprintf_like
                0x0800ae28      0x2a4 ./Utilities/misc/stm32_tiny_vsnprintf.o
                0x0800ae28                tiny_vsnprintf_like
 .text.UTIL_SEQ_Run
                0x0800b0cc      0x1f8 ./Utilities/sequencer/stm32_seq.o
                0x0800b0cc                UTIL_SEQ_Run
 .text.UTIL_SEQ_PreIdle
                0x0800b2c4        0xc ./Utilities/sequencer/stm32_seq.o
                0x0800b2c4                UTIL_SEQ_PreIdle
 .text.UTIL_SEQ_PostIdle
                0x0800b2d0        0xc ./Utilities/sequencer/stm32_seq.o
                0x0800b2d0                UTIL_SEQ_PostIdle
 .text.SEQ_BitPosition
                0x0800b2dc       0x70 ./Utilities/sequencer/stm32_seq.o
                0x0800b2dc                SEQ_BitPosition
 .text.UTIL_TIMER_Init
                0x0800b34c       0x20 ./Utilities/timer/stm32_timer.o
                0x0800b34c                UTIL_TIMER_Init
 .text.UTIL_TIMER_Create
                0x0800b36c       0x6c ./Utilities/timer/stm32_timer.o
                0x0800b36c                UTIL_TIMER_Create
 .text.UTIL_TIMER_Start
                0x0800b3d8       0xdc ./Utilities/timer/stm32_timer.o
                0x0800b3d8                UTIL_TIMER_Start
 .text.UTIL_TIMER_Stop
                0x0800b4b4       0xe0 ./Utilities/timer/stm32_timer.o
                0x0800b4b4                UTIL_TIMER_Stop
 .text.UTIL_TIMER_SetPeriod
                0x0800b594       0x54 ./Utilities/timer/stm32_timer.o
                0x0800b594                UTIL_TIMER_SetPeriod
 .text.UTIL_TIMER_IRQ_Handler
                0x0800b5e8      0x100 ./Utilities/timer/stm32_timer.o
                0x0800b5e8                UTIL_TIMER_IRQ_Handler
 .text.UTIL_TIMER_GetCurrentTime
                0x0800b6e8       0x24 ./Utilities/timer/stm32_timer.o
                0x0800b6e8                UTIL_TIMER_GetCurrentTime
 .text.UTIL_TIMER_GetElapsedTime
                0x0800b70c       0x38 ./Utilities/timer/stm32_timer.o
                0x0800b70c                UTIL_TIMER_GetElapsedTime
 .text.TimerExists
                0x0800b744       0x38 ./Utilities/timer/stm32_timer.o
                0x0800b744                TimerExists
 .text.TimerSetTimeout
                0x0800b77c       0x54 ./Utilities/timer/stm32_timer.o
                0x0800b77c                TimerSetTimeout
 .text.TimerInsertTimer
                0x0800b7d0       0x60 ./Utilities/timer/stm32_timer.o
                0x0800b7d0                TimerInsertTimer
 .text.TimerInsertNewHeadTimer
                0x0800b830       0x3c ./Utilities/timer/stm32_timer.o
                0x0800b830                TimerInsertNewHeadTimer
 .text.UTIL_ADV_TRACE_Init
                0x0800b86c       0x38 ./Utilities/trace/adv_trace/stm32_adv_trace.o
                0x0800b86c                UTIL_ADV_TRACE_Init
 .text.UTIL_ADV_TRACE_COND_FSend
                0x0800b8a4      0x100 ./Utilities/trace/adv_trace/stm32_adv_trace.o
                0x0800b8a4                UTIL_ADV_TRACE_COND_FSend
 .text.UTIL_ADV_TRACE_RegisterTimeStampFunction
                0x0800b9a4       0x1c ./Utilities/trace/adv_trace/stm32_adv_trace.o
                0x0800b9a4                UTIL_ADV_TRACE_RegisterTimeStampFunction
 .text.UTIL_ADV_TRACE_SetVerboseLevel
                0x0800b9c0       0x20 ./Utilities/trace/adv_trace/stm32_adv_trace.o
                0x0800b9c0                UTIL_ADV_TRACE_SetVerboseLevel
 .text.TRACE_Send
                0x0800b9e0      0x108 ./Utilities/trace/adv_trace/stm32_adv_trace.o
 .text.TRACE_TxCpltCallback
                0x0800bae8      0x118 ./Utilities/trace/adv_trace/stm32_adv_trace.o
 .text.TRACE_AllocateBufer
                0x0800bc00       0xfc ./Utilities/trace/adv_trace/stm32_adv_trace.o
 .text.TRACE_Lock
                0x0800bcfc       0x3c ./Utilities/trace/adv_trace/stm32_adv_trace.o
 .text.TRACE_UnLock
                0x0800bd38       0x3c ./Utilities/trace/adv_trace/stm32_adv_trace.o
 .text.TRACE_IsLocked
                0x0800bd74       0x20 ./Utilities/trace/adv_trace/stm32_adv_trace.o
 .text.memset   0x0800bd94       0x10 C:/ST/STM32CubeIDE_1.18.1/STM32CubeIDE/plugins/com.st.stm32cube.ide.mcu.externaltools.gnu-tools-for-stm32.13.3.rel1.win32_1.0.0.202411081344/tools/bin/../lib/gcc/arm-none-eabi/13.3.1/../../../../arm-none-eabi/lib/thumb/v7e-m/nofp\libc_nano.a(libc_a-memset.o)
                0x0800bd94                memset
 .text.__libc_init_array
                0x0800bda4       0x48 C:/ST/STM32CubeIDE_1.18.1/STM32CubeIDE/plugins/com.st.stm32cube.ide.mcu.externaltools.gnu-tools-for-stm32.13.3.rel1.win32_1.0.0.202411081344/tools/bin/../lib/gcc/arm-none-eabi/13.3.1/../../../../arm-none-eabi/lib/thumb/v7e-m/nofp\libc_nano.a(libc_a-init.o)
                0x0800bda4                __libc_init_array
 *(.glue_7)
 .glue_7        0x0800bdec        0x0 linker stubs
 *(.glue_7t)
 .glue_7t       0x0800bdec        0x0 linker stubs
 *(.eh_frame)
 .eh_frame      0x0800bdec        0x0 C:/ST/STM32CubeIDE_1.18.1/STM32CubeIDE/plugins/com.st.stm32cube.ide.mcu.externaltools.gnu-tools-for-stm32.13.3.rel1.win32_1.0.0.202411081344/tools/bin/../lib/gcc/arm-none-eabi/13.3.1/thumb/v7e-m/nofp/crtbegin.o
 *(.init)
 .init          0x0800bdec        0x4 C:/ST/STM32CubeIDE_1.18.1/STM32CubeIDE/plugins/com.st.stm32cube.ide.mcu.externaltools.gnu-tools-for-stm32.13.3.rel1.win32_1.0.0.202411081344/tools/bin/../lib/gcc/arm-none-eabi/13.3.1/thumb/v7e-m/nofp/crti.o
                0x0800bdec                _init
 .init          0x0800bdf0        0x8 C:/ST/STM32CubeIDE_1.18.1/STM32CubeIDE/plugins/com.st.stm32cube.ide.mcu.externaltools.gnu-tools-for-stm32.13.3.rel1.win32_1.0.0.202411081344/tools/bin/../lib/gcc/arm-none-eabi/13.3.1/thumb/v7e-m/nofp/crtn.o
 *(.fini)
 .fini          0x0800bdf8        0x4 C:/ST/STM32CubeIDE_1.18.1/STM32CubeIDE/plugins/com.st.stm32cube.ide.mcu.externaltools.gnu-tools-for-stm32.13.3.rel1.win32_1.0.0.202411081344/tools/bin/../lib/gcc/arm-none-eabi/13.3.1/thumb/v7e-m/nofp/crti.o
                0x0800bdf8                _fini
 .fini          0x0800bdfc        0x8 C:/ST/STM32CubeIDE_1.18.1/STM32CubeIDE/plugins/com.st.stm32cube.ide.mcu.externaltools.gnu-tools-for-stm32.13.3.rel1.win32_1.0.0.202411081344/tools/bin/../lib/gcc/arm-none-eabi/13.3.1/thumb/v7e-m/nofp/crtn.o
                0x0800be04                        . = ALIGN (0x4)
                0x0800be04                        _etext = .

.vfp11_veneer   0x0800be04        0x0
 .vfp11_veneer  0x0800be04        0x0 linker stubs

.v4_bx          0x0800be04        0x0
 .v4_bx         0x0800be04        0x0 linker stubs

.iplt           0x0800be04        0x0
 .iplt          0x0800be04        0x0 C:/ST/STM32CubeIDE_1.18.1/STM32CubeIDE/plugins/com.st.stm32cube.ide.mcu.externaltools.gnu-tools-for-stm32.13.3.rel1.win32_1.0.0.202411081344/tools/bin/../lib/gcc/arm-none-eabi/13.3.1/thumb/v7e-m/nofp/crtbegin.o

.rodata         0x0800be04      0x37c
                0x0800be04                        . = ALIGN (0x4)
 *(.rodata)
 .rodata        0x0800be04        0x9 ./Core/Src/sys_app.o
 *fill*         0x0800be0d        0x3 
 .rodata        0x0800be10       0x1c ./Drivers/STM32WLxx_HAL_Driver/Src/stm32wlxx_hal_rcc.o
 .rodata        0x0800be2c       0x7c ./Middlewares/Third_Party/SubGHz_Phy/stm32_radio_driver/radio.o
 .rodata        0x0800bea8       0x57 ./Utilities/misc/stm32_tiny_vsnprintf.o
 *(.rodata*)
 *fill*         0x0800beff        0x1 
 .rodata.UTIL_PowerDriver
                0x0800bf00       0x18 ./Core/Src/stm32_lpm_if.o
                0x0800bf00                UTIL_PowerDriver
 .rodata.AHBPrescTable
                0x0800bf18       0x40 ./Core/Src/system_stm32wlxx.o
                0x0800bf18                AHBPrescTable
 .rodata.APBPrescTable
                0x0800bf58       0x20 ./Core/Src/system_stm32wlxx.o
                0x0800bf58                APBPrescTable
 .rodata.MSIRangeTable
                0x0800bf78       0x40 ./Core/Src/system_stm32wlxx.o
                0x0800bf78                MSIRangeTable
 .rodata.UTIL_TimerDriver
                0x0800bfb8       0x2c ./Core/Src/timer_if.o
                0x0800bfb8                UTIL_TimerDriver
 .rodata.UTIL_SYSTIMDriver
                0x0800bfe4       0x14 ./Core/Src/timer_if.o
                0x0800bfe4                UTIL_SYSTIMDriver
 .rodata.UTIL_TraceDriver
                0x0800bff8       0x10 ./Core/Src/usart_if.o
                0x0800bff8                UTIL_TraceDriver
 .rodata.UARTPrescTable
                0x0800c008       0x18 ./Drivers/STM32WLxx_HAL_Driver/Src/stm32wlxx_hal_uart.o
                0x0800c008                UARTPrescTable
 .rodata.numerator.1
                0x0800c020        0x8 ./Drivers/STM32WLxx_HAL_Driver/Src/stm32wlxx_hal_uart_ex.o
 .rodata.denominator.0
                0x0800c028        0x8 ./Drivers/STM32WLxx_HAL_Driver/Src/stm32wlxx_hal_uart_ex.o
 .rodata.Radio  0x0800c030       0x8c ./Middlewares/Third_Party/SubGHz_Phy/stm32_radio_driver/radio.o
                0x0800c030                Radio
 .rodata.Bandwidths
                0x0800c0bc        0x3 ./Middlewares/Third_Party/SubGHz_Phy/stm32_radio_driver/radio.o
                0x0800c0bc                Bandwidths
 *fill*         0x0800c0bf        0x1 
 .rodata.FskBandwidths
                0x0800c0c0       0xb0 ./Middlewares/Third_Party/SubGHz_Phy/stm32_radio_driver/radio_driver.o
 .rodata.SEQ_clz_table_4bit
                0x0800c170       0x10 ./Utilities/sequencer/stm32_seq.o
                0x0800c170                SEQ_clz_table_4bit
                0x0800c180                        . = ALIGN (0x4)

.ARM.extab      0x0800c180        0x0
                0x0800c180                        . = ALIGN (0x4)
 *(.ARM.extab* .gnu.linkonce.armextab.*)
                0x0800c180                        . = ALIGN (0x4)

.ARM            0x0800c180        0x8
                0x0800c180                        . = ALIGN (0x4)
                0x0800c180                        __exidx_start = .
 *(.ARM.exidx*)
 .ARM.exidx     0x0800c180        0x8 C:/ST/STM32CubeIDE_1.18.1/STM32CubeIDE/plugins/com.st.stm32cube.ide.mcu.externaltools.gnu-tools-for-stm32.13.3.rel1.win32_1.0.0.202411081344/tools/bin/../lib/gcc/arm-none-eabi/13.3.1/../../../../arm-none-eabi/lib/thumb/v7e-m/nofp\libc_nano.a(libc_a-strlen.o)
 .ARM.exidx     0x0800c188        0x0 C:/ST/STM32CubeIDE_1.18.1/STM32CubeIDE/plugins/com.st.stm32cube.ide.mcu.externaltools.gnu-tools-for-stm32.13.3.rel1.win32_1.0.0.202411081344/tools/bin/../lib/gcc/arm-none-eabi/13.3.1/thumb/v7e-m/nofp\libgcc.a(_udivmoddi4.o)
                                  0x8 (size before relaxing)
                0x0800c188                        __exidx_end = .
                0x0800c188                        . = ALIGN (0x4)

.preinit_array  0x0800c188        0x0
                0x0800c188                        . = ALIGN (0x4)
                0x0800c188                        PROVIDE (__preinit_array_start = .)
 *(.preinit_array*)
                0x0800c188                        PROVIDE (__preinit_array_end = .)
                0x0800c188                        . = ALIGN (0x4)

.init_array     0x0800c188        0x4
                0x0800c188                        . = ALIGN (0x4)
                0x0800c188                        PROVIDE (__init_array_start = .)
 *(SORT_BY_NAME(.init_array.*))
 *(.init_array*)
 .init_array    0x0800c188        0x4 C:/ST/STM32CubeIDE_1.18.1/STM32CubeIDE/plugins/com.st.stm32cube.ide.mcu.externaltools.gnu-tools-for-stm32.13.3.rel1.win32_1.0.0.202411081344/tools/bin/../lib/gcc/arm-none-eabi/13.3.1/thumb/v7e-m/nofp/crtbegin.o
                0x0800c18c                        PROVIDE (__init_array_end = .)
                0x0800c18c                        . = ALIGN (0x4)

.fini_array     0x0800c18c        0x4
                0x0800c18c                        . = ALIGN (0x4)
                [!provide]                        PROVIDE (__fini_array_start = .)
 *(SORT_BY_NAME(.fini_array.*))
 *(.fini_array*)
 .fini_array    0x0800c18c        0x4 C:/ST/STM32CubeIDE_1.18.1/STM32CubeIDE/plugins/com.st.stm32cube.ide.mcu.externaltools.gnu-tools-for-stm32.13.3.rel1.win32_1.0.0.202411081344/tools/bin/../lib/gcc/arm-none-eabi/13.3.1/thumb/v7e-m/nofp/crtbegin.o
                [!provide]                        PROVIDE (__fini_array_end = .)
                0x0800c190                        . = ALIGN (0x4)
                0x0800c190                        _sidata = LOADADDR (.data)

.rel.dyn        0x0800c190        0x0
 .rel.iplt      0x0800c190        0x0 C:/ST/STM32CubeIDE_1.18.1/STM32CubeIDE/plugins/com.st.stm32cube.ide.mcu.externaltools.gnu-tools-for-stm32.13.3.rel1.win32_1.0.0.202411081344/tools/bin/../lib/gcc/arm-none-eabi/13.3.1/thumb/v7e-m/nofp/crtbegin.o

.data           0x20000000       0x1c load address 0x0800c190
                0x20000000                        . = ALIGN (0x4)
                0x20000000                        _sdata = .
 *(.data)
 *(.data*)
 .data.SystemCoreClock
                0x20000000        0x4 ./Core/Src/system_stm32wlxx.o
                0x20000000                SystemCoreClock
 .data.uwTickPrio
                0x20000004        0x4 ./Drivers/STM32WLxx_HAL_Driver/Src/stm32wlxx_hal.o
                0x20000004                uwTickPrio
 .data.MaxPayloadLength
                0x20000008        0x1 ./Middlewares/Third_Party/SubGHz_Phy/stm32_radio_driver/radio.o
 *fill*         0x20000009        0x3 
 .data.lower_digits
                0x2000000c        0x4 ./Utilities/misc/stm32_tiny_vsnprintf.o
 .data.upper_digits
                0x20000010        0x4 ./Utilities/misc/stm32_tiny_vsnprintf.o
 .data.TaskMask
                0x20000014        0x4 ./Utilities/sequencer/stm32_seq.o
 .data.SuperMask
                0x20000018        0x4 ./Utilities/sequencer/stm32_seq.o
 *(.RamFunc)
 *(.RamFunc*)
                0x2000001c                        . = ALIGN (0x4)
                0x2000001c                        _edata = .

.igot.plt       0x2000001c        0x0 load address 0x0800c1ac
 .igot.plt      0x2000001c        0x0 C:/ST/STM32CubeIDE_1.18.1/STM32CubeIDE/plugins/com.st.stm32cube.ide.mcu.externaltools.gnu-tools-for-stm32.13.3.rel1.win32_1.0.0.202411081344/tools/bin/../lib/gcc/arm-none-eabi/13.3.1/thumb/v7e-m/nofp/crtbegin.o
                0x2000001c                        . = ALIGN (0x4)

.bss            0x2000001c      0x664 load address 0x0800c1ac
                0x2000001c                        _sbss = .
                0x2000001c                        __bss_start__ = _sbss
 *(.bss)
 .bss           0x2000001c       0x1c C:/ST/STM32CubeIDE_1.18.1/STM32CubeIDE/plugins/com.st.stm32cube.ide.mcu.externaltools.gnu-tools-for-stm32.13.3.rel1.win32_1.0.0.202411081344/tools/bin/../lib/gcc/arm-none-eabi/13.3.1/thumb/v7e-m/nofp/crtbegin.o
 *(.bss*)
 .bss.hrtc      0x20000038       0x38 ./Core/Src/rtc.o
                0x20000038                hrtc
 .bss.hsubghz   0x20000070        0xc ./Core/Src/subghz.o
                0x20000070                hsubghz
 .bss.SYS_TimerInitialisedFlag
                0x2000007c        0x1 ./Core/Src/sys_app.o
 .bss.RTC_Initialized
                0x2000007d        0x1 ./Core/Src/timer_if.o
 *fill*         0x2000007e        0x2 
 .bss.RtcTimerContext
                0x20000080        0x4 ./Core/Src/timer_if.o
 .bss.huart2    0x20000084       0x94 ./Core/Src/usart.o
                0x20000084                huart2
 .bss.hdma_usart2_tx
                0x20000118       0x60 ./Core/Src/usart.o
                0x20000118                hdma_usart2_tx
 .bss.charRx    0x20000178        0x1 ./Core/Src/usart_if.o
                0x20000178                charRx
 *fill*         0x20000179        0x3 
 .bss.TxCpltCallback
                0x2000017c        0x4 ./Core/Src/usart_if.o
 .bss.RxCpltCallback
                0x20000180        0x4 ./Core/Src/usart_if.o
 .bss.RadioBuffer
                0x20000184       0xff ./Middlewares/Third_Party/SubGHz_Phy/stm32_radio_driver/radio.o
 *fill*         0x20000283        0x1 
 .bss.RadioEvents
                0x20000284        0x4 ./Middlewares/Third_Party/SubGHz_Phy/stm32_radio_driver/radio.o
 .bss.SubgRf    0x20000288       0x5c ./Middlewares/Third_Party/SubGHz_Phy/stm32_radio_driver/radio.o
                0x20000288                SubgRf
 .bss.TxTimeoutTimer
                0x200002e4       0x18 ./Middlewares/Third_Party/SubGHz_Phy/stm32_radio_driver/radio.o
                0x200002e4                TxTimeoutTimer
 .bss.RxTimeoutTimer
                0x200002fc       0x18 ./Middlewares/Third_Party/SubGHz_Phy/stm32_radio_driver/radio.o
                0x200002fc                RxTimeoutTimer
 .bss.OperatingMode
                0x20000314        0x1 ./Middlewares/Third_Party/SubGHz_Phy/stm32_radio_driver/radio_driver.o
 .bss.PacketType
                0x20000315        0x1 ./Middlewares/Third_Party/SubGHz_Phy/stm32_radio_driver/radio_driver.o
 .bss.LoRaHeaderType
                0x20000316        0x1 ./Middlewares/Third_Party/SubGHz_Phy/stm32_radio_driver/radio_driver.o
 *fill*         0x20000317        0x1 
 .bss.FrequencyError
                0x20000318        0x4 ./Middlewares/Third_Party/SubGHz_Phy/stm32_radio_driver/radio_driver.o
                0x20000318                FrequencyError
 .bss.ImageCalibrated
                0x2000031c        0x1 ./Middlewares/Third_Party/SubGHz_Phy/stm32_radio_driver/radio_driver.o
 *fill*         0x2000031d        0x3 
 .bss.RadioOnDioIrqCb
                0x20000320        0x4 ./Middlewares/Third_Party/SubGHz_Phy/stm32_radio_driver/radio_driver.o
 .bss.RadioEvents
                0x20000324       0x1c ./SubGHz_Phy/App/subghz_phy_app.o
 .bss.StopModeDisable
                0x20000340        0x4 ./Utilities/lpm/tiny_lpm/stm32_lpm.o
 .bss.OffModeDisable
                0x20000344        0x4 ./Utilities/lpm/tiny_lpm/stm32_lpm.o
 .bss.TaskSet   0x20000348        0x4 ./Utilities/sequencer/stm32_seq.o
 .bss.EvtSet    0x2000034c        0x4 ./Utilities/sequencer/stm32_seq.o
 .bss.EvtWaited
                0x20000350        0x4 ./Utilities/sequencer/stm32_seq.o
 .bss.CurrentTaskIdx
                0x20000354        0x4 ./Utilities/sequencer/stm32_seq.o
 .bss.TaskCb    0x20000358        0x4 ./Utilities/sequencer/stm32_seq.o
 .bss.TaskPrio  0x2000035c        0x8 ./Utilities/sequencer/stm32_seq.o
 .bss.TimerListHead
                0x20000364        0x4 ./Utilities/timer/stm32_timer.o
 .bss.ADV_TRACE_Ctx